Component: ARM Compiler 5.06 update 6 (build 750) Tool: armlink [4d35ed]

==============================================================================

Section Cross References

    main.o(i.ClC_WatchDogTask) refers to gpio.o(i.GPIO_PinReverse) for GPIO_PinReverse
    main.o(i.Delay) refers to main.o(.data) for .data
    main.o(i.Init_Devices) refers to misc.o(i.NVIC_PriorityGroupConfig) for NVIC_PriorityGroupConfig
    main.o(i.Init_Devices) refers to gpio.o(i.GPIO_Configuration) for GPIO_Configuration
    main.o(i.Init_Devices) refers to main.o(i.Init_SysTick) for Init_SysTick
    main.o(i.Init_Devices) refers to uart.o(i.UART1_Configuration) for UART1_Configuration
    main.o(i.Init_Parameter) refers to iflash.o(i.EERead) for EERead
    main.o(i.Init_Parameter) refers to iflash.o(i.EEErase) for EEErase
    main.o(i.Init_Parameter) refers to iflash.o(i.EEWrite) for EEWrite
    main.o(i.Init_Parameter) refers to modbus.o(i.Get_SNInfo_Fun) for Get_SNInfo_Fun
    main.o(i.Init_Parameter) refers to modbus.o(.bss) for KeepRegister
    main.o(i.Init_SysTick) refers to main.o(i.NVIC_SetPriority) for NVIC_SetPriority
    main.o(i.Init_SysTick) refers to system_stm32l1xx.o(.data) for SystemCoreClock
    main.o(i.main) refers to main.o(i.Init_Devices) for Init_Devices
    main.o(i.main) refers to main.o(i.Init_Parameter) for Init_Parameter
    main.o(i.main) refers to main.o(i.ClC_WatchDogTask) for ClC_WatchDogTask
    main.o(i.main) refers to main.o(i.Delay) for Delay
    main.o(i.main) refers to hmc5883.o(i.HMC5883L_Init) for HMC5883L_Init
    main.o(i.main) refers to adxl355.o(i.ADXL355_Init) for ADXL355_Init
    main.o(i.main) refers to stm32l1xx_gpio.o(i.GPIO_ResetBits) for GPIO_ResetBits
    main.o(i.main) refers to hmc5883.o(i.HMC5883L_CheckID) for HMC5883L_CheckID
    main.o(i.main) refers to stm32l1xx_gpio.o(i.GPIO_SetBits) for GPIO_SetBits
    main.o(i.main) refers to printf1.o(i.__0printf$1) for __2printf
    main.o(i.main) refers to modbus.o(i.ProcessTask) for ProcessTask
    main.o(i.main) refers to main.o(.data) for .data
    main.o(i.main) refers to modbus.o(.bss) for KeepRegister
    stm32l1xx_it.o(i.I2C1_EV_IRQHandler) refers to stm32l1xx_i2c.o(i.I2C_GetITStatus) for I2C_GetITStatus
    stm32l1xx_it.o(i.I2C1_EV_IRQHandler) refers to stm32l1xx_i2c.o(i.I2C_ClearITPendingBit) for I2C_ClearITPendingBit
    stm32l1xx_it.o(i.SysTick_Handler) refers to main.o(.data) for TimingDelay
    stm32l1xx_it.o(i.SysTick_Handler) refers to main.o(.data) for SysTick_Count
    stm32l1xx_it.o(i.SysTick_Handler) refers to stm32l1xx_it.o(.data) for .data
    stm32l1xx_it.o(i.SysTick_Handler) refers to modbus.o(.bss) for InputRegister
    stm32l1xx_it.o(i.SysTick_Handler) refers to main.o(.data) for WorkTime
    stm32l1xx_it.o(i.SysTick_Handler) refers to main.o(.data) for Temp_Count
    stm32l1xx_it.o(i.SysTick_Handler) refers to main.o(.data) for WorkTimeOutFlag
    stm32l1xx_it.o(i.SysTick_Handler) refers to main.o(.data) for Temp_Flag
    stm32l1xx_it.o(i.SysTick_Handler) refers to uart.o(.data) for ModbusIntervalTime
    stm32l1xx_it.o(i.SysTick_Handler) refers to modbus.o(.data) for Modbus_FreeFlag
    stm32l1xx_it.o(i.USART1_IRQHandler) refers to stm32l1xx_usart.o(i.USART_GetITStatus) for USART_GetITStatus
    stm32l1xx_it.o(i.USART1_IRQHandler) refers to stm32l1xx_usart.o(i.USART_ReceiveData) for USART_ReceiveData
    stm32l1xx_it.o(i.USART1_IRQHandler) refers to stm32l1xx_usart.o(i.USART_ClearITPendingBit) for USART_ClearITPendingBit
    stm32l1xx_it.o(i.USART1_IRQHandler) refers to uart.o(.bss) for uart1_rbuf
    stm32l1xx_it.o(i.USART1_IRQHandler) refers to modbus.o(.data) for Modbus_BusyFlag
    stm32l1xx_it.o(i.USART1_IRQHandler) refers to modbus.o(.data) for Modbus_FreeFlag
    stm32l1xx_it.o(i.USART1_IRQHandler) refers to modbus.o(.bss) for ModbusDataPackage
    stm32l1xx_it.o(i.USART1_IRQHandler) refers to uart.o(.data) for ModbusIntervalTime
    stm32l1xx_it.o(i.USART2_IRQHandler) refers to stm32l1xx_usart.o(i.USART_GetITStatus) for USART_GetITStatus
    stm32l1xx_it.o(i.USART2_IRQHandler) refers to stm32l1xx_usart.o(i.USART_ReceiveData) for USART_ReceiveData
    stm32l1xx_it.o(i.USART2_IRQHandler) refers to stm32l1xx_usart.o(i.USART_ClearITPendingBit) for USART_ClearITPendingBit
    stm32l1xx_it.o(i.USART2_IRQHandler) refers to uart.o(.bss) for uart2_rbuf
    stm32l1xx_it.o(i.USART2_IRQHandler) refers to uart.o(.data) for Uart1Flag
    stm32l1xx_it.o(i.USART2_IRQHandler) refers to uart.o(.data) for USART2_INTERVAL_TIME
    stm32l1xx_it.o(i.USART3_IRQHandler) refers to stm32l1xx_usart.o(i.USART_GetITStatus) for USART_GetITStatus
    stm32l1xx_it.o(i.USART3_IRQHandler) refers to stm32l1xx_usart.o(i.USART_ReceiveData) for USART_ReceiveData
    stm32l1xx_it.o(i.USART3_IRQHandler) refers to stm32l1xx_usart.o(i.USART_ClearITPendingBit) for USART_ClearITPendingBit
    stm32l1xx_it.o(i.USART3_IRQHandler) refers to uart.o(.bss) for uart3_rbuf
[...]
    ../clib/microlib/printf/stubs.s          0x00000000   Number         0  stubs.o ABSOLUTE
    ../clib/microlib/stdio/streams.c         0x00000000   Number         0  stdout.o ABSOLUTE
    ../clib/microlib/string/memcpy.c         0x00000000   Number         0  memcpya.o ABSOLUTE
    ../clib/microlib/string/memcpy.c         0x00000000   Number         0  memcpyb.o ABSOLUTE
    ../clib/microlib/string/memset.c         0x00000000   Number         0  memseta.o ABSOLUTE
    ../clib/microlib/string/strncmp.c        0x00000000   Number         0  strncmp.o ABSOLUTE
    ../clib/microlib/stubs.s                 0x00000000   Number         0  iusefp.o ABSOLUTE
    ../fplib/microlib/d2f.c                  0x00000000   Number         0  d2f.o ABSOLUTE
    ../fplib/microlib/f2d.c                  0x00000000   Number         0  f2d.o ABSOLUTE
    ../fplib/microlib/fpadd.c                0x00000000   Number         0  dadd.o ABSOLUTE
    ../fplib/microlib/fpadd.c                0x00000000   Number         0  fadd.o ABSOLUTE
    ../fplib/microlib/fpdiv.c                0x00000000   Number         0  ddiv.o ABSOLUTE
    ../fplib/microlib/fpdiv.c                0x00000000   Number         0  fdiv.o ABSOLUTE
    ../fplib/microlib/fpepilogue.c           0x00000000   Number         0  depilogue.o ABSOLUTE
    ../fplib/microlib/fpepilogue.c           0x00000000   Number         0  fepilogue.o ABSOLUTE
    ../fplib/microlib/fpfix.c                0x00000000   Number         0  dfixi.o ABSOLUTE
    ../fplib/microlib/fpfix.c                0x00000000   Number         0  dfixul.o ABSOLUTE
    ../fplib/microlib/fpflt.c                0x00000000   Number         0  fflti.o ABSOLUTE
    ../fplib/microlib/fpflt.c                0x00000000   Number         0  dfltui.o ABSOLUTE
    ../fplib/microlib/fpflt.c                0x00000000   Number         0  ffltui.o ABSOLUTE
    ../fplib/microlib/fpflt.c                0x00000000   Number         0  dflti.o ABSOLUTE
    ../fplib/microlib/fpmul.c                0x00000000   Number         0  dmul.o ABSOLUTE
    ../fplib/microlib/fpmul.c                0x00000000   Number         0  fmul.o ABSOLUTE
    ../fplib/microlib/fpscalb.c              0x00000000   Number         0  dscalb.o ABSOLUTE
    ../mathlib/atan.c                        0x00000000   Number         0  atan.o ABSOLUTE
    ../mathlib/atan.c                        0x00000000   Number         0  atan_x.o ABSOLUTE
    ../mathlib/atan2.c                       0x00000000   Number         0  atan2_x.o ABSOLUTE
    ../mathlib/atan2.c                       0x00000000   Number         0  atan2.o ABSOLUTE
    ../mathlib/cos.c                         0x00000000   Number         0  cos_x.o ABSOLUTE
    ../mathlib/cos.c                         0x00000000   Number         0  cos.o ABSOLUTE
    ../mathlib/cos_i.c                       0x00000000   Number         0  cos_i.o ABSOLUTE
    ../mathlib/dunder.c                      0x00000000   Number         0  dunder.o ABSOLUTE
    ../mathlib/fpclassify.c                  0x00000000   Number         0  fpclassify.o ABSOLUTE
    ../mathlib/poly.c                        0x00000000   Number         0  poly.o ABSOLUTE
    ../mathlib/qnan.c                        0x00000000   Number         0  qnan.o ABSOLUTE
    ../mathlib/rred.c                        0x00000000   Number         0  rred.o ABSOLUTE
    ../mathlib/sin.c                         0x00000000   Number         0  sin_x.o ABSOLUTE
    ../mathlib/sin.c                         0x00000000   Number         0  sin.o ABSOLUTE
    ../mathlib/sin_i.c                       0x00000000   Number         0  sin_i.o ABSOLUTE
    ../mathlib/sin_i.c                       0x00000000   Number         0  sin_i_x.o ABSOLUTE
    CMSIS\startup\arm\startup_stm32l1xx_md.s 0x00000000   Number         0  startup_stm32l1xx_md.o ABSOLUTE
    FWlib\\src\\misc.c                       0x00000000   Number         0  misc.o ABSOLUTE
    FWlib\\src\\stm32l1xx_adc.c              0x00000000   Number         0  stm32l1xx_adc.o ABSOLUTE
    FWlib\\src\\stm32l1xx_aes.c              0x00000000   Number         0  stm32l1xx_aes.o ABSOLUTE
    FWlib\\src\\stm32l1xx_aes_util.c         0x00000000   Number         0  stm32l1xx_aes_util.o ABSOLUTE
    FWlib\\src\\stm32l1xx_comp.c             0x00000000   Number         0  stm32l1xx_comp.o ABSOLUTE
    FWlib\\src\\stm32l1xx_crc.c              0x00000000   Number         0  stm32l1xx_crc.o ABSOLUTE
    FWlib\\src\\stm32l1xx_dac.c              0x00000000   Number         0  stm32l1xx_dac.o ABSOLUTE
    FWlib\\src\\stm32l1xx_dbgmcu.c           0x00000000   Number         0  stm32l1xx_dbgmcu.o ABSOLUTE
    FWlib\\src\\stm32l1xx_dma.c              0x00000000   Number         0  stm32l1xx_dma.o ABSOLUTE
    FWlib\\src\\stm32l1xx_exti.c             0x00000000   Number         0  stm32l1xx_exti.o ABSOLUTE
    FWlib\\src\\stm32l1xx_flash.c            0x00000000   Number         0  stm32l1xx_flash.o ABSOLUTE
    FWlib\\src\\stm32l1xx_flash_ramfunc.c    0x00000000   Number         0  stm32l1xx_flash_ramfunc.o ABSOLUTE
    FWlib\\src\\stm32l1xx_fsmc.c             0x00000000   Number         0  stm32l1xx_fsmc.o ABSOLUTE
    FWlib\\src\\stm32l1xx_gpio.c             0x00000000   Number         0  stm32l1xx_gpio.o ABSOLUTE
    FWlib\\src\\stm32l1xx_i2c.c              0x00000000   Number         0  stm32l1xx_i2c.o ABSOLUTE
    FWlib\\src\\stm32l1xx_iwdg.c             0x00000000   Number         0  stm32l1xx_iwdg.o ABSOLUTE
    FWlib\\src\\stm32l1xx_lcd.c              0x00000000   Number         0  stm32l1xx_lcd.o ABSOLUTE
    FWlib\\src\\stm32l1xx_opamp.c            0x00000000   Number         0  stm32l1xx_opamp.o ABSOLUTE
    FWlib\\src\\stm32l1xx_pwr.c              0x00000000   Number         0  stm32l1xx_pwr.o ABSOLUTE
    FWlib\\src\\stm32l1xx_rcc.c              0x00000000   Number         0  stm32l1xx_rcc.o ABSOLUTE
    FWlib\\src\\stm32l1xx_rtc.c              0x00000000   Number         0  stm32l1xx_rtc.o ABSOLUTE
    FWlib\\src\\stm32l1xx_sdio.c             0x00000000   Number         0  stm32l1xx_sdio.o ABSOLUTE
    FWlib\\src\\stm32l1xx_spi.c              0x00000000   Number         0  stm32l1xx_spi.o ABSOLUTE
    FWlib\\src\\stm32l1xx_syscfg.c           0x00000000   Number         0  stm32l1xx_syscfg.o ABSOLUTE
    FWlib\\src\\stm32l1xx_tim.c              0x00000000   Number         0  stm32l1xx_tim.o ABSOLUTE
    FWlib\\src\\stm32l1xx_usart.c            0x00000000   Number         0  stm32l1xx_usart.o ABSOLUTE
    FWlib\\src\\stm32l1xx_wwdg.c             0x00000000   Number         0  stm32l1xx_wwdg.o ABSOLUTE
    FWlib\src\misc.c                         0x00000000   Number         0  misc.o ABSOLUTE
    FWlib\src\stm32l1xx_adc.c                0x00000000   Number         0  stm32l1xx_adc.o ABSOLUTE
    FWlib\src\stm32l1xx_aes.c                0x00000000   Number         0  stm32l1xx_aes.o ABSOLUTE
    FWlib\src\stm32l1xx_aes_util.c           0x00000000   Number         0  stm32l1xx_aes_util.o ABSOLUTE
    FWlib\src\stm32l1xx_comp.c               0x00000000   Number         0  stm32l1xx_comp.o ABSOLUTE
    FWlib\src\stm32l1xx_crc.c                0x00000000   Number         0  stm32l1xx_crc.o ABSOLUTE
    FWlib\src\stm32l1xx_dac.c                0x00000000   Number         0  stm32l1xx_dac.o ABSOLUTE
    FWlib\src\stm32l1xx_dbgmcu.c             0x00000000   Number         0  stm32l1xx_dbgmcu.o ABSOLUTE
    FWlib\src\stm32l1xx_dma.c                0x00000000   Number         0  stm32l1xx_dma.o ABSOLUTE
    FWlib\src\stm32l1xx_exti.c               0x00000000   Number         0  stm32l1xx_exti.o ABSOLUTE
    FWlib\src\stm32l1xx_flash.c              0x00000000   Number         0  stm32l1xx_flash.o ABSOLUTE
    FWlib\src\stm32l1xx_flash_ramfunc.c      0x00000000   Number         0  stm32l1xx_flash_ramfunc.o ABSOLUTE
    FWlib\src\stm32l1xx_fsmc.c               0x00000000   Number         0  stm32l1xx_fsmc.o ABSOLUTE
    FWlib\src\stm32l1xx_gpio.c               0x00000000   Number         0  stm32l1xx_gpio.o ABSOLUTE
    FWlib\src\stm32l1xx_i2c.c                0x00000000   Number         0  stm32l1xx_i2c.o ABSOLUTE
    FWlib\src\stm32l1xx_iwdg.c               0x00000000   Number         0  stm32l1xx_iwdg.o ABSOLUTE
    FWlib\src\stm32l1xx_lcd.c                0x00000000   Number         0  stm32l1xx_lcd.o ABSOLUTE
    FWlib\src\stm32l1xx_opamp.c              0x00000000   Number         0  stm32l1xx_opamp.o ABSOLUTE
    FWlib\src\stm32l1xx_pwr.c                0x00000000   Number         0  stm32l1xx_pwr.o ABSOLUTE
    FWlib\src\stm32l1xx_rcc.c                0x00000000   Number         0  stm32l1xx_rcc.o ABSOLUTE
    FWlib\src\stm32l1xx_rtc.c                0x00000000   Number         0  stm32l1xx_rtc.o ABSOLUTE
    FWlib\src\stm32l1xx_sdio.c               0x00000000   Number         0  stm32l1xx_sdio.o ABSOLUTE
    FWlib\src\stm32l1xx_spi.c                0x00000000   Number         0  stm32l1xx_spi.o ABSOLUTE
    FWlib\src\stm32l1xx_syscfg.c             0x00000000   Number         0  stm32l1xx_syscfg.o ABSOLUTE
    FWlib\src\stm32l1xx_tim.c                0x00000000   Number         0  stm32l1xx_tim.o ABSOLUTE
    FWlib\src\stm32l1xx_usart.c              0x00000000   Number         0  stm32l1xx_usart.o ABSOLUTE
    FWlib\src\stm32l1xx_wwdg.c               0x00000000   Number         0  stm32l1xx_wwdg.o ABSOLUTE
    User\ADXL355.c                           0x00000000   Number         0  adxl355.o ABSOLUTE
    User\HMC5883.c                           0x00000000   Number         0  hmc5883.o ABSOLUTE
    User\IFlash.c                            0x00000000   Number         0  iflash.o ABSOLUTE
    User\Modbus.c                            0x00000000   Number         0  modbus.o ABSOLUTE
    User\\ADXL355.c                          0x00000000   Number         0  adxl355.o ABSOLUTE
    User\\HMC5883.c                          0x00000000   Number         0  hmc5883.o ABSOLUTE
    User\\IFlash.c                           0x00000000   Number         0  iflash.o ABSOLUTE
    User\\Modbus.c                           0x00000000   Number         0  modbus.o ABSOLUTE
    User\\gpio.c                             0x00000000   Number         0  gpio.o ABSOLUTE
    User\\main.c                             0x00000000   Number         0  main.o ABSOLUTE
    User\\stm32l1xx_it.c                     0x00000000   Number         0  stm32l1xx_it.o ABSOLUTE
    User\\system_stm32l1xx.c                 0x00000000   Number         0  system_stm32l1xx.o ABSOLUTE
    User\\uart.c                             0x00000000   Number         0  uart.o ABSOLUTE
    User\gpio.c                              0x00000000   Number         0  gpio.o ABSOLUTE
    User\main.c                              0x00000000   Number         0  main.o ABSOLUTE
    User\stm32l1xx_it.c                      0x00000000   Number         0  stm32l1xx_it.o ABSOLUTE
    User\system_stm32l1xx.c                  0x00000000   Number         0  system_stm32l1xx.o ABSOLUTE
    User\uart.c                              0x00000000   Number         0  uart.o ABSOLUTE
    cdrcmple.s                               0x00000000   Number         0  cdrcmple.o ABSOLUTE
    cfrcmple.s                               0x00000000   Number         0  cfrcmple.o ABSOLUTE
    dc.s                                     0x00000000   Number         0  dc.o ABSOLUTE
    handlers.s                               0x00000000   Number         0  handlers.o ABSOLUTE
    init.s                                   0x00000000   Number         0  init.o ABSOLUTE
    RESET                                    0x08000000   Section      244  startup_stm32l1xx_md.o(RESET)
    .ARM.Collect$$$$00000000                 0x080000f4   Section        0  entry.o(.ARM.Collect$$$$00000000)
    .ARM.Collect$$$$00000001                 0x080000f4   Section        4  entry2.o(.ARM.Collect$$$$00000001)
    .ARM.Collect$$$$00000004                 0x080000f8   Section        4  entry5.o(.ARM.Collect$$$$00000004)
    .ARM.Collect$$$$00000008                 0x080000fc   Section        0  entry7b.o(.ARM.Collect$$$$00000008)
    .ARM.Collect$$$$0000000A                 0x080000fc   Section        0  entry8b.o(.ARM.Collect$$$$0000000A)
    .ARM.Collect$$$$0000000B                 0x080000fc   Section        8  entry9a.o(.ARM.Collect$$$$0000000B)
    .ARM.Collect$$$$0000000D                 0x08000104   Section        0  entry10a.o(.ARM.Collect$$$$0000000D)
    .ARM.Collect$$$$0000000F                 0x08000104   Section        0  entry11a.o(.ARM.Collect$$$$0000000F)
    .ARM.Collect$$$$00002712                 0x08000104   Section        4  entry2.o(.ARM.Collect$$$$00002712)
    __lit__00000000                          0x08000104   Data           4  entry2.o(.ARM.Collect$$$$00002712)
    .text                                    0x08000108   Section       36  startup_stm32l1xx_md.o(.text)
    .text                                    0x0800012c   Section        0  memcpya.o(.text)
    .text                                    0x08000150   Section        0  memseta.o(.text)
    .text                                    0x08000174   Section        0  strncmp.o(.text)
    .text                                    0x08000192   Section        0  fadd.o(.text)
    .text                                    0x08000242   Section        0  fmul.o(.text)
    .text                                    0x080002a6   Section        0  fdiv.o(.text)
    .text                                    0x08000322   Section        0  dadd.o(.text)
    .text                                    0x08000470   Section        0  dmul.o(.text)
    .text                                    0x08000554   Section        0  ddiv.o(.text)
    .text                                    0x08000632   Section        0  dscalb.o(.text)
    .text                                    0x08000660   Section        0  fflti.o(.text)
    .text                                    0x08000672   Section        0  ffltui.o(.text)
    .text                                    0x0800067c   Section        0  dflti.o(.text)
    .text                                    0x0800069e   Section        0  dfltui.o(.text)
    .text                                    0x080006b8   Section        0  f2d.o(.text)
    .text                                    0x080006de   Section        0  d2f.o(.text)
    .text                                    0x08000718   Section       20  cfrcmple.o(.text)
    .text                                    0x0800072c   Section        0  uidiv.o(.text)
    .text                                    0x08000758   Section        0  llshl.o(.text)
    .text                                    0x08000776   Section        0  llsshr.o(.text)
    .text                                    0x0800079a   Section        0  fepilogue.o(.text)
    .text                                    0x0800079a   Section        0  iusefp.o(.text)
    .text                                    0x08000808   Section        0  depilogue.o(.text)
    .text                                    0x080008c4   Section       36  init.o(.text)
    .text                                    0x080008e8   Section        0  llushr.o(.text)
    .text                                    0x08000908   Section        0  dfixi.o(.text)
    i.ADXL355_Init                           0x08000946   Section        0  adxl355.o(i.ADXL355_Init)
    i.ADXL355_ReadREG                        0x0800098c   Section        0  adxl355.o(i.ADXL355_ReadREG)
    i.ADXL355_Samp50_Task                    0x080009c8   Section        0  adxl355.o(i.ADXL355_Samp50_Task)
    i.ADXL355_WriteReg                       0x08000c10   Section        0  adxl355.o(i.ADXL355_WriteReg)
    i.BusFault_Handler                       0x08000c4c   Section        0  stm32l1xx_it.o(i.BusFault_Handler)
    i.CRC16_Check                            0x08000c4e   Section        0  modbus.o(i.CRC16_Check)
    i.ClC_WatchDogTask                       0x08000c84   Section        0  main.o(i.ClC_WatchDogTask)
    i.DATA_EEPROM_Lock                       0x08000c90   Section        0  stm32l1xx_flash.o(i.DATA_EEPROM_Lock)
    i.DATA_EEPROM_Unlock                     0x08000ca0   Section        0  stm32l1xx_flash.o(i.DATA_EEPROM_Unlock)
    i.DebugMon_Handler                       0x08000cc4   Section        0  stm32l1xx_it.o(i.DebugMon_Handler)
    i.Delay                                  0x08000cc8   Section        0  main.o(i.Delay)
    i.EEErase                                0x08000cdc   Section        0  iflash.o(i.EEErase)
    i.EERead                                 0x08000d00   Section        0  iflash.o(i.EERead)
    i.EERead_Z                               0x08000d34   Section        0  iflash.o(i.EERead_Z)
    i.EEWrite                                0x08000d68   Section        0  iflash.o(i.EEWrite)
    i.Euler_Solution                         0x08000da4   Section        0  modbus.o(i.Euler_Solution)
    i.FLASH_GetStatus                        0x08000f10   Section        0  stm32l1xx_flash.o(i.FLASH_GetStatus)
    i.GPIO_Configuration                     0x08000f38   Section        0  gpio.o(i.GPIO_Configuration)
    i.GPIO_Init                              0x08000f94   Section        0  stm32l1xx_gpio.o(i.GPIO_Init)
    i.GPIO_PinAFConfig                       0x08001002   Section        0  stm32l1xx_gpio.o(i.GPIO_PinAFConfig)
    i.GPIO_PinReverse                        0x08001022   Section        0  gpio.o(i.GPIO_PinReverse)
    i.GPIO_ReadInputDataBit                  0x0800102a   Section        0  stm32l1xx_gpio.o(i.GPIO_ReadInputDataBit)
    i.GPIO_ResetBits                         0x08001038   Section        0  stm32l1xx_gpio.o(i.GPIO_ResetBits)
    i.GPIO_SetBits                           0x0800103c   Section        0  stm32l1xx_gpio.o(i.GPIO_SetBits)
    i.Get_SNInfo_Fun                         0x08001040   Section        0  modbus.o(i.Get_SNInfo_Fun)
    i.HMC5883L_CheckID                       0x0800107c   Section        0  hmc5883.o(i.HMC5883L_CheckID)
    i.HMC5883L_I2CRead                       0x08001090   Section        0  hmc5883.o(i.HMC5883L_I2CRead)
    i.HMC5883L_I2CWrite                      0x08001214   Section        0  hmc5883.o(i.HMC5883L_I2CWrite)
    i.HMC5883L_Init                          0x08001320   Section        0  hmc5883.o(i.HMC5883L_Init)
    i.HMC5883L_MAG_TASK                      0x08001324   Section        0  hmc5883.o(i.HMC5883L_MAG_TASK)
    i.HMC5883L_SetMode                       0x0800157c   Section        0  hmc5883.o(i.HMC5883L_SetMode)
    i.HMC5883L_Task                          0x080015b0   Section        0  hmc5883.o(i.HMC5883L_Task)
    i.HMC5883_Offset                         0x08001644   Section        0  modbus.o(i.HMC5883_Offset)
    i.HardFault_Handler                      0x0800172c   Section        0  stm32l1xx_it.o(i.HardFault_Handler)
    i.I2C1_EV_IRQHandler                     0x08001730   Section        0  stm32l1xx_it.o(i.I2C1_EV_IRQHandler)
    i.I2C1_Init                              0x080017e8   Section        0  hmc5883.o(i.I2C1_Init)
    i.I2C_AcknowledgeConfig                  0x080018c0   Section        0  stm32l1xx_i2c.o(i.I2C_AcknowledgeConfig)
    i.I2C_CheckEvent                         0x080018d4   Section        0  stm32l1xx_i2c.o(i.I2C_CheckEvent)
    i.I2C_ClearITPendingBit                  0x080018ec   Section        0  stm32l1xx_i2c.o(i.I2C_ClearITPendingBit)
    i.I2C_Cmd                                0x080018f2   Section        0  stm32l1xx_i2c.o(i.I2C_Cmd)
    i.I2C_DeInit                             0x08001908   Section        0  stm32l1xx_i2c.o(i.I2C_DeInit)
    i.I2C_GenerateSTART                      0x08001934   Section        0  stm32l1xx_i2c.o(i.I2C_GenerateSTART)
    i.I2C_GenerateSTOP                       0x08001948   Section        0  stm32l1xx_i2c.o(i.I2C_GenerateSTOP)
    i.I2C_GetFlagStatus                      0x0800195c   Section        0  stm32l1xx_i2c.o(i.I2C_GetFlagStatus)
    i.I2C_GetITStatus                        0x08001986   Section        0  stm32l1xx_i2c.o(i.I2C_GetITStatus)
    i.I2C_ITConfig                           0x080019aa   Section        0  stm32l1xx_i2c.o(i.I2C_ITConfig)
    i.I2C_Init                               0x080019bc   Section        0  stm32l1xx_i2c.o(i.I2C_Init)
    i.I2C_ReceiveData                        0x08001a74   Section        0  stm32l1xx_i2c.o(i.I2C_ReceiveData)
    i.I2C_Send7bitAddress                    0x08001a7a   Section        0  stm32l1xx_i2c.o(i.I2C_Send7bitAddress)
    i.I2C_SendData                           0x08001a8a   Section        0  stm32l1xx_i2c.o(i.I2C_SendData)
    i.Init_Devices                           0x08001a8e   Section        0  main.o(i.Init_Devices)
    i.Init_Parameter                         0x08001aac   Section        0  main.o(i.Init_Parameter)
    i.Init_SysTick                           0x08001b68   Section        0  main.o(i.Init_SysTick)
    i.InputRegistorDataHton                  0x08001ba8   Section        0  modbus.o(i.InputRegistorDataHton)
    i.InstructionTask                        0x08001cd0   Section        0  modbus.o(i.InstructionTask)
    i.KeepRegistorDataHton                   0x08001dc4   Section        0  modbus.o(i.KeepRegistorDataHton)
    i.MemManage_Handler                      0x08001e88   Section        0  stm32l1xx_it.o(i.MemManage_Handler)
    i.ModbusReadInputRegistor                0x08001e8c   Section        0  modbus.o(i.ModbusReadInputRegistor)
    i.ModbusReadKeepRegistor                 0x08001ff8   Section        0  modbus.o(i.ModbusReadKeepRegistor)
    i.ModbusReturnAckInfo                    0x080020e4   Section        0  modbus.o(i.ModbusReturnAckInfo)
    i.ModbusSetInitalValue                   0x08002128   Section        0  modbus.o(i.ModbusSetInitalValue)
    i.ModbusWriteSingleRegistor              0x080021e0   Section        0  modbus.o(i.ModbusWriteSingleRegistor)
    i.ModbusWriteSomeRegistor                0x080022e8   Section        0  modbus.o(i.ModbusWriteSomeRegistor)
    i.NMI_Handler                            0x08002564   Section        0  stm32l1xx_it.o(i.NMI_Handler)
    i.NVIC_Init                              0x08002568   Section        0  misc.o(i.NVIC_Init)
    i.NVIC_PriorityGroupConfig               0x080025cc   Section        0  misc.o(i.NVIC_PriorityGroupConfig)
    i.NVIC_SetPriority                       0x080025e0   Section        0  main.o(i.NVIC_SetPriority)
    NVIC_SetPriority                         0x080025e1   Thumb Code    32  main.o(i.NVIC_SetPriority)
    i.PendSV_Handler                         0x08002600   Section        0  stm32l1xx_it.o(i.PendSV_Handler)
    i.ProcessTask                            0x08002604   Section        0  modbus.o(i.ProcessTask)
    i.RCC_AHBPeriphClockCmd                  0x08002968   Section        0  stm32l1xx_rcc.o(i.RCC_AHBPeriphClockCmd)
    i.RCC_APB1PeriphClockCmd                 0x08002980   Section        0  stm32l1xx_rcc.o(i.RCC_APB1PeriphClockCmd)
    i.RCC_APB1PeriphResetCmd                 0x08002998   Section        0  stm32l1xx_rcc.o(i.RCC_APB1PeriphResetCmd)
    i.RCC_APB2PeriphClockCmd                 0x080029b0   Section        0  stm32l1xx_rcc.o(i.RCC_APB2PeriphClockCmd)
    i.RCC_APB2PeriphResetCmd                 0x080029c8   Section        0  stm32l1xx_rcc.o(i.RCC_APB2PeriphResetCmd)
    i.RCC_GetClocksFreq                      0x080029e0   Section        0  stm32l1xx_rcc.o(i.RCC_GetClocksFreq)
    i.ResetSoftware                          0x08002a88   Section        0  modbus.o(i.ResetSoftware)
    i.SPI2_Configuration                     0x08002b14   Section        0  adxl355.o(i.SPI2_Configuration)
    i.SPI2_ReadByte                          0x08002c14   Section        0  adxl355.o(i.SPI2_ReadByte)
    i.SPI2_WriteByte                         0x08002c1c   Section        0  adxl355.o(i.SPI2_WriteByte)
    i.SPI_Cmd                                0x08002c50   Section        0  stm32l1xx_spi.o(i.SPI_Cmd)
    i.SPI_I2S_DeInit                         0x08002c64   Section        0  stm32l1xx_spi.o(i.SPI_I2S_DeInit)
    i.SPI_I2S_GetFlagStatus                  0x08002cb8   Section        0  stm32l1xx_spi.o(i.SPI_I2S_GetFlagStatus)
    i.SPI_I2S_ReceiveData                    0x08002cc6   Section        0  stm32l1xx_spi.o(i.SPI_I2S_ReceiveData)
    i.SPI_I2S_SendData                       0x08002cca   Section        0  stm32l1xx_spi.o(i.SPI_I2S_SendData)
    i.SPI_Init                               0x08002cce   Section        0  stm32l1xx_spi.o(i.SPI_Init)
    i.SVC_Handler                            0x08002d06   Section        0  stm32l1xx_it.o(i.SVC_Handler)
    i.SetSysClock                            0x08002d08   Section        0  system_stm32l1xx.o(i.SetSysClock)
    SetSysClock                              0x08002d09   Thumb Code   184  system_stm32l1xx.o(i.SetSysClock)
    i.SysTick_Handler                        0x08002dcc   Section        0  stm32l1xx_it.o(i.SysTick_Handler)
    i.SystemInit                             0x08002e98   Section        0  system_stm32l1xx.o(i.SystemInit)
    i.U485SendData                           0x08002eec   Section        0  uart.o(i.U485SendData)
    i.UART1_Configuration                    0x08002f20   Section        0  uart.o(i.UART1_Configuration)
    i.USART1_ClearBuf_Flag                   0x08002fd8   Section        0  uart.o(i.USART1_ClearBuf_Flag)
    i.USART1_GetChar                         0x08002ff0   Section        0  uart.o(i.USART1_GetChar)
    i.USART1_GetCharBlock                    0x0800300c   Section        0  uart.o(i.USART1_GetCharBlock)
    i.USART1_IRQHandler                      0x08003038   Section        0  stm32l1xx_it.o(i.USART1_IRQHandler)
    i.USART2_IRQHandler                      0x080030c4   Section        0  stm32l1xx_it.o(i.USART2_IRQHandler)
    i.USART3_IRQHandler                      0x08003144   Section        0  stm32l1xx_it.o(i.USART3_IRQHandler)
    i.USART_ClearFlag                        0x080031c4   Section        0  stm32l1xx_usart.o(i.USART_ClearFlag)
    i.USART_ClearITPendingBit                0x080031ca   Section        0  stm32l1xx_usart.o(i.USART_ClearITPendingBit)
    i.USART_Cmd                              0x080031d6   Section        0  stm32l1xx_usart.o(i.USART_Cmd)
    i.USART_GetFlagStatus                    0x080031ea   Section        0  stm32l1xx_usart.o(i.USART_GetFlagStatus)
    i.USART_GetITStatus                      0x080031f8   Section        0  stm32l1xx_usart.o(i.USART_GetITStatus)
    i.USART_ITConfig                         0x08003236   Section        0  stm32l1xx_usart.o(i.USART_ITConfig)
    i.USART_Init                             0x08003268   Section        0  stm32l1xx_usart.o(i.USART_Init)
    i.USART_PutChar                          0x0800330c   Section        0  uart.o(i.USART_PutChar)
    i.USART_PutData                          0x0800333c   Section        0  uart.o(i.USART_PutData)
    i.USART_ReceiveData                      0x0800335e   Section        0  stm32l1xx_usart.o(i.USART_ReceiveData)
    i.USART_SendData                         0x08003366   Section        0  stm32l1xx_usart.o(i.USART_SendData)
    i.UsageFault_Handler                     0x0800336e   Section        0  stm32l1xx_it.o(i.UsageFault_Handler)
    i.__0printf$1                            0x08003370   Section        0  printf1.o(i.__0printf$1)
    i.__ARM_fpclassify                       0x08003390   Section        0  fpclassify.o(i.__ARM_fpclassify)
    i.__ieee754_rem_pio2                     0x080033b8   Section        0  rred.o(i.__ieee754_rem_pio2)
    i.__kernel_cos                           0x08003740   Section        0  cos_i.o(i.__kernel_cos)
    i.__kernel_poly                          0x0800383c   Section        0  poly.o(i.__kernel_poly)
    i.__kernel_sin                           0x080038e8   Section        0  sin_i.o(i.__kernel_sin)
    i.__ltobf                                0x080039d4   Section        0  modbus.o(i.__ltobf)
    __ltobf                                  0x080039d5   Thumb Code    26  modbus.o(i.__ltobf)
    i.__mathlib_dbl_infnan                   0x080039ee   Section        0  dunder.o(i.__mathlib_dbl_infnan)
    i.__mathlib_dbl_infnan2                  0x080039f4   Section        0  dunder.o(i.__mathlib_dbl_infnan2)
    i.__mathlib_dbl_invalid                  0x080039f8   Section        0  dunder.o(i.__mathlib_dbl_invalid)
    i.__mathlib_dbl_underflow                0x08003a04   Section        0  dunder.o(i.__mathlib_dbl_underflow)
    i.__scatterload_copy                     0x08003a14   Section       14  handlers.o(i.__scatterload_copy)
    i.__scatterload_null                     0x08003a22   Section        2  handlers.o(i.__scatterload_null)
    i.__scatterload_zeroinit                 0x08003a24   Section       14  handlers.o(i.__scatterload_zeroinit)
    i.__set_errno                            0x08003a34   Section        0  errno.o(i.__set_errno)
    i._printf_core                           0x08003a40   Section        0  printf1.o(i._printf_core)
    _printf_core                             0x08003a41   Thumb Code   336  printf1.o(i._printf_core)
    i.atan                                   0x08003b94   Section        0  atan.o(i.atan)
    i.atan2                                  0x08003db4   Section        0  atan2.o(i.atan2)
    i.cos                                    0x08003f34   Section        0  cos.o(i.cos)
    i.fputc                                  0x08003fd0   Section        0  uart.o(i.fputc)
    i.main                                   0x08003fe4   Section        0  main.o(i.main)
    i.sin                                    0x080040bc   Section        0  sin.o(i.sin)
    .constdata                               0x0800415c   Section        8  modbus.o(.constdata)
    .constdata                               0x08004168   Section      152  atan.o(.constdata)
    atanhi                                   0x08004168   Data          32  atan.o(.constdata)
    atanlo                                   0x08004188   Data          32  atan.o(.constdata)
    aTodd                                    0x080041a8   Data          40  atan.o(.constdata)
    aTeven                                   0x080041d0   Data          48  atan.o(.constdata)
    .constdata                               0x08004200   Section       48  cos_i.o(.constdata)
    C                                        0x08004200   Data          48  cos_i.o(.constdata)
    .constdata                               0x08004230   Section        8  qnan.o(.constdata)
    .constdata                               0x08004238   Section      200  rred.o(.constdata)
    pio2s                                    0x08004238   Data          48  rred.o(.constdata)
    twooverpi                                0x08004268   Data         152  rred.o(.constdata)
    .constdata                               0x08004300   Section       40  sin_i.o(.constdata)
    S                                        0x08004300   Data          40  sin_i.o(.constdata)
    .data                                    0x20000000   Section        8  main.o(.data)
    .data                                    0x20000008   Section        4  main.o(.data)
    .data                                    0x2000000c   Section        4  main.o(.data)
    .data                                    0x20000010   Section        1  main.o(.data)
    .data                                    0x20000011   Section        1  main.o(.data)
    .data                                    0x20000014   Section        4  main.o(.data)
    .data                                    0x20000018   Section        4  stm32l1xx_it.o(.data)
    .data                                    0x2000001c   Section        1  uart.o(.data)
    .data                                    0x2000001d   Section        6  uart.o(.data)
    .data                                    0x20000023   Section        1  uart.o(.data)
    .data                                    0x20000024   Section        1  uart.o(.data)
    .data                                    0x20000028   Section        4  hmc5883.o(.data)
    .data                                    0x2000002c   Section        1  modbus.o(.data)
    .data                                    0x2000002d   Section        1  modbus.o(.data)
    .data                                    0x2000002e   Section       25  stm32l1xx_rcc.o(.data)
    PLLMulTable                              0x2000002e   Data           9  stm32l1xx_rcc.o(.data)
    APBAHBPrescTable                         0x20000037   Data          16  stm32l1xx_rcc.o(.data)
    .data                                    0x20000048   Section       29  system_stm32l1xx.o(.data)
    .data                                    0x20000068   Section        4  stdout.o(.data)
    .data                                    0x2000006c   Section        4  errno.o(.data)
    _errno                                   0x2000006c   Data           4  errno.o(.data)
    .bss                                     0x20000070   Section       52  main.o(.bss)
    .bss                                     0x200000a4   Section     1560  uart.o(.bss)
    .bss                                     0x200006bc   Section      822  modbus.o(.bss)
    STACK                                    0x200009f8   Section     4096  startup_stm32l1xx_md.o(STACK)

    Global Symbols

    Symbol Name                              Value     Ov Type        Size  Object(Section)

    BuildAttributes$$THM_ISAv4$P$D$K$B$S$PE$A:L22UL41UL21$X:L11$S22US41US21$IEEE1$IW$USESV6$~STKCKD$USESV7$~SHL$OTIME$ROPI$IEEEX$EBA8$MICROLIB$REQ8$PRES8$EABIv2 0x00000000   Number         0  anon$$obj.o ABSOLUTE
    __ARM_use_no_argv                        0x00000000   Number         0  main.o ABSOLUTE
    _printf_a                                0x00000000   Number         0  stubs.o ABSOLUTE
    _printf_c                                0x00000000   Number         0  stubs.o ABSOLUTE
    _printf_charcount                        0x00000000   Number         0  stubs.o ABSOLUTE
    _printf_d                                0x00000000   Number         0  stubs.o ABSOLUTE
    _printf_e                                0x00000000   Number         0  stubs.o ABSOLUTE
    _printf_f                                0x00000000   Number         0  stubs.o ABSOLUTE
    _printf_flags                            0x00000000   Number         0  stubs.o ABSOLUTE
    _printf_fp_dec                           0x00000000   Number         0  stubs.o ABSOLUTE
    _printf_fp_hex                           0x00000000   Number         0  stubs.o ABSOLUTE
    _printf_g                                0x00000000   Number         0  stubs.o ABSOLUTE
    _printf_i                                0x00000000   Number         0  stubs.o ABSOLUTE
    _printf_int_dec                          0x00000000   Number         0  stubs.o ABSOLUTE
    _printf_l                                0x00000000   Number         0  stubs.o ABSOLUTE
    _printf_lc                               0x00000000   Number         0  stubs.o ABSOLUTE
    _printf_ll                               0x00000000   Number         0  stubs.o ABSOLUTE
    _printf_lld                              0x00000000   Number         0  stubs.o ABSOLUTE
    _printf_lli                              0x00000000   Number         0  stubs.o ABSOLUTE
    _printf_llo                              0x00000000   Number         0  stubs.o ABSOLUTE
    _printf_llu                              0x00000000   Number         0  stubs.o ABSOLUTE
    _printf_llx                              0x00000000   Number         0  stubs.o ABSOLUTE
    _printf_longlong_dec                     0x00000000   Number         0  stubs.o ABSOLUTE
    _printf_longlong_hex                     0x00000000   Number         0  stubs.o ABSOLUTE
    _printf_longlong_oct                     0x00000000   Number         0  stubs.o ABSOLUTE
    _printf_ls                               0x00000000   Number         0  stubs.o ABSOLUTE
    _printf_mbtowc                           0x00000000   Number         0  stubs.o ABSOLUTE
    _printf_n                                0x00000000   Number         0  stubs.o ABSOLUTE
    _printf_o                                0x00000000   Number         0  stubs.o ABSOLUTE
    _printf_p                                0x00000000   Number         0  stubs.o ABSOLUTE
    _printf_percent                          0x00000000   Number         0  stubs.o ABSOLUTE
    _printf_pre_padding                      0x00000000   Number         0  stubs.o ABSOLUTE
    _printf_return_value                     0x00000000   Number         0  stubs.o ABSOLUTE
    _printf_s                                0x00000000   Number         0  stubs.o ABSOLUTE
    _printf_sizespec                         0x00000000   Number         0  stubs.o ABSOLUTE
    _printf_str                              0x00000000   Number         0  stubs.o ABSOLUTE
    _printf_truncate_signed                  0x00000000   Number         0  stubs.o ABSOLUTE
    _printf_truncate_unsigned                0x00000000   Number         0  stubs.o ABSOLUTE
    _printf_u                                0x00000000   Number         0  stubs.o ABSOLUTE
    _printf_wc                               0x00000000   Number         0  stubs.o ABSOLUTE
    _printf_wctomb                           0x00000000   Number         0  stubs.o ABSOLUTE
    _printf_widthprec                        0x00000000   Number         0  stubs.o ABSOLUTE
    _printf_x                                0x00000000   Number         0  stubs.o ABSOLUTE
    __cpp_initialize__aeabi_                  - Undefined Weak Reference
    __cxa_finalize                            - Undefined Weak Reference
    __decompress                              - Undefined Weak Reference
    _clock_init                               - Undefined Weak Reference
    _microlib_exit                            - Undefined Weak Reference
    __Vectors_Size                           0x000000f4   Number         0  startup_stm32l1xx_md.o ABSOLUTE
    __Vectors                                0x08000000   Data           4  startup_stm32l1xx_md.o(RESET)
    __Vectors_End                            0x080000f4   Data           0  startup_stm32l1xx_md.o(RESET)
    __main                                   0x080000f5   Thumb Code     0  entry.o(.ARM.Collect$$$$00000000)
    _main_stk                                0x080000f5   Thumb Code     0  entry2.o(.ARM.Collect$$$$00000001)
    _main_scatterload                        0x080000f9   Thumb Code     0  entry5.o(.ARM.Collect$$$$00000004)
    __main_after_scatterload                 0x080000fd   Thumb Code     0  entry5.o(.ARM.Collect$$$$00000004)
    _main_clock                              0x080000fd   Thumb Code     0  entry7b.o(.ARM.Collect$$$$00000008)
    _main_cpp_init                           0x080000fd   Thumb Code     0  entry8b.o(.ARM.Collect$$$$0000000A)
    _main_init                               0x080000fd   Thumb Code     0  entry9a.o(.ARM.Collect$$$$0000000B)
    __rt_final_cpp                           0x08000105   Thumb Code     0  entry10a.o(.ARM.Collect$$$$0000000D)
    __rt_final_exit                          0x08000105   Thumb Code     0  entry11a.o(.ARM.Collect$$$$0000000F)
    Reset_Handler                            0x08000109   Thumb Code     8  startup_stm32l1xx_md.o(.text)
    ADC1_IRQHandler                          0x08000123   Thumb Code     0  startup_stm32l1xx_md.o(.text)
    COMP_IRQHandler                          0x08000123   Thumb Code     0  startup_stm32l1xx_md.o(.text)
    DAC_IRQHandler                           0x08000123   Thumb Code     0  startup_stm32l1xx_md.o(.text)
    DMA1_Channel1_IRQHandler                 0x08000123   Thumb Code     0  startup_stm32l1xx_md.o(.text)
    DMA1_Channel2_IRQHandler                 0x08000123   Thumb Code     0  startup_stm32l1xx_md.o(.text)
    DMA1_Channel3_IRQHandler                 0x08000123   Thumb Code     0  startup_stm32l1xx_md.o(.text)
    DMA1_Channel4_IRQHandler                 0x08000123   Thumb Code     0  startup_stm32l1xx_md.o(.text)
    DMA1_Channel5_IRQHandler                 0x08000123   Thumb Code     0  startup_stm32l1xx_md.o(.text)
    DMA1_Channel6_IRQHandler                 0x08000123   Thumb Code     0  startup_stm32l1xx_md.o(.text)
    DMA1_Channel7_IRQHandler                 0x08000123   Thumb Code     0  startup_stm32l1xx_md.o(.text)
    EXTI0_IRQHandler                         0x08000123   Thumb Code     0  startup_stm32l1xx_md.o(.text)
    EXTI15_10_IRQHandler                     0x08000123   Thumb Code     0  startup_stm32l1xx_md.o(.text)
    EXTI1_IRQHandler                         0x08000123   Thumb Code     0  startup_stm32l1xx_md.o(.text)
    EXTI2_IRQHandler                         0x08000123   Thumb Code     0  startup_stm32l1xx_md.o(.text)
    EXTI3_IRQHandler                         0x08000123   Thumb Code     0  startup_stm32l1xx_md.o(.text)
    EXTI4_IRQHandler                         0x08000123   Thumb Code     0  startup_stm32l1xx_md.o(.text)
    EXTI9_5_IRQHandler                       0x08000123   Thumb Code     0  startup_stm32l1xx_md.o(.text)
    FLASH_IRQHandler                         0x08000123   Thumb Code     0  startup_stm32l1xx_md.o(.text)
    I2C1_ER_IRQHandler                       0x08000123   Thumb Code     0  startup_stm32l1xx_md.o(.text)
    I2C2_ER_IRQHandler                       0x08000123   Thumb Code     0  startup_stm32l1xx_md.o(.text)
    I2C2_EV_IRQHandler                       0x08000123   Thumb Code     0  startup_stm32l1xx_md.o(.text)
    LCD_IRQHandler                           0x08000123   Thumb Code     0  startup_stm32l1xx_md.o(.text)
    PVD_IRQHandler                           0x08000123   Thumb Code     0  startup_stm32l1xx_md.o(.text)
    RCC_IRQHandler                           0x08000123   Thumb Code     0  startup_stm32l1xx_md.o(.text)
    RTC_Alarm_IRQHandler                     0x08000123   Thumb Code     0  startup_stm32l1xx_md.o(.text)
    RTC_WKUP_IRQHandler                      0x08000123   Thumb Code     0  startup_stm32l1xx_md.o(.text)
    SPI1_IRQHandler                          0x08000123   Thumb Code     0  startup_stm32l1xx_md.o(.text)
    SPI2_IRQHandler                          0x08000123   Thumb Code     0  startup_stm32l1xx_md.o(.text)
    TAMPER_STAMP_IRQHandler                  0x08000123   Thumb Code     0  startup_stm32l1xx_md.o(.text)
    TIM10_IRQHandler                         0x08000123   Thumb Code     0  startup_stm32l1xx_md.o(.text)
    TIM11_IRQHandler                         0x08000123   Thumb Code     0  startup_stm32l1xx_md.o(.text)
    TIM2_IRQHandler                          0x08000123   Thumb Code     0  startup_stm32l1xx_md.o(.text)
    TIM3_IRQHandler                          0x08000123   Thumb Code     0  startup_stm32l1xx_md.o(.text)
    TIM4_IRQHandler                          0x08000123   Thumb Code     0  startup_stm32l1xx_md.o(.text)
    TIM6_IRQHandler                          0x08000123   Thumb Code     0  startup_stm32l1xx_md.o(.text)
    TIM7_IRQHandler                          0x08000123   Thumb Code     0  startup_stm32l1xx_md.o(.text)
    TIM9_IRQHandler                          0x08000123   Thumb Code     0  startup_stm32l1xx_md.o(.text)
    USB_FS_WKUP_IRQHandler                   0x08000123   Thumb Code     0  startup_stm32l1xx_md.o(.text)
    USB_HP_IRQHandler                        0x08000123   Thumb Code     0  startup_stm32l1xx_md.o(.text)
    USB_LP_IRQHandler                        0x08000123   Thumb Code     0  startup_stm32l1xx_md.o(.text)
    WWDG_IRQHandler                          0x08000123   Thumb Code     0  startup_stm32l1xx_md.o(.text)
    __aeabi_memcpy                           0x0800012d   Thumb Code    36  memcpya.o(.text)
    __aeabi_memcpy4                          0x0800012d   Thumb Code     0  memcpya.o(.text)
    __aeabi_memcpy8                          0x0800012d   Thumb Code     0  memcpya.o(.text)
    __aeabi_memset                           0x08000151   Thumb Code    14  memseta.o(.text)
    __aeabi_memset4                          0x08000151   Thumb Code     0  memseta.o(.text)
    __aeabi_memset8                          0x08000151   Thumb Code     0  memseta.o(.text)
    __aeabi_memclr                           0x0800015f   Thumb Code     4  memseta.o(.text)
    __aeabi_memclr4                          0x0800015f   Thumb Code     0  memseta.o(.text)
    __aeabi_memclr8                          0x0800015f   Thumb Code     0  memseta.o(.text)
    _memset$wrapper                          0x08000163   Thumb Code    18  memseta.o(.text)
    strncmp                                  0x08000175   Thumb Code    30  strncmp.o(.text)
    __aeabi_fadd                             0x08000193   Thumb Code   164  fadd.o(.text)
    __aeabi_fsub                             0x08000237   Thumb Code     6  fadd.o(.text)
    __aeabi_frsub                            0x0800023d   Thumb Code     6  fadd.o(.text)
    __aeabi_fmul                             0x08000243   Thumb Code   100  fmul.o(.text)
    __aeabi_fdiv                             0x080002a7   Thumb Code   124  fdiv.o(.text)
    __aeabi_dadd                             0x08000323   Thumb Code   322  dadd.o(.text)
    __aeabi_dsub                             0x08000465   Thumb Code     6  dadd.o(.text)
    __aeabi_drsub                            0x0800046b   Thumb Code     6  dadd.o(.text)
    __aeabi_dmul                             0x08000471   Thumb Code   228  dmul.o(.text)
    __aeabi_ddiv                             0x08000555   Thumb Code   222  ddiv.o(.text)
    __ARM_scalbn                             0x08000633   Thumb Code    46  dscalb.o(.text)
    scalbn                                   0x08000633   Thumb Code     0  dscalb.o(.text)
    __aeabi_i2f                              0x08000661   Thumb Code    18  fflti.o(.text)
    __aeabi_ui2f                             0x08000673   Thumb Code    10  ffltui.o(.text)
    __aeabi_i2d                              0x0800067d   Thumb Code    34  dflti.o(.text)
    __aeabi_ui2d                             0x0800069f   Thumb Code    26  dfltui.o(.text)
    __aeabi_f2d                              0x080006b9   Thumb Code    38  f2d.o(.text)
    __aeabi_d2f                              0x080006df   Thumb Code    56  d2f.o(.text)
    __aeabi_cfrcmple                         0x08000719   Thumb Code    20  cfrcmple.o(.text)
    __aeabi_uidiv                            0x0800072d   Thumb Code     0  uidiv.o(.text)
    __aeabi_uidivmod                         0x0800072d   Thumb Code    44  uidiv.o(.text)
    __aeabi_llsl                             0x08000759   Thumb Code    30  llshl.o(.text)
    _ll_shift_l                              0x08000759   Thumb Code     0  llshl.o(.text)
    __aeabi_lasr                             0x08000777   Thumb Code    36  llsshr.o(.text)
    _ll_sshift_r                             0x08000777   Thumb Code     0  llsshr.o(.text)
    __I$use$fp                               0x0800079b   Thumb Code     0  iusefp.o(.text)
    _float_round                             0x0800079b   Thumb Code    18  fepilogue.o(.text)
    _float_epilogue                          0x080007ad   Thumb Code    92  fepilogue.o(.text)
    _double_round                            0x08000809   Thumb Code    30  depilogue.o(.text)
    _double_epilogue                         0x08000827   Thumb Code   156  depilogue.o(.text)
    __scatterload                            0x080008c5   Thumb Code    28  init.o(.text)
    __scatterload_rt2                        0x080008c5   Thumb Code     0  init.o(.text)
    __aeabi_llsr                             0x080008e9   Thumb Code    32  llushr.o(.text)
    _ll_ushift_r                             0x080008e9   Thumb Code     0  llushr.o(.text)
    __aeabi_d2iz                             0x08000909   Thumb Code    62  dfixi.o(.text)
    ADXL355_Init                             0x08000947   Thumb Code    70  adxl355.o(i.ADXL355_Init)
    ADXL355_ReadREG                          0x0800098d   Thumb Code    56  adxl355.o(i.ADXL355_ReadREG)
    ADXL355_Samp50_Task                      0x080009c9   Thumb Code   562  adxl355.o(i.ADXL355_Samp50_Task)
    ADXL355_WriteReg                         0x08000c11   Thumb Code    56  adxl355.o(i.ADXL355_WriteReg)
    BusFault_Handler                         0x08000c4d   Thumb Code     2  stm32l1xx_it.o(i.BusFault_Handler)
    CRC16_Check                              0x08000c4f   Thumb Code    54  modbus.o(i.CRC16_Check)
    ClC_WatchDogTask                         0x08000c85   Thumb Code     8  main.o(i.ClC_WatchDogTask)
    DATA_EEPROM_Lock                         0x08000c91   Thumb Code    12  stm32l1xx_flash.o(i.DATA_EEPROM_Lock)
    DATA_EEPROM_Unlock                       0x08000ca1   Thumb Code    22  stm32l1xx_flash.o(i.DATA_EEPROM_Unlock)
    DebugMon_Handler                         0x08000cc5   Thumb Code     2  stm32l1xx_it.o(i.DebugMon_Handler)
    Delay                                    0x08000cc9   Thumb Code    16  main.o(i.Delay)
    EEErase                                  0x08000cdd   Thumb Code    36  iflash.o(i.EEErase)
    EERead                                   0x08000d01   Thumb Code    46  iflash.o(i.EERead)
    EERead_Z                                 0x08000d35   Thumb Code    46  iflash.o(i.EERead_Z)
    EEWrite                                  0x08000d69   Thumb Code    54  iflash.o(i.EEWrite)
    Euler_Solution                           0x08000da5   Thumb Code   342  modbus.o(i.Euler_Solution)
    FLASH_GetStatus                          0x08000f11   Thumb Code    36  stm32l1xx_flash.o(i.FLASH_GetStatus)
    GPIO_Configuration                       0x08000f39   Thumb Code    84  gpio.o(i.GPIO_Configuration)
    GPIO_Init                                0x08000f95   Thumb Code   110  stm32l1xx_gpio.o(i.GPIO_Init)
    GPIO_PinAFConfig                         0x08001003   Thumb Code    32  stm32l1xx_gpio.o(i.GPIO_PinAFConfig)
    GPIO_PinReverse                          0x08001023   Thumb Code     8  gpio.o(i.GPIO_PinReverse)
    GPIO_ReadInputDataBit                    0x0800102b   Thumb Code    14  stm32l1xx_gpio.o(i.GPIO_ReadInputDataBit)
    GPIO_ResetBits                           0x08001039   Thumb Code     4  stm32l1xx_gpio.o(i.GPIO_ResetBits)
    GPIO_SetBits                             0x0800103d   Thumb Code     4  stm32l1xx_gpio.o(i.GPIO_SetBits)
    Get_SNInfo_Fun                           0x08001041   Thumb Code    56  modbus.o(i.Get_SNInfo_Fun)
    HMC5883L_CheckID                         0x0800107d   Thumb Code    18  hmc5883.o(i.HMC5883L_CheckID)
    HMC5883L_I2CRead                         0x08001091   Thumb Code   368  hmc5883.o(i.HMC5883L_I2CRead)
    HMC5883L_I2CWrite                        0x08001215   Thumb Code   250  hmc5883.o(i.HMC5883L_I2CWrite)
    HMC5883L_Init                            0x08001321   Thumb Code     4  hmc5883.o(i.HMC5883L_Init)
    HMC5883L_MAG_TASK                        0x08001325   Thumb Code   588  hmc5883.o(i.HMC5883L_MAG_TASK)
    HMC5883L_SetMode                         0x0800157d   Thumb Code    52  hmc5883.o(i.HMC5883L_SetMode)
    HMC5883L_Task                            0x080015b1   Thumb Code   138  hmc5883.o(i.HMC5883L_Task)
    HMC5883_Offset                           0x08001645   Thumb Code   220  modbus.o(i.HMC5883_Offset)
    HardFault_Handler                        0x0800172d   Thumb Code     2  stm32l1xx_it.o(i.HardFault_Handler)
    I2C1_EV_IRQHandler                       0x08001731   Thumb Code   154  stm32l1xx_it.o(i.I2C1_EV_IRQHandler)
    I2C1_Init                                0x080017e9   Thumb Code   202  hmc5883.o(i.I2C1_Init)
    I2C_AcknowledgeConfig                    0x080018c1   Thumb Code    20  stm32l1xx_i2c.o(i.I2C_AcknowledgeConfig)
    I2C_CheckEvent                           0x080018d5   Thumb Code    24  stm32l1xx_i2c.o(i.I2C_CheckEvent)
    I2C_ClearITPendingBit                    0x080018ed   Thumb Code     6  stm32l1xx_i2c.o(i.I2C_ClearITPendingBit)
    I2C_Cmd                                  0x080018f3   Thumb Code    20  stm32l1xx_i2c.o(i.I2C_Cmd)
    I2C_DeInit                               0x08001909   Thumb Code    38  stm32l1xx_i2c.o(i.I2C_DeInit)
    I2C_GenerateSTART                        0x08001935   Thumb Code    20  stm32l1xx_i2c.o(i.I2C_GenerateSTART)
    I2C_GenerateSTOP                         0x08001949   Thumb Code    20  stm32l1xx_i2c.o(i.I2C_GenerateSTOP)
    I2C_GetFlagStatus                        0x0800195d   Thumb Code    42  stm32l1xx_i2c.o(i.I2C_GetFlagStatus)
    I2C_GetITStatus                          0x08001987   Thumb Code    36  stm32l1xx_i2c.o(i.I2C_GetITStatus)
    I2C_ITConfig                             0x080019ab   Thumb Code    16  stm32l1xx_i2c.o(i.I2C_ITConfig)
    I2C_Init                                 0x080019bd   Thumb Code   174  stm32l1xx_i2c.o(i.I2C_Init)
    I2C_ReceiveData                          0x08001a75   Thumb Code     6  stm32l1xx_i2c.o(i.I2C_ReceiveData)
    I2C_Send7bitAddress                      0x08001a7b   Thumb Code    16  stm32l1xx_i2c.o(i.I2C_Send7bitAddress)
    I2C_SendData                             0x08001a8b   Thumb Code     4  stm32l1xx_i2c.o(i.I2C_SendData)
    Init_Devices                             0x08001a8f   Thumb Code    30  main.o(i.Init_Devices)
    Init_Parameter                           0x08001aad   Thumb Code   178  main.o(i.Init_Parameter)
    Init_SysTick                             0x08001b69   Thumb Code    60  main.o(i.Init_SysTick)
    InputRegistorDataHton                    0x08001ba9   Thumb Code   292  modbus.o(i.InputRegistorDataHton)
    InstructionTask                          0x08001cd1   Thumb Code   228  modbus.o(i.InstructionTask)
    KeepRegistorDataHton                     0x08001dc5   Thumb Code   192  modbus.o(i.KeepRegistorDataHton)
    MemManage_Handler                        0x08001e89   Thumb Code     2  stm32l1xx_it.o(i.MemManage_Handler)
    ModbusReadInputRegistor                  0x08001e8d   Thumb Code   360  modbus.o(i.ModbusReadInputRegistor)
    ModbusReadKeepRegistor                   0x08001ff9   Thumb Code   228  modbus.o(i.ModbusReadKeepRegistor)
    ModbusReturnAckInfo                      0x080020e5   Thumb Code    58  modbus.o(i.ModbusReturnAckInfo)
    ModbusSetInitalValue                     0x08002129   Thumb Code   176  modbus.o(i.ModbusSetInitalValue)
    ModbusWriteSingleRegistor                0x080021e1   Thumb Code   256  modbus.o(i.ModbusWriteSingleRegistor)
    ModbusWriteSomeRegistor                  0x080022e9   Thumb Code   626  modbus.o(i.ModbusWriteSomeRegistor)
    NMI_Handler                              0x08002565   Thumb Code     2  stm32l1xx_it.o(i.NMI_Handler)
    NVIC_Init                                0x08002569   Thumb Code    96  misc.o(i.NVIC_Init)
    NVIC_PriorityGroupConfig                 0x080025cd   Thumb Code    10  misc.o(i.NVIC_PriorityGroupConfig)
    PendSV_Handler                           0x08002601   Thumb Code     2  stm32l1xx_it.o(i.PendSV_Handler)
    ProcessTask                              0x08002605   Thumb Code   838  modbus.o(i.ProcessTask)
    RCC_AHBPeriphClockCmd                    0x08002969   Thumb Code    18  stm32l1xx_rcc.o(i.RCC_AHBPeriphClockCmd)
    RCC_APB1PeriphClockCmd                   0x08002981   Thumb Code    18  stm32l1xx_rcc.o(i.RCC_APB1PeriphClockCmd)
    RCC_APB1PeriphResetCmd                   0x08002999   Thumb Code    18  stm32l1xx_rcc.o(i.RCC_APB1PeriphResetCmd)
    RCC_APB2PeriphClockCmd                   0x080029b1   Thumb Code    18  stm32l1xx_rcc.o(i.RCC_APB2PeriphClockCmd)
    RCC_APB2PeriphResetCmd                   0x080029c9   Thumb Code    18  stm32l1xx_rcc.o(i.RCC_APB2PeriphResetCmd)
    RCC_GetClocksFreq                        0x080029e1   Thumb Code   156  stm32l1xx_rcc.o(i.RCC_GetClocksFreq)
    ResetSoftware                            0x08002a89   Thumb Code   118  modbus.o(i.ResetSoftware)
    SPI2_Configuration                       0x08002b15   Thumb Code   244  adxl355.o(i.SPI2_Configuration)
    SPI2_ReadByte                            0x08002c15   Thumb Code     6  adxl355.o(i.SPI2_ReadByte)
    SPI2_WriteByte                           0x08002c1d   Thumb Code    48  adxl355.o(i.SPI2_WriteByte)
    SPI_Cmd                                  0x08002c51   Thumb Code    20  stm32l1xx_spi.o(i.SPI_Cmd)
    SPI_I2S_DeInit                           0x08002c65   Thumb Code    72  stm32l1xx_spi.o(i.SPI_I2S_DeInit)
    SPI_I2S_GetFlagStatus                    0x08002cb9   Thumb Code    14  stm32l1xx_spi.o(i.SPI_I2S_GetFlagStatus)
    SPI_I2S_ReceiveData                      0x08002cc7   Thumb Code     4  stm32l1xx_spi.o(i.SPI_I2S_ReceiveData)
    SPI_I2S_SendData                         0x08002ccb   Thumb Code     4  stm32l1xx_spi.o(i.SPI_I2S_SendData)
    SPI_Init                                 0x08002ccf   Thumb Code    56  stm32l1xx_spi.o(i.SPI_Init)
    SVC_Handler                              0x08002d07   Thumb Code     2  stm32l1xx_it.o(i.SVC_Handler)
    SysTick_Handler                          0x08002dcd   Thumb Code   156  stm32l1xx_it.o(i.SysTick_Handler)
    SystemInit                               0x08002e99   Thumb Code    68  system_stm32l1xx.o(i.SystemInit)
    U485SendData                             0x08002eed   Thumb Code    42  uart.o(i.U485SendData)
    UART1_Configuration                      0x08002f21   Thumb Code   174  uart.o(i.UART1_Configuration)
    USART1_ClearBuf_Flag                     0x08002fd9   Thumb Code    16  uart.o(i.USART1_ClearBuf_Flag)
    USART1_GetChar                           0x08002ff1   Thumb Code    22  uart.o(i.USART1_GetChar)
    USART1_GetCharBlock                      0x0800300d   Thumb Code    40  uart.o(i.USART1_GetCharBlock)
    USART1_IRQHandler                        0x08003039   Thumb Code   114  stm32l1xx_it.o(i.USART1_IRQHandler)
    USART2_IRQHandler                        0x080030c5   Thumb Code   106  stm32l1xx_it.o(i.USART2_IRQHandler)
    USART3_IRQHandler                        0x08003145   Thumb Code   106  stm32l1xx_it.o(i.USART3_IRQHandler)
    USART_ClearFlag                          0x080031c5   Thumb Code     6  stm32l1xx_usart.o(i.USART_ClearFlag)
    USART_ClearITPendingBit                  0x080031cb   Thumb Code    12  stm32l1xx_usart.o(i.USART_ClearITPendingBit)
    USART_Cmd                                0x080031d7   Thumb Code    20  stm32l1xx_usart.o(i.USART_Cmd)
    USART_GetFlagStatus                      0x080031eb   Thumb Code    14  stm32l1xx_usart.o(i.USART_GetFlagStatus)
    USART_GetITStatus                        0x080031f9   Thumb Code    62  stm32l1xx_usart.o(i.USART_GetITStatus)
    USART_ITConfig                           0x08003237   Thumb Code    48  stm32l1xx_usart.o(i.USART_ITConfig)
    USART_Init                               0x08003269   Thumb Code   158  stm32l1xx_usart.o(i.USART_Init)
    USART_PutChar                            0x0800330d   Thumb Code    48  uart.o(i.USART_PutChar)
    USART_PutData                            0x0800333d   Thumb Code    34  uart.o(i.USART_PutData)
    USART_ReceiveData                        0x0800335f   Thumb Code     8  stm32l1xx_usart.o(i.USART_ReceiveData)
    USART_SendData                           0x08003367   Thumb Code     8  stm32l1xx_usart.o(i.USART_SendData)
    UsageFault_Handler                       0x0800336f   Thumb Code     2  stm32l1xx_it.o(i.UsageFault_Handler)
    __0printf$1                              0x08003371   Thumb Code    22  printf1.o(i.__0printf$1)
    __1printf$1                              0x08003371   Thumb Code     0  printf1.o(i.__0printf$1)
    __2printf                                0x08003371   Thumb Code     0  printf1.o(i.__0printf$1)
    __ARM_fpclassify                         0x08003391   Thumb Code    40  fpclassify.o(i.__ARM_fpclassify)
    __ieee754_rem_pio2                       0x080033b9   Thumb Code   828  rred.o(i.__ieee754_rem_pio2)
    __kernel_cos                             0x08003741   Thumb Code   230  cos_i.o(i.__kernel_cos)
    __kernel_poly                            0x0800383d   Thumb Code   170  poly.o(i.__kernel_poly)
    __kernel_sin                             0x080038e9   Thumb Code   224  sin_i.o(i.__kernel_sin)
    __mathlib_dbl_infnan                     0x080039ef   Thumb Code     6  dunder.o(i.__mathlib_dbl_infnan)
    __mathlib_dbl_infnan2                    0x080039f5   Thumb Code     4  dunder.o(i.__mathlib_dbl_infnan2)
    __mathlib_dbl_invalid                    0x080039f9   Thumb Code    12  dunder.o(i.__mathlib_dbl_invalid)
    __mathlib_dbl_underflow                  0x08003a05   Thumb Code    10  dunder.o(i.__mathlib_dbl_underflow)
    __scatterload_copy                       0x08003a15   Thumb Code    14  handlers.o(i.__scatterload_copy)
    __scatterload_null                       0x08003a23   Thumb Code     2  handlers.o(i.__scatterload_null)
    __scatterload_zeroinit                   0x08003a25   Thumb Code    14  handlers.o(i.__scatterload_zeroinit)
    __set_errno                              0x08003a35   Thumb Code     6  errno.o(i.__set_errno)
    atan                                     0x08003b95   Thumb Code   474  atan.o(i.atan)
    atan2                                    0x08003db5   Thumb Code   346  atan2.o(i.atan2)
    cos                                      0x08003f35   Thumb Code   148  cos.o(i.cos)
    fputc                                    0x08003fd1   Thumb Code    16  uart.o(i.fputc)
    main                                     0x08003fe5   Thumb Code   154  main.o(i.main)
    sin                                      0x080040bd   Thumb Code   150  sin.o(i.sin)
    FactoryResetWord                         0x0800415c   Data           4  modbus.o(.constdata)
    FactorySetValueWord                      0x08004160   Data           4  modbus.o(.constdata)
    __mathlib_zero                           0x08004230   Data           8  qnan.o(.constdata)
    Region$$Table$$Base                      0x08004328   Number         0  anon$$obj.o(Region$$Table)
    Region$$Table$$Limit                     0x08004348   Number         0  anon$$obj.o(Region$$Table)
    MAG_Flag                                 0x20000000   Data           1  main.o(.data)
    IDCheck_tem                              0x20000001   Data           1  main.o(.data)
    TimingDelay                              0x20000004   Data           4  main.o(.data)
    SysTick_Count                            0x20000008   Data           4  main.o(.data)
    WorkTime                                 0x2000000c   Data           4  main.o(.data)
    WorkTimeOutFlag                          0x20000010   Data           1  main.o(.data)
    Temp_Flag                                0x20000011   Data           1  main.o(.data)
    Temp_Count                               0x20000014   Data           4  main.o(.data)
    _MSCount                                 0x20000018   Data           4  stm32l1xx_it.o(.data)
    ModbusIntervalTime                       0x2000001c   Data           1  uart.o(.data)
    USART1_RX_Len                            0x2000001d   Data           1  uart.o(.data)
    USART2_RX_Len                            0x2000001e   Data           1  uart.o(.data)
    USART3_RX_Len                            0x2000001f   Data           1  uart.o(.data)
    Uart1Flag                                0x20000020   Data           1  uart.o(.data)
    Uart2Flag                                0x20000021   Data           1  uart.o(.data)
    Uart3Flag                                0x20000022   Data           1  uart.o(.data)
    USART2_INTERVAL_TIME                     0x20000023   Data           1  uart.o(.data)
    USART3_INTERVAL_TIME                     0x20000024   Data           1  uart.o(.data)
    HMC5883L_Timeout                         0x20000028   Data           4  hmc5883.o(.data)
    Modbus_BusyFlag                          0x2000002c   Data           1  modbus.o(.data)
    Modbus_FreeFlag                          0x2000002d   Data           1  modbus.o(.data)
    SystemCoreClock                          0x20000048   Data           4  system_stm32l1xx.o(.data)
    PLLMulTable                              0x2000004c   Data           9  system_stm32l1xx.o(.data)
    AHBPrescTable                            0x20000055   Data          16  system_stm32l1xx.o(.data)
    __stdout                                 0x20000068   Data           4  stdout.o(.data)
    IMU_Data                                 0x20000070   Data          52  main.o(.bss)
    uart1_rbuf                               0x200000a4   Data         520  uart.o(.bss)
    uart2_rbuf                               0x200002ac   Data         520  uart.o(.bss)
    uart3_rbuf                               0x200004b4   Data         520  uart.o(.bss)
    KeepRegister                             0x200006bc   Data          50  modbus.o(.bss)
    KeepRegisterTemp                         0x200006ee   Data          50  modbus.o(.bss)
    InputRegister                            0x20000720   Data         104  modbus.o(.bss)
    InputRegisterTemp                        0x20000788   Data         104  modbus.o(.bss)
    ModbusDataPackage                        0x200007f0   Data         514  modbus.o(.bss)
    __initial_sp                             0x200019f8   Data           0  startup_stm32l1xx_md.o(STACK)



==============================================================================

Memory Map of the image

  Image Entry point : 0x080000f5

  Load Region LR_IROM1 (Base: 0x08000000, Size: 0x000043b8, Max: 0x00020000, ABSOLUTE)

    Execution Region ER_IROM1 (Exec base: 0x08000000, Load base: 0x08000000, Size: 0x00004348, Max: 0x00020000, ABSOLUTE)

    Exec Addr    Load Addr    Size         Type   Attr      Idx    E Section Name        Object

    0x08000000   0x08000000   0x000000f4   Data   RO         4499    RESET               startup_stm32l1xx_md.o
    0x080000f4   0x080000f4   0x00000000   Code   RO         4528  * .ARM.Collect$$$$00000000  mc_w.l(entry.o)
    0x080000f4   0x080000f4   0x00000004   Code   RO         4867    .ARM.Collect$$$$00000001  mc_w.l(entry2.o)
    0x080000f8   0x080000f8   0x00000004   Code   RO         4870    .ARM.Collect$$$$00000004  mc_w.l(entry5.o)
    0x080000fc   0x080000fc   0x00000000   Code   RO         4872    .ARM.Collect$$$$00000008  mc_w.l(entry7b.o)
    0x080000fc   0x080000fc   0x00000000   Code   RO         4874    .ARM.Collect$$$$0000000A  mc_w.l(entry8b.o)
    0x080000fc   0x080000fc   0x00000008   Code   RO         4875    .ARM.Collect$$$$0000000B  mc_w.l(entry9a.o)
    0x08000104   0x08000104   0x00000000   Code   RO         4877    .ARM.Collect$$$$0000000D  mc_w.l(entry10a.o)
    0x08000104   0x08000104   0x00000000   Code   RO         4879    .ARM.Collect$$$$0000000F  mc_w.l(entry11a.o)
    0x08000104   0x08000104   0x00000004   Code   RO         4868    .ARM.Collect$$$$00002712  mc_w.l(entry2.o)
    0x08000108   0x08000108   0x00000024   Code   RO         4500    .text               startup_stm32l1xx_md.o
    0x0800012c   0x0800012c   0x00000024   Code   RO         4531    .text               mc_w.l(memcpya.o)
    0x08000150   0x08000150   0x00000024   Code   RO         4533    .text               mc_w.l(memseta.o)
    0x08000174   0x08000174   0x0000001e   Code   RO         4535    .text               mc_w.l(strncmp.o)
    0x08000192   0x08000192   0x000000b0   Code   RO         4800    .text               mf_w.l(fadd.o)
    0x08000242   0x08000242   0x00000064   Code   RO         4802    .text               mf_w.l(fmul.o)
    0x080002a6   0x080002a6   0x0000007c   Code   RO         4804    .text               mf_w.l(fdiv.o)
    0x08000322   0x08000322   0x0000014e   Code   RO         4806    .text               mf_w.l(dadd.o)
    0x08000470   0x08000470   0x000000e4   Code   RO         4808    .text               mf_w.l(dmul.o)
    0x08000554   0x08000554   0x000000de   Code   RO         4810    .text               mf_w.l(ddiv.o)
    0x08000632   0x08000632   0x0000002e   Code   RO         4812    .text               mf_w.l(dscalb.o)
    0x08000660   0x08000660   0x00000012   Code   RO         4814    .text               mf_w.l(fflti.o)
    0x08000672   0x08000672   0x0000000a   Code   RO         4816    .text               mf_w.l(ffltui.o)
    0x0800067c   0x0800067c   0x00000022   Code   RO         4818    .text               mf_w.l(dflti.o)
    0x0800069e   0x0800069e   0x0000001a   Code   RO         4820    .text               mf_w.l(dfltui.o)
    0x080006b8   0x080006b8   0x00000026   Code   RO         4822    .text               mf_w.l(f2d.o)
    0x080006de   0x080006de   0x00000038   Code   RO         4824    .text               mf_w.l(d2f.o)
    0x08000716   0x08000716   0x00000002   PAD
    0x08000718   0x08000718   0x00000014   Code   RO         4826    .text               mf_w.l(cfrcmple.o)
    0x0800072c   0x0800072c   0x0000002c   Code   RO         4882    .text               mc_w.l(uidiv.o)
    0x08000758   0x08000758   0x0000001e   Code   RO         4886    .text               mc_w.l(llshl.o)
    0x08000776   0x08000776   0x00000024   Code   RO         4888    .text               mc_w.l(llsshr.o)
    0x0800079a   0x0800079a   0x00000000   Code   RO         4897    .text               mc_w.l(iusefp.o)
    0x0800079a   0x0800079a   0x0000006e   Code   RO         4898    .text               mf_w.l(fepilogue.o)
    0x08000808   0x08000808   0x000000ba   Code   RO         4900    .text               mf_w.l(depilogue.o)
    0x080008c2   0x080008c2   0x00000002   PAD
    0x080008c4   0x080008c4   0x00000024   Code   RO         4910    .text               mc_w.l(init.o)
    0x080008e8   0x080008e8   0x00000020   Code   RO         4912    .text               mc_w.l(llushr.o)
    0x08000908   0x08000908   0x0000003e   Code   RO         4914    .text               mf_w.l(dfixi.o)
    0x08000946   0x08000946   0x00000046   Code   RO          439    i.ADXL355_Init      adxl355.o
    0x0800098c   0x0800098c   0x0000003c   Code   RO          440    i.ADXL355_ReadREG   adxl355.o
    0x080009c8   0x080009c8   0x00000248   Code   RO          441    i.ADXL355_Samp50_Task  adxl355.o
    0x08000c10   0x08000c10   0x0000003c   Code   RO          442    i.ADXL355_WriteReg  adxl355.o
    0x08000c4c   0x08000c4c   0x00000002   Code   RO          204    i.BusFault_Handler  stm32l1xx_it.o
    0x08000c4e   0x08000c4e   0x00000036   Code   RO          642    i.CRC16_Check       modbus.o
    0x08000c84   0x08000c84   0x0000000c   Code   RO            3    i.ClC_WatchDogTask  main.o
    0x08000c90   0x08000c90   0x00000010   Code   RO         1656    i.DATA_EEPROM_Lock  stm32l1xx_flash.o
    0x08000ca0   0x08000ca0   0x00000024   Code   RO         1660    i.DATA_EEPROM_Unlock  stm32l1xx_flash.o
    0x08000cc4   0x08000cc4   0x00000002   Code   RO          205    i.DebugMon_Handler  stm32l1xx_it.o
    0x08000cc6   0x08000cc6   0x00000002   PAD
    0x08000cc8   0x08000cc8   0x00000014   Code   RO            4    i.Delay             main.o
    0x08000cdc   0x08000cdc   0x00000024   Code   RO          592    i.EEErase           iflash.o
    0x08000d00   0x08000d00   0x00000034   Code   RO          593    i.EERead            iflash.o
    0x08000d34   0x08000d34   0x00000034   Code   RO          594    i.EERead_Z          iflash.o
    0x08000d68   0x08000d68   0x0000003c   Code   RO          595    i.EEWrite           iflash.o
    0x08000da4   0x08000da4   0x0000016c   Code   RO          643    i.Euler_Solution    modbus.o
    0x08000f10   0x08000f10   0x00000028   Code   RO         1665    i.FLASH_GetStatus   stm32l1xx_flash.o
    0x08000f38   0x08000f38   0x0000005c   Code   RO          566    i.GPIO_Configuration  gpio.o
    0x08000f94   0x08000f94   0x0000006e   Code   RO         2042    i.GPIO_Init         stm32l1xx_gpio.o
    0x08001002   0x08001002   0x00000020   Code   RO         2043    i.GPIO_PinAFConfig  stm32l1xx_gpio.o
    0x08001022   0x08001022   0x00000008   Code   RO          567    i.GPIO_PinReverse   gpio.o
    0x0800102a   0x0800102a   0x0000000e   Code   RO         2046    i.GPIO_ReadInputDataBit  stm32l1xx_gpio.o
    0x08001038   0x08001038   0x00000004   Code   RO         2049    i.GPIO_ResetBits    stm32l1xx_gpio.o
    0x0800103c   0x0800103c   0x00000004   Code   RO         2050    i.GPIO_SetBits      stm32l1xx_gpio.o
    0x08001040   0x08001040   0x0000003c   Code   RO          644    i.Get_SNInfo_Fun    modbus.o
    0x0800107c   0x0800107c   0x00000012   Code   RO          495    i.HMC5883L_CheckID  hmc5883.o
    0x0800108e   0x0800108e   0x00000002   PAD
    0x08001090   0x08001090   0x00000184   Code   RO          496    i.HMC5883L_I2CRead  hmc5883.o
    0x08001214   0x08001214   0x0000010c   Code   RO          497    i.HMC5883L_I2CWrite  hmc5883.o
    0x08001320   0x08001320   0x00000004   Code   RO          498    i.HMC5883L_Init     hmc5883.o
    0x08001324   0x08001324   0x00000258   Code   RO          499    i.HMC5883L_MAG_TASK  hmc5883.o
    0x0800157c   0x0800157c   0x00000034   Code   RO          501    i.HMC5883L_SetMode  hmc5883.o
    0x080015b0   0x080015b0   0x00000094   Code   RO          502    i.HMC5883L_Task     hmc5883.o
    0x08001644   0x08001644   0x000000e8   Code   RO          645    i.HMC5883_Offset    modbus.o
    0x0800172c   0x0800172c   0x00000002   Code   RO          206    i.HardFault_Handler  stm32l1xx_it.o
    0x0800172e   0x0800172e   0x00000002   PAD
    0x08001730   0x08001730   0x000000b8   Code   RO          207    i.I2C1_EV_IRQHandler  stm32l1xx_it.o
    0x080017e8   0x080017e8   0x000000d8   Code   RO          503    i.I2C1_Init         hmc5883.o
    0x080018c0   0x080018c0   0x00000014   Code   RO         2140    i.I2C_AcknowledgeConfig  stm32l1xx_i2c.o
    0x080018d4   0x080018d4   0x00000018   Code   RO         2142    i.I2C_CheckEvent    stm32l1xx_i2c.o
    0x080018ec   0x080018ec   0x00000006   Code   RO         2144    i.I2C_ClearITPendingBit  stm32l1xx_i2c.o
    0x080018f2   0x080018f2   0x00000014   Code   RO         2145    i.I2C_Cmd           stm32l1xx_i2c.o
    0x08001906   0x08001906   0x00000002   PAD
    0x08001908   0x08001908   0x0000002c   Code   RO         2148    i.I2C_DeInit        stm32l1xx_i2c.o
    0x08001934   0x08001934   0x00000014   Code   RO         2152    i.I2C_GenerateSTART  stm32l1xx_i2c.o
    0x08001948   0x08001948   0x00000014   Code   RO         2153    i.I2C_GenerateSTOP  stm32l1xx_i2c.o
    0x0800195c   0x0800195c   0x0000002a   Code   RO         2154    i.I2C_GetFlagStatus  stm32l1xx_i2c.o
    0x08001986   0x08001986   0x00000024   Code   RO         2155    i.I2C_GetITStatus   stm32l1xx_i2c.o
    0x080019aa   0x080019aa   0x00000010   Code   RO         2158    i.I2C_ITConfig      stm32l1xx_i2c.o
    0x080019ba   0x080019ba   0x00000002   PAD
    0x080019bc   0x080019bc   0x000000b8   Code   RO         2159    i.I2C_Init          stm32l1xx_i2c.o
    0x08001a74   0x08001a74   0x00000006   Code   RO         2164    i.I2C_ReceiveData   stm32l1xx_i2c.o
    0x08001a7a   0x08001a7a   0x00000010   Code   RO         2166    i.I2C_Send7bitAddress  stm32l1xx_i2c.o
    0x08001a8a   0x08001a8a   0x00000004   Code   RO         2167    i.I2C_SendData      stm32l1xx_i2c.o
    0x08001a8e   0x08001a8e   0x0000001e   Code   RO            5    i.Init_Devices      main.o
    0x08001aac   0x08001aac   0x000000bc   Code   RO            6    i.Init_Parameter    main.o
    0x08001b68   0x08001b68   0x00000040   Code   RO            7    i.Init_SysTick      main.o
    0x08001ba8   0x08001ba8   0x00000128   Code   RO          646    i.InputRegistorDataHton  modbus.o
    0x08001cd0   0x08001cd0   0x000000f4   Code   RO          647    i.InstructionTask   modbus.o
    0x08001dc4   0x08001dc4   0x000000c4   Code   RO          648    i.KeepRegistorDataHton  modbus.o
    0x08001e88   0x08001e88   0x00000002   Code   RO          208    i.MemManage_Handler  stm32l1xx_it.o
    0x08001e8a   0x08001e8a   0x00000002   PAD
    0x08001e8c   0x08001e8c   0x0000016c   Code   RO          649    i.ModbusReadInputRegistor  modbus.o
    0x08001ff8   0x08001ff8   0x000000ec   Code   RO          650    i.ModbusReadKeepRegistor  modbus.o
    0x080020e4   0x080020e4   0x00000044   Code   RO          651    i.ModbusReturnAckInfo  modbus.o
    0x08002128   0x08002128   0x000000b8   Code   RO          652    i.ModbusSetInitalValue  modbus.o
    0x080021e0   0x080021e0   0x00000108   Code   RO          653    i.ModbusWriteSingleRegistor  modbus.o
    0x080022e8   0x080022e8   0x0000027c   Code   RO          654    i.ModbusWriteSomeRegistor  modbus.o
    0x08002564   0x08002564   0x00000002   Code   RO          209    i.NMI_Handler       stm32l1xx_it.o
    0x08002566   0x08002566   0x00000002   PAD
    0x08002568   0x08002568   0x00000064   Code   RO          760    i.NVIC_Init         misc.o
    0x080025cc   0x080025cc   0x00000014   Code   RO          761    i.NVIC_PriorityGroupConfig  misc.o
    0x080025e0   0x080025e0   0x00000020   Code   RO            8    i.NVIC_SetPriority  main.o
    0x08002600   0x08002600   0x00000002   Code   RO          210    i.PendSV_Handler    stm32l1xx_it.o
    0x08002602   0x08002602   0x00000002   PAD
    0x08002604   0x08002604   0x00000364   Code   RO          655    i.ProcessTask       modbus.o
    0x08002968   0x08002968   0x00000018   Code   RO         2689    i.RCC_AHBPeriphClockCmd  stm32l1xx_rcc.o
    0x08002980   0x08002980   0x00000018   Code   RO         2692    i.RCC_APB1PeriphClockCmd  stm32l1xx_rcc.o
    0x08002998   0x08002998   0x00000018   Code   RO         2694    i.RCC_APB1PeriphResetCmd  stm32l1xx_rcc.o
    0x080029b0   0x080029b0   0x00000018   Code   RO         2695    i.RCC_APB2PeriphClockCmd  stm32l1xx_rcc.o
    0x080029c8   0x080029c8   0x00000018   Code   RO         2697    i.RCC_APB2PeriphResetCmd  stm32l1xx_rcc.o
    0x080029e0   0x080029e0   0x000000a8   Code   RO         2704    i.RCC_GetClocksFreq  stm32l1xx_rcc.o
    0x08002a88   0x08002a88   0x0000008c   Code   RO          656    i.ResetSoftware     modbus.o
    0x08002b14   0x08002b14   0x00000100   Code   RO          443    i.SPI2_Configuration  adxl355.o
    0x08002c14   0x08002c14   0x00000006   Code   RO          444    i.SPI2_ReadByte     adxl355.o
    0x08002c1a   0x08002c1a   0x00000002   PAD
    0x08002c1c   0x08002c1c   0x00000034   Code   RO          445    i.SPI2_WriteByte    adxl355.o
    0x08002c50   0x08002c50   0x00000014   Code   RO         3474    i.SPI_Cmd           stm32l1xx_spi.o
    0x08002c64   0x08002c64   0x00000054   Code   RO         3481    i.SPI_I2S_DeInit    stm32l1xx_spi.o
    0x08002cb8   0x08002cb8   0x0000000e   Code   RO         3482    i.SPI_I2S_GetFlagStatus  stm32l1xx_spi.o
    0x08002cc6   0x08002cc6   0x00000004   Code   RO         3485    i.SPI_I2S_ReceiveData  stm32l1xx_spi.o
    0x08002cca   0x08002cca   0x00000004   Code   RO         3486    i.SPI_I2S_SendData  stm32l1xx_spi.o
    0x08002cce   0x08002cce   0x00000038   Code   RO         3487    i.SPI_Init          stm32l1xx_spi.o
    0x08002d06   0x08002d06   0x00000002   Code   RO          211    i.SVC_Handler       stm32l1xx_it.o
    0x08002d08   0x08002d08   0x000000c4   Code   RO         4462    i.SetSysClock       system_stm32l1xx.o
    0x08002dcc   0x08002dcc   0x000000cc   Code   RO          212    i.SysTick_Handler   stm32l1xx_it.o
    0x08002e98   0x08002e98   0x00000054   Code   RO         4464    i.SystemInit        system_stm32l1xx.o
    0x08002eec   0x08002eec   0x00000034   Code   RO          310    i.U485SendData      uart.o
    0x08002f20   0x08002f20   0x000000b8   Code   RO          311    i.UART1_Configuration  uart.o
    0x08002fd8   0x08002fd8   0x00000018   Code   RO          314    i.USART1_ClearBuf_Flag  uart.o
    0x08002ff0   0x08002ff0   0x0000001c   Code   RO          315    i.USART1_GetChar    uart.o
    0x0800300c   0x0800300c   0x0000002c   Code   RO          316    i.USART1_GetCharBlock  uart.o
    0x08003038   0x08003038   0x0000008c   Code   RO          213    i.USART1_IRQHandler  stm32l1xx_it.o
    0x080030c4   0x080030c4   0x00000080   Code   RO          214    i.USART2_IRQHandler  stm32l1xx_it.o
    0x08003144   0x08003144   0x00000080   Code   RO          215    i.USART3_IRQHandler  stm32l1xx_it.o
    0x080031c4   0x080031c4   0x00000006   Code   RO         4212    i.USART_ClearFlag   stm32l1xx_usart.o
    0x080031ca   0x080031ca   0x0000000c   Code   RO         4213    i.USART_ClearITPendingBit  stm32l1xx_usart.o
    0x080031d6   0x080031d6   0x00000014   Code   RO         4216    i.USART_Cmd         stm32l1xx_usart.o
    0x080031ea   0x080031ea   0x0000000e   Code   RO         4219    i.USART_GetFlagStatus  stm32l1xx_usart.o
    0x080031f8   0x080031f8   0x0000003e   Code   RO         4220    i.USART_GetITStatus  stm32l1xx_usart.o
    0x08003236   0x08003236   0x00000030   Code   RO         4222    i.USART_ITConfig    stm32l1xx_usart.o
    0x08003266   0x08003266   0x00000002   PAD
    0x08003268   0x08003268   0x000000a4   Code   RO         4223    i.USART_Init        stm32l1xx_usart.o
    0x0800330c   0x0800330c   0x00000030   Code   RO          323    i.USART_PutChar     uart.o
    0x0800333c   0x0800333c   0x00000022   Code   RO          324    i.USART_PutData     uart.o
    0x0800335e   0x0800335e   0x00000008   Code   RO         4230    i.USART_ReceiveData  stm32l1xx_usart.o
    0x08003366   0x08003366   0x00000008   Code   RO         4233    i.USART_SendData    stm32l1xx_usart.o
    0x0800336e   0x0800336e   0x00000002   Code   RO          216    i.UsageFault_Handler  stm32l1xx_it.o
    0x08003370   0x08003370   0x00000020   Code   RO         4584    i.__0printf$1       mc_w.l(printf1.o)
    0x08003390   0x08003390   0x00000028   Code   RO         4906    i.__ARM_fpclassify  m_ws.l(fpclassify.o)
    0x080033b8   0x080033b8   0x00000388   Code   RO         4856    i.__ieee754_rem_pio2  m_ws.l(rred.o)
    0x08003740   0x08003740   0x000000fc   Code   RO         4838    i.__kernel_cos      m_ws.l(cos_i.o)
    0x0800383c   0x0800383c   0x000000aa   Code   RO         4908    i.__kernel_poly     m_ws.l(poly.o)
    0x080038e6   0x080038e6   0x00000002   PAD
    0x080038e8   0x080038e8   0x000000ec   Code   RO         4861    i.__kernel_sin      m_ws.l(sin_i.o)
    0x080039d4   0x080039d4   0x0000001a   Code   RO          657    i.__ltobf           modbus.o
    0x080039ee   0x080039ee   0x00000006   Code   RO         4842    i.__mathlib_dbl_infnan  m_ws.l(dunder.o)
    0x080039f4   0x080039f4   0x00000004   Code   RO         4843    i.__mathlib_dbl_infnan2  m_ws.l(dunder.o)
    0x080039f8   0x080039f8   0x0000000c   Code   RO         4844    i.__mathlib_dbl_invalid  m_ws.l(dunder.o)
    0x08003a04   0x08003a04   0x00000010   Code   RO         4847    i.__mathlib_dbl_underflow  m_ws.l(dunder.o)
    0x08003a14   0x08003a14   0x0000000e   Code   RO         4918    i.__scatterload_copy  mc_w.l(handlers.o)
    0x08003a22   0x08003a22   0x00000002   Code   RO         4919    i.__scatterload_null  mc_w.l(handlers.o)
    0x08003a24   0x08003a24   0x0000000e   Code   RO         4920    i.__scatterload_zeroinit  mc_w.l(handlers.o)
    0x08003a32   0x08003a32   0x00000002   PAD
    0x08003a34   0x08003a34   0x0000000c   Code   RO         4892    i.__set_errno       mc_w.l(errno.o)
    0x08003a40   0x08003a40   0x00000154   Code   RO         4591    i._printf_core      mc_w.l(printf1.o)
    0x08003b94   0x08003b94   0x00000220   Code   RO         4829    i.atan              m_ws.l(atan.o)
    0x08003db4   0x08003db4   0x00000180   Code   RO         4505    i.atan2             m_ws.l(atan2.o)
    0x08003f34   0x08003f34   0x0000009c   Code   RO         4513    i.cos               m_ws.l(cos.o)
    0x08003fd0   0x08003fd0   0x00000014   Code   RO          326    i.fputc             uart.o
    0x08003fe4   0x08003fe4   0x000000d8   Code   RO            9    i.main              main.o
    0x080040bc   0x080040bc   0x000000a0   Code   RO         4521    i.sin               m_ws.l(sin.o)
    0x0800415c   0x0800415c   0x00000008   Data   RO          659    .constdata          modbus.o
    0x08004164   0x08004164   0x00000004   PAD
    0x08004168   0x08004168   0x00000098   Data   RO         4830    .constdata          m_ws.l(atan.o)
    0x08004200   0x08004200   0x00000030   Data   RO         4839    .constdata          m_ws.l(cos_i.o)
    0x08004230   0x08004230   0x00000008   Data   RO         4855    .constdata          m_ws.l(qnan.o)
    0x08004238   0x08004238   0x000000c8   Data   RO         4858    .constdata          m_ws.l(rred.o)
    0x08004300   0x08004300   0x00000028   Data   RO         4862    .constdata          m_ws.l(sin_i.o)
    0x08004328   0x08004328   0x00000020   Data   RO         4916    Region$$Table       anon$$obj.o


    Execution Region RW_IRAM1 (Exec base: 0x20000000, Load base: 0x08004348, Size: 0x000019f8, Max: 0x00004000, ABSOLUTE)

    Exec Addr    Load Addr    Size         Type   Attr      Idx    E Section Name        Object

    0x20000000   0x08004348   0x00000008   Data   RW           14    .data               main.o
    0x20000008   0x08004350   0x00000004   Data   RW           15    .data               main.o
    0x2000000c   0x08004354   0x00000004   Data   RW           17    .data               main.o
    0x20000010   0x08004358   0x00000001   Data   RW           18    .data               main.o
    0x20000011   0x08004359   0x00000001   Data   RW           19    .data               main.o
    0x20000012   0x0800435a   0x00000002   PAD
    0x20000014   0x0800435c   0x00000004   Data   RW           20    .data               main.o
    0x20000018   0x08004360   0x00000004   Data   RW          217    .data               stm32l1xx_it.o
    0x2000001c   0x08004364   0x00000001   Data   RW          331    .data               uart.o
    0x2000001d   0x08004365   0x00000006   Data   RW          333    .data               uart.o
    0x20000023   0x0800436b   0x00000001   Data   RW          334    .data               uart.o
    0x20000024   0x0800436c   0x00000001   Data   RW          335    .data               uart.o
    0x20000025   0x0800436d   0x00000003   PAD
    0x20000028   0x08004370   0x00000004   Data   RW          504    .data               hmc5883.o
    0x2000002c   0x08004374   0x00000001   Data   RW          660    .data               modbus.o
    0x2000002d   0x08004375   0x00000001   Data   RW          661    .data               modbus.o
    0x2000002e   0x08004376   0x00000019   Data   RW         2727    .data               stm32l1xx_rcc.o
    0x20000047   0x0800438f   0x00000001   PAD
    0x20000048   0x08004390   0x0000001d   Data   RW         4465    .data               system_stm32l1xx.o
    0x20000065   0x080043ad   0x00000003   PAD
    0x20000068   0x080043b0   0x00000004   Data   RW         4881    .data               mc_w.l(stdout.o)
    0x2000006c   0x080043b4   0x00000004   Data   RW         4893    .data               mc_w.l(errno.o)
    0x20000070        -       0x00000034   Zero   RW           10    .bss                main.o
    0x200000a4        -       0x00000618   Zero   RW          327    .bss                uart.o
    0x200006bc        -       0x00000336   Zero   RW          658    .bss                modbus.o
    0x200009f2   0x080043b8   0x00000006   PAD
    0x200009f8        -       0x00001000   Zero   RW         4497    STACK               startup_stm32l1xx_md.o


==============================================================================

Image component sizes


      Code (inc. data)   RO Data    RW Data    ZI Data      Debug   Object Name

      1088         46          0          0          0       5244   adxl355.o
       100          8          0          0          0       1231   gpio.o
      1694         74          0          4          0       6776   hmc5883.o
       200         18          0          0          0       2552   iflash.o
       562         84          0         22         52     269126   main.o
       120         14          0          0          0     187875   misc.o
      4232        162          8          2        822      16197   modbus.o
        36          8        244          0       4096        804   startup_stm32l1xx_md.o
        92         22          0          0          0       2304   stm32l1xx_flash.o
       164          0          0          0          0       3323   stm32l1xx_gpio.o
       458         16          0          0          0       8498   stm32l1xx_i2c.o
       800        148          0          4          0       6866   stm32l1xx_it.o
       288         42          0         25          0       5324   stm32l1xx_rcc.o
       182         12          0          0          0       3671   stm32l1xx_spi.o
       342          6          0          0          0       6313   stm32l1xx_usart.o
       280         28          0         29          0       1713   system_stm32l1xx.o
       434         42          0          9       1560       6520   uart.o

    ----------------------------------------------------------------------
     11092        730        288        104       6536     534337   Object Totals
         0          0         32          0          0          0   (incl. Generated)
        20          0          4          9          6          0   (incl. Padding)

    ----------------------------------------------------------------------

      Code (inc. data)   RO Data    RW Data    ZI Data      Debug   Library Member Name

       544         70        152          0          0        124   atan.o
       384         38          0          0          0        144   atan2.o
       156          8          0          0          0        104   cos.o
       252         22         48          0          0        124   cos_i.o
        38          6          0          0          0        272   dunder.o
        40          0          0          0          0         68   fpclassify.o
       170          0          0          0          0         96   poly.o
         0          0          8          0          0          0   qnan.o
       904         76        200          0          0        140   rred.o
       160         10          0          0          0        108   sin.o
       236         12         40          0          0        128   sin_i.o
         0          0          0          0          0          0   entry.o
         0          0          0          0          0          0   entry10a.o
         0          0          0          0          0          0   entry11a.o
         8          4          0          0          0          0   entry2.o
         4          0          0          0          0          0   entry5.o
         0          0          0          0          0          0   entry7b.o
         0          0          0          0          0          0   entry8b.o
         8          4          0          0          0          0   entry9a.o
        12          6          0          4          0         68   errno.o
        30          0          0          0          0          0   handlers.o
        36          8          0          0          0         68   init.o
         0          0          0          0          0          0   iusefp.o
        30          0          0          0          0         68   llshl.o
        36          0          0          0          0         68   llsshr.o
        32          0          0          0          0         68   llushr.o
        36          0          0          0          0         68   memcpya.o
        36          0          0          0          0        108   memseta.o
       372         14          0          0          0        184   printf1.o
         0          0          0          4          0          0   stdout.o
        30          0          0          0          0         80   strncmp.o
        44          0          0          0          0         80   uidiv.o
        20          0          0          0          0         68   cfrcmple.o
        56          0          0          0          0         88   d2f.o
       334          0          0          0          0        148   dadd.o
       222          0          0          0          0        100   ddiv.o
       186          0          0          0          0        176   depilogue.o
        62          0          0          0          0         80   dfixi.o
        34          0          0          0          0         76   dflti.o
        26          0          0          0          0         76   dfltui.o
       228          0          0          0          0         96   dmul.o
        46          0          0          0          0         80   dscalb.o
        38          0          0          0          0         68   f2d.o
       176          0          0          0          0        140   fadd.o
       124          0          0          0          0         88   fdiv.o
       110          0          0          0          0        168   fepilogue.o
        18          0          0          0          0         68   fflti.o
        10          0          0          0          0         68   ffltui.o
       100          0          0          0          0         76   fmul.o

    ----------------------------------------------------------------------
      5396        278        448          8          0       3832   Library Totals
         8          0          0          0          0          0   (incl. Padding)

    ----------------------------------------------------------------------

      Code (inc. data)   RO Data    RW Data    ZI Data      Debug   Library Name

      2884        242        448          0          0       1308   m_ws.l
       714         36          0          8          0        860   mc_w.l
      1790          0          0          0          0       1664   mf_w.l

    ----------------------------------------------------------------------
      5396        278        448          8          0       3832   Library Totals

    ----------------------------------------------------------------------

==============================================================================


      Code (inc. data)   RO Data    RW Data    ZI Data      Debug   

     16488       1008        736        112       6536     530677   Grand Totals
     16488       1008        736        112       6536     530677   ELF Image Totals
     16488       1008        736        112          0          0   ROM Totals

==============================================================================

    Total RO  Size (Code + RO Data)                17224 (  16.82kB)
    Total RW  Size (RW Data + ZI Data)              6648 (   6.49kB)
    Total ROM Size (Code + RO Data + RW Data)      17336 (  16.93kB)

==============================================================================

