Component: ARM Compiler 5.06 update 6 (build 750) Tool: armlink [4d35ed]

==============================================================================

Section Cross References

    main.o(i.ClC_WatchDogTask) refers to gpio.o(i.GPIO_PinReverse) for GPIO_PinReverse
    main.o(i.Delay) refers to main.o(.data) for .data
    main.o(i.Init_Devices) refers to misc.o(i.NVIC_PriorityGroupConfig) for NVIC_PriorityGroupConfig
    main.o(i.Init_Devices) refers to gpio.o(i.GPIO_Configuration) for GPIO_Configuration
    main.o(i.Init_Devices) refers to main.o(i.Init_SysTick) for Init_SysTick
    main.o(i.Init_Devices) refers to uart.o(i.UART1_Configuration) for UART1_Configuration
    main.o(i.Init_Parameter) refers to iflash.o(i.EERead) for EERead
    main.o(i.Init_Parameter) refers to iflash.o(i.EEErase) for EEErase
    main.o(i.Init_Parameter) refers to iflash.o(i.EEWrite) for EEWrite
    main.o(i.Init_Parameter) refers to modbus.o(i.Get_SNInfo_Fun) for Get_SNInfo_Fun
    main.o(i.Init_Parameter) refers to modbus.o(.bss) for KeepRegister
    main.o(i.Init_SysTick) refers to main.o(i.NVIC_SetPriority) for NVIC_SetPriority
    main.o(i.Init_SysTick) refers to system_stm32l1xx.o(.data) for SystemCoreClock
    main.o(i.main) refers to main.o(i.Init_Devices) for Init_Devices
    main.o(i.main) refers to main.o(i.Init_Parameter) for Init_Parameter
    main.o(i.main) refers to main.o(i.ClC_WatchDogTask) for ClC_WatchDogTask
    main.o(i.main) refers to main.o(i.Delay) for Delay
    main.o(i.main) refers to hmc5883.o(i.HMC5883L_Init) for HMC5883L_Init
    main.o(i.main) refers to adxl355.o(i.ADXL355_Init) for ADXL355_Init
    main.o(i.main) refers to stm32l1xx_gpio.o(i.GPIO_ResetBits) for GPIO_ResetBits
    main.o(i.main) refers to modbus.o(i.ProcessTask) for ProcessTask
    stm32l1xx_it.o(i.I2C1_EV_IRQHandler) refers to stm32l1xx_i2c.o(i.I2C_GetITStatus) for I2C_GetITStatus
    stm32l1xx_it.o(i.I2C1_EV_IRQHandler) refers to stm32l1xx_i2c.o(i.I2C_ClearITPendingBit) for I2C_ClearITPendingBit
    stm32l1xx_it.o(i.SysTick_Handler) refers to main.o(.data) for TimingDelay
    stm32l1xx_it.o(i.SysTick_Handler) refers to main.o(.data) for SysTick_Count
    stm32l1xx_it.o(i.SysTick_Handler) refers to stm32l1xx_it.o(.data) for .data
    stm32l1xx_it.o(i.SysTick_Handler) refers to modbus.o(.bss) for InputRegister
    stm32l1xx_it.o(i.SysTick_Handler) refers to main.o(.data) for WorkTime
    stm32l1xx_it.o(i.SysTick_Handler) refers to main.o(.data) for Temp_Count
    stm32l1xx_it.o(i.SysTick_Handler) refers to main.o(.data) for WorkTimeOutFlag
    stm32l1xx_it.o(i.SysTick_Handler) refers to main.o(.data) for Temp_Flag
    stm32l1xx_it.o(i.SysTick_Handler) refers to uart.o(.data) for ModbusIntervalTime
    stm32l1xx_it.o(i.SysTick_Handler) refers to modbus.o(.data) for Modbus_FreeFlag
    stm32l1xx_it.o(i.USART1_IRQHandler) refers to stm32l1xx_usart.o(i.USART_GetITStatus) for USART_GetITStatus
    stm32l1xx_it.o(i.USART1_IRQHandler) refers to stm32l1xx_usart.o(i.USART_ReceiveData) for USART_ReceiveData
    stm32l1xx_it.o(i.USART1_IRQHandler) refers to stm32l1xx_usart.o(i.USART_ClearITPendingBit) for USART_ClearITPendingBit
    stm32l1xx_it.o(i.USART1_IRQHandler) refers to uart.o(.bss) for uart1_rbuf
    stm32l1xx_it.o(i.USART1_IRQHandler) refers to modbus.o(.data) for Modbus_BusyFlag
    stm32l1xx_it.o(i.USART1_IRQHandler) refers to modbus.o(.data) for Modbus_FreeFlag
    stm32l1xx_it.o(i.USART1_IRQHandler) refers to modbus.o(.bss) for ModbusDataPackage
    stm32l1xx_it.o(i.USART1_IRQHandler) refers to uart.o(.data) for ModbusIntervalTime
    stm32l1xx_it.o(i.USART2_IRQHandler) refers to stm32l1xx_usart.o(i.USART_GetITStatus) for USART_GetITStatus
    stm32l1xx_it.o(i.USART2_IRQHandler) refers to stm32l1xx_usart.o(i.USART_ReceiveData) for USART_ReceiveData
    stm32l1xx_it.o(i.USART2_IRQHandler) refers to stm32l1xx_usart.o(i.USART_ClearITPendingBit) for USART_ClearITPendingBit
    stm32l1xx_it.o(i.USART2_IRQHandler) refers to uart.o(.bss) for uart2_rbuf
    stm32l1xx_it.o(i.USART2_IRQHandler) refers to uart.o(.data) for Uart1Flag
    stm32l1xx_it.o(i.USART2_IRQHandler) refers to uart.o(.data) for USART2_INTERVAL_TIME
    stm32l1xx_it.o(i.USART3_IRQHandler) refers to stm32l1xx_usart.o(i.USART_GetITStatus) for USART_GetITStatus
    stm32l1xx_it.o(i.USART3_IRQHandler) refers to stm32l1xx_usart.o(i.USART_ReceiveData) for USART_ReceiveData
    stm32l1xx_it.o(i.USART3_IRQHandler) refers to stm32l1xx_usart.o(i.USART_ClearITPendingBit) for USART_ClearITPendingBit
    stm32l1xx_it.o(i.USART3_IRQHandler) refers to uart.o(.bss) for uart3_rbuf
    stm32l1xx_it.o(i.USART3_IRQHandler) refers to uart.o(.data) for Uart3Flag
    stm32l1xx_it.o(i.USART3_IRQHandler) refers to uart.o(.data) for USART3_INTERVAL_TIME
    uart.o(i.U485SendData) refers to stm32l1xx_gpio.o(i.GPIO_SetBits) for GPIO_SetBits
    uart.o(i.U485SendData) refers to uart.o(i.USART_PutData) for USART_PutData
[...]
    Removing stm32l1xx_tim.o(i.TIM_OC4FastConfig), (20 bytes).
    Removing stm32l1xx_tim.o(i.TIM_OC4Init), (60 bytes).
    Removing stm32l1xx_tim.o(i.TIM_OC4PolarityConfig), (20 bytes).
    Removing stm32l1xx_tim.o(i.TIM_OC4PreloadConfig), (20 bytes).
    Removing stm32l1xx_tim.o(i.TIM_OCStructInit), (12 bytes).
    Removing stm32l1xx_tim.o(i.TIM_PWMIConfig), (108 bytes).
    Removing stm32l1xx_tim.o(i.TIM_PrescalerConfig), (6 bytes).
    Removing stm32l1xx_tim.o(i.TIM_RemapConfig), (18 bytes).
    Removing stm32l1xx_tim.o(i.TIM_SelectCCDMA), (20 bytes).
    Removing stm32l1xx_tim.o(i.TIM_SelectHallSensor), (20 bytes).
    Removing stm32l1xx_tim.o(i.TIM_SelectInputTrigger), (12 bytes).
    Removing stm32l1xx_tim.o(i.TIM_SelectMasterSlaveMode), (16 bytes).
    Removing stm32l1xx_tim.o(i.TIM_SelectOCREFClear), (16 bytes).
    Removing stm32l1xx_tim.o(i.TIM_SelectOCxM), (70 bytes).
    Removing stm32l1xx_tim.o(i.TIM_SelectOnePulseMode), (16 bytes).
    Removing stm32l1xx_tim.o(i.TIM_SelectOutputTrigger), (16 bytes).
    Removing stm32l1xx_tim.o(i.TIM_SelectSlaveMode), (16 bytes).
    Removing stm32l1xx_tim.o(i.TIM_SetAutoreload), (4 bytes).
    Removing stm32l1xx_tim.o(i.TIM_SetClockDivision), (16 bytes).
    Removing stm32l1xx_tim.o(i.TIM_SetCompare1), (4 bytes).
    Removing stm32l1xx_tim.o(i.TIM_SetCompare2), (4 bytes).
    Removing stm32l1xx_tim.o(i.TIM_SetCompare3), (4 bytes).
    Removing stm32l1xx_tim.o(i.TIM_SetCompare4), (4 bytes).
    Removing stm32l1xx_tim.o(i.TIM_SetCounter), (4 bytes).
    Removing stm32l1xx_tim.o(i.TIM_SetIC1Prescaler), (16 bytes).
    Removing stm32l1xx_tim.o(i.TIM_SetIC2Prescaler), (24 bytes).
    Removing stm32l1xx_tim.o(i.TIM_SetIC3Prescaler), (16 bytes).
    Removing stm32l1xx_tim.o(i.TIM_SetIC4Prescaler), (24 bytes).
    Removing stm32l1xx_tim.o(i.TIM_TIxExternalClockConfig), (46 bytes).
    Removing stm32l1xx_tim.o(i.TIM_TimeBaseInit), (92 bytes).
    Removing stm32l1xx_tim.o(i.TIM_TimeBaseStructInit), (16 bytes).
    Removing stm32l1xx_tim.o(i.TIM_UpdateDisableConfig), (20 bytes).
    Removing stm32l1xx_tim.o(i.TIM_UpdateRequestConfig), (20 bytes).
    Removing stm32l1xx_usart.o(.rev16_text), (4 bytes).
    Removing stm32l1xx_usart.o(.revsh_text), (4 bytes).
    Removing stm32l1xx_usart.o(i.USART_ClockInit), (28 bytes).
    Removing stm32l1xx_usart.o(i.USART_ClockStructInit), (12 bytes).
    Removing stm32l1xx_usart.o(i.USART_DMACmd), (16 bytes).
    Removing stm32l1xx_usart.o(i.USART_DeInit), (116 bytes).
    Removing stm32l1xx_usart.o(i.USART_HalfDuplexCmd), (20 bytes).
    Removing stm32l1xx_usart.o(i.USART_IrDACmd), (20 bytes).
    Removing stm32l1xx_usart.o(i.USART_IrDAConfig), (16 bytes).
    Removing stm32l1xx_usart.o(i.USART_LINBreakDetectLengthConfig), (16 bytes).
    Removing stm32l1xx_usart.o(i.USART_LINCmd), (20 bytes).
    Removing stm32l1xx_usart.o(i.USART_OneBitMethodCmd), (20 bytes).
    Removing stm32l1xx_usart.o(i.USART_OverSampling8Cmd), (20 bytes).
    Removing stm32l1xx_usart.o(i.USART_ReceiverWakeUpCmd), (20 bytes).
    Removing stm32l1xx_usart.o(i.USART_SendBreak), (10 bytes).
    Removing stm32l1xx_usart.o(i.USART_SetAddress), (16 bytes).
    Removing stm32l1xx_usart.o(i.USART_SetGuardTime), (16 bytes).
    Removing stm32l1xx_usart.o(i.USART_SetPrescaler), (16 bytes).
    Removing stm32l1xx_usart.o(i.USART_SmartCardCmd), (20 bytes).
    Removing stm32l1xx_usart.o(i.USART_SmartCardNACKCmd), (20 bytes).
    Removing stm32l1xx_usart.o(i.USART_StructInit), (22 bytes).
    Removing stm32l1xx_usart.o(i.USART_WakeUpConfig), (16 bytes).
    Removing stm32l1xx_wwdg.o(.rev16_text), (4 bytes).
    Removing stm32l1xx_wwdg.o(.revsh_text), (4 bytes).
    Removing stm32l1xx_wwdg.o(i.WWDG_ClearFlag), (12 bytes).
    Removing stm32l1xx_wwdg.o(i.WWDG_DeInit), (24 bytes).
    Removing stm32l1xx_wwdg.o(i.WWDG_Enable), (16 bytes).
    Removing stm32l1xx_wwdg.o(i.WWDG_EnableIT), (16 bytes).
    Removing stm32l1xx_wwdg.o(i.WWDG_GetFlagStatus), (20 bytes).
    Removing stm32l1xx_wwdg.o(i.WWDG_SetCounter), (16 bytes).
    Removing stm32l1xx_wwdg.o(i.WWDG_SetPrescaler), (20 bytes).
    Removing stm32l1xx_wwdg.o(i.WWDG_SetWindowValue), (28 bytes).
    Removing system_stm32l1xx.o(.rev16_text), (4 bytes).
    Removing system_stm32l1xx.o(.revsh_text), (4 bytes).
    Removing system_stm32l1xx.o(i.SystemCoreClockUpdate), (144 bytes).
    Removing startup_stm32l1xx_md.o(HEAP), (512 bytes).

604 unused section(s) (total 19485 bytes) removed from the image.

==============================================================================

Image Symbol Table

    Local Symbols

    Symbol Name                              Value     Ov Type        Size  Object(Section)

    ../clib/microlib/errno.c                 0x00000000   Number         0  errno.o ABSOLUTE
    ../clib/microlib/init/entry.s            0x00000000   Number         0  entry9a.o ABSOLUTE
    ../clib/microlib/init/entry.s            0x00000000   Number         0  entry11a.o ABSOLUTE
    ../clib/microlib/init/entry.s            0x00000000   Number         0  entry10b.o ABSOLUTE
    ../clib/microlib/init/entry.s            0x00000000   Number         0  entry7a.o ABSOLUTE
    ../clib/microlib/init/entry.s            0x00000000   Number         0  entry10a.o ABSOLUTE
    ../clib/microlib/init/entry.s            0x00000000   Number         0  entry9b.o ABSOLUTE
    ../clib/microlib/init/entry.s            0x00000000   Number         0  entry5.o ABSOLUTE
    ../clib/microlib/init/entry.s            0x00000000   Number         0  entry8b.o ABSOLUTE
    ../clib/microlib/init/entry.s            0x00000000   Number         0  entry8a.o ABSOLUTE
    ../clib/microlib/init/entry.s            0x00000000   Number         0  entry2.o ABSOLUTE
    ../clib/microlib/init/entry.s            0x00000000   Number         0  entry7b.o ABSOLUTE
    ../clib/microlib/init/entry.s            0x00000000   Number         0  entry.o ABSOLUTE
    ../clib/microlib/init/entry.s            0x00000000   Number         0  entry11b.o ABSOLUTE
    ../clib/microlib/longlong.c              0x00000000   Number         0  llushr.o ABSOLUTE
    ../clib/microlib/longlong.c              0x00000000   Number         0  llsshr.o ABSOLUTE
    ../clib/microlib/longlong.c              0x00000000   Number         0  llshl.o ABSOLUTE
    ../clib/microlib/stdio/fflush.c          0x00000000   Number         0  fflush.o ABSOLUTE
    ../clib/microlib/stdio/streams.c         0x00000000   Number         0  stdout.o ABSOLUTE
    ../clib/microlib/string/memcpy.c         0x00000000   Number         0  memcpyb.o ABSOLUTE
    ../clib/microlib/string/memcpy.c         0x00000000   Number         0  memcpya.o ABSOLUTE
    ../clib/microlib/string/memset.c         0x00000000   Number         0  memseta.o ABSOLUTE
    ../clib/microlib/string/strncmp.c        0x00000000   Number         0  strncmp.o ABSOLUTE
    ../clib/microlib/stubs.s                 0x00000000   Number         0  iusefp.o ABSOLUTE
    ../fplib/microlib/d2f.c                  0x00000000   Number         0  d2f.o ABSOLUTE
    ../fplib/microlib/f2d.c                  0x00000000   Number         0  f2d.o ABSOLUTE
    ../fplib/microlib/fpadd.c                0x00000000   Number         0  dadd.o ABSOLUTE
    ../fplib/microlib/fpadd.c                0x00000000   Number         0  fadd.o ABSOLUTE
    ../fplib/microlib/fpdiv.c                0x00000000   Number         0  ddiv.o ABSOLUTE
    ../fplib/microlib/fpdiv.c                0x00000000   Number         0  fdiv.o ABSOLUTE
    ../fplib/microlib/fpepilogue.c           0x00000000   Number         0  depilogue.o ABSOLUTE
    ../fplib/microlib/fpepilogue.c           0x00000000   Number         0  fepilogue.o ABSOLUTE
    ../fplib/microlib/fpfix.c                0x00000000   Number         0  dfixi.o ABSOLUTE
    ../fplib/microlib/fpflt.c                0x00000000   Number         0  ffltui.o ABSOLUTE
    ../fplib/microlib/fpflt.c                0x00000000   Number         0  dflti.o ABSOLUTE
    ../fplib/microlib/fpflt.c                0x00000000   Number         0  dfltui.o ABSOLUTE
    ../fplib/microlib/fpflt.c                0x00000000   Number         0  fflti.o ABSOLUTE
    ../fplib/microlib/fpmul.c                0x00000000   Number         0  dmul.o ABSOLUTE
    ../fplib/microlib/fpmul.c                0x00000000   Number         0  fmul.o ABSOLUTE
    ../fplib/microlib/fpscalb.c              0x00000000   Number         0  dscalb.o ABSOLUTE
    ../mathlib/atan.c                        0x00000000   Number         0  atan.o ABSOLUTE
    ../mathlib/atan.c                        0x00000000   Number         0  atan_x.o ABSOLUTE
    ../mathlib/atan2.c                       0x00000000   Number         0  atan2.o ABSOLUTE
    ../mathlib/atan2.c                       0x00000000   Number         0  atan2_x.o ABSOLUTE
    ../mathlib/cos.c                         0x00000000   Number         0  cos.o ABSOLUTE
    ../mathlib/cos.c                         0x00000000   Number         0  cos_x.o ABSOLUTE
    ../mathlib/cos_i.c                       0x00000000   Number         0  cos_i.o ABSOLUTE
    ../mathlib/dunder.c                      0x00000000   Number         0  dunder.o ABSOLUTE
    ../mathlib/fpclassify.c                  0x00000000   Number         0  fpclassify.o ABSOLUTE
    ../mathlib/poly.c                        0x00000000   Number         0  poly.o ABSOLUTE
    ../mathlib/qnan.c                        0x00000000   Number         0  qnan.o ABSOLUTE
    ../mathlib/rred.c                        0x00000000   Number         0  rred.o ABSOLUTE
    ../mathlib/sin.c                         0x00000000   Number         0  sin.o ABSOLUTE
    ../mathlib/sin.c                         0x00000000   Number         0  sin_x.o ABSOLUTE
    ../mathlib/sin_i.c                       0x00000000   Number         0  sin_i_x.o ABSOLUTE
    ../mathlib/sin_i.c                       0x00000000   Number         0  sin_i.o ABSOLUTE
    CMSIS\startup\arm\startup_stm32l1xx_md.s 0x00000000   Number         0  startup_stm32l1xx_md.o ABSOLUTE
    FWlib\\src\\misc.c                       0x00000000   Number         0  misc.o ABSOLUTE
    FWlib\\src\\stm32l1xx_adc.c              0x00000000   Number         0  stm32l1xx_adc.o ABSOLUTE
    FWlib\\src\\stm32l1xx_aes.c              0x00000000   Number         0  stm32l1xx_aes.o ABSOLUTE
    FWlib\\src\\stm32l1xx_aes_util.c         0x00000000   Number         0  stm32l1xx_aes_util.o ABSOLUTE
    FWlib\\src\\stm32l1xx_comp.c             0x00000000   Number         0  stm32l1xx_comp.o ABSOLUTE
    FWlib\\src\\stm32l1xx_crc.c              0x00000000   Number         0  stm32l1xx_crc.o ABSOLUTE
    FWlib\\src\\stm32l1xx_dac.c              0x00000000   Number         0  stm32l1xx_dac.o ABSOLUTE
    FWlib\\src\\stm32l1xx_dbgmcu.c           0x00000000   Number         0  stm32l1xx_dbgmcu.o ABSOLUTE
    FWlib\\src\\stm32l1xx_dma.c              0x00000000   Number         0  stm32l1xx_dma.o ABSOLUTE
    FWlib\\src\\stm32l1xx_exti.c             0x00000000   Number         0  stm32l1xx_exti.o ABSOLUTE
    FWlib\\src\\stm32l1xx_flash.c            0x00000000   Number         0  stm32l1xx_flash.o ABSOLUTE
    FWlib\\src\\stm32l1xx_flash_ramfunc.c    0x00000000   Number         0  stm32l1xx_flash_ramfunc.o ABSOLUTE
    FWlib\\src\\stm32l1xx_fsmc.c             0x00000000   Number         0  stm32l1xx_fsmc.o ABSOLUTE
    FWlib\\src\\stm32l1xx_gpio.c             0x00000000   Number         0  stm32l1xx_gpio.o ABSOLUTE
    FWlib\\src\\stm32l1xx_i2c.c              0x00000000   Number         0  stm32l1xx_i2c.o ABSOLUTE
    FWlib\\src\\stm32l1xx_iwdg.c             0x00000000   Number         0  stm32l1xx_iwdg.o ABSOLUTE
    FWlib\\src\\stm32l1xx_lcd.c              0x00000000   Number         0  stm32l1xx_lcd.o ABSOLUTE
    FWlib\\src\\stm32l1xx_opamp.c            0x00000000   Number         0  stm32l1xx_opamp.o ABSOLUTE
    FWlib\\src\\stm32l1xx_pwr.c              0x00000000   Number         0  stm32l1xx_pwr.o ABSOLUTE
    FWlib\\src\\stm32l1xx_rcc.c              0x00000000   Number         0  stm32l1xx_rcc.o ABSOLUTE
    FWlib\\src\\stm32l1xx_rtc.c              0x00000000   Number         0  stm32l1xx_rtc.o ABSOLUTE
    FWlib\\src\\stm32l1xx_sdio.c             0x00000000   Number         0  stm32l1xx_sdio.o ABSOLUTE
    FWlib\\src\\stm32l1xx_spi.c              0x00000000   Number         0  stm32l1xx_spi.o ABSOLUTE
    FWlib\\src\\stm32l1xx_syscfg.c           0x00000000   Number         0  stm32l1xx_syscfg.o ABSOLUTE
    FWlib\\src\\stm32l1xx_tim.c              0x00000000   Number         0  stm32l1xx_tim.o ABSOLUTE
    FWlib\\src\\stm32l1xx_usart.c            0x00000000   Number         0  stm32l1xx_usart.o ABSOLUTE
    FWlib\\src\\stm32l1xx_wwdg.c             0x00000000   Number         0  stm32l1xx_wwdg.o ABSOLUTE
    FWlib\src\misc.c                         0x00000000   Number         0  misc.o ABSOLUTE
    FWlib\src\stm32l1xx_adc.c                0x00000000   Number         0  stm32l1xx_adc.o ABSOLUTE
    FWlib\src\stm32l1xx_aes.c                0x00000000   Number         0  stm32l1xx_aes.o ABSOLUTE
    FWlib\src\stm32l1xx_aes_util.c           0x00000000   Number         0  stm32l1xx_aes_util.o ABSOLUTE
    FWlib\src\stm32l1xx_comp.c               0x00000000   Number         0  stm32l1xx_comp.o ABSOLUTE
    FWlib\src\stm32l1xx_crc.c                0x00000000   Number         0  stm32l1xx_crc.o ABSOLUTE
    FWlib\src\stm32l1xx_dac.c                0x00000000   Number         0  stm32l1xx_dac.o ABSOLUTE
    FWlib\src\stm32l1xx_dbgmcu.c             0x00000000   Number         0  stm32l1xx_dbgmcu.o ABSOLUTE
    FWlib\src\stm32l1xx_dma.c                0x00000000   Number         0  stm32l1xx_dma.o ABSOLUTE
    FWlib\src\stm32l1xx_exti.c               0x00000000   Number         0  stm32l1xx_exti.o ABSOLUTE
    FWlib\src\stm32l1xx_flash.c              0x00000000   Number         0  stm32l1xx_flash.o ABSOLUTE
    FWlib\src\stm32l1xx_flash_ramfunc.c      0x00000000   Number         0  stm32l1xx_flash_ramfunc.o ABSOLUTE
    FWlib\src\stm32l1xx_fsmc.c               0x00000000   Number         0  stm32l1xx_fsmc.o ABSOLUTE
    FWlib\src\stm32l1xx_gpio.c               0x00000000   Number         0  stm32l1xx_gpio.o ABSOLUTE
    FWlib\src\stm32l1xx_i2c.c                0x00000000   Number         0  stm32l1xx_i2c.o ABSOLUTE
    FWlib\src\stm32l1xx_iwdg.c               0x00000000   Number         0  stm32l1xx_iwdg.o ABSOLUTE
    FWlib\src\stm32l1xx_lcd.c                0x00000000   Number         0  stm32l1xx_lcd.o ABSOLUTE
    FWlib\src\stm32l1xx_opamp.c              0x00000000   Number         0  stm32l1xx_opamp.o ABSOLUTE
    FWlib\src\stm32l1xx_pwr.c                0x00000000   Number         0  stm32l1xx_pwr.o ABSOLUTE
    FWlib\src\stm32l1xx_rcc.c                0x00000000   Number         0  stm32l1xx_rcc.o ABSOLUTE
    FWlib\src\stm32l1xx_rtc.c                0x00000000   Number         0  stm32l1xx_rtc.o ABSOLUTE
    FWlib\src\stm32l1xx_sdio.c               0x00000000   Number         0  stm32l1xx_sdio.o ABSOLUTE
    FWlib\src\stm32l1xx_spi.c                0x00000000   Number         0  stm32l1xx_spi.o ABSOLUTE
    FWlib\src\stm32l1xx_syscfg.c             0x00000000   Number         0  stm32l1xx_syscfg.o ABSOLUTE
    FWlib\src\stm32l1xx_tim.c                0x00000000   Number         0  stm32l1xx_tim.o ABSOLUTE
    FWlib\src\stm32l1xx_usart.c              0x00000000   Number         0  stm32l1xx_usart.o ABSOLUTE
    FWlib\src\stm32l1xx_wwdg.c               0x00000000   Number         0  stm32l1xx_wwdg.o ABSOLUTE
    User\ADXL355.c                           0x00000000   Number         0  adxl355.o ABSOLUTE
    User\HMC5883.c                           0x00000000   Number         0  hmc5883.o ABSOLUTE
    User\IFlash.c                            0x00000000   Number         0  iflash.o ABSOLUTE
    User\Modbus.c                            0x00000000   Number         0  modbus.o ABSOLUTE
    User\\ADXL355.c                          0x00000000   Number         0  adxl355.o ABSOLUTE
    User\\HMC5883.c                          0x00000000   Number         0  hmc5883.o ABSOLUTE
    User\\IFlash.c                           0x00000000   Number         0  iflash.o ABSOLUTE
    User\\Modbus.c                           0x00000000   Number         0  modbus.o ABSOLUTE
    User\\gpio.c                             0x00000000   Number         0  gpio.o ABSOLUTE
    User\\main.c                             0x00000000   Number         0  main.o ABSOLUTE
    User\\stm32l1xx_it.c                     0x00000000   Number         0  stm32l1xx_it.o ABSOLUTE
    User\\system_stm32l1xx.c                 0x00000000   Number         0  system_stm32l1xx.o ABSOLUTE
    User\\uart.c                             0x00000000   Number         0  uart.o ABSOLUTE
    User\gpio.c                              0x00000000   Number         0  gpio.o ABSOLUTE
    User\main.c                              0x00000000   Number         0  main.o ABSOLUTE
    User\stm32l1xx_it.c                      0x00000000   Number         0  stm32l1xx_it.o ABSOLUTE
    User\system_stm32l1xx.c                  0x00000000   Number         0  system_stm32l1xx.o ABSOLUTE
    User\uart.c                              0x00000000   Number         0  uart.o ABSOLUTE
    cfrcmple.s                               0x00000000   Number         0  cfrcmple.o ABSOLUTE
    dc.s                                     0x00000000   Number         0  dc.o ABSOLUTE
    handlers.s                               0x00000000   Number         0  handlers.o ABSOLUTE
    init.s                                   0x00000000   Number         0  init.o ABSOLUTE
    RESET                                    0x08008000   Section      244  startup_stm32l1xx_md.o(RESET)
    .ARM.Collect$$$$00000000                 0x080080f4   Section        0  entry.o(.ARM.Collect$$$$00000000)
    .ARM.Collect$$$$00000001                 0x080080f4   Section        4  entry2.o(.ARM.Collect$$$$00000001)
    .ARM.Collect$$$$00000004                 0x080080f8   Section        4  entry5.o(.ARM.Collect$$$$00000004)
    .ARM.Collect$$$$00000008                 0x080080fc   Section        0  entry7b.o(.ARM.Collect$$$$00000008)
    .ARM.Collect$$$$0000000A                 0x080080fc   Section        0  entry8b.o(.ARM.Collect$$$$0000000A)
    .ARM.Collect$$$$0000000B                 0x080080fc   Section        8  entry9a.o(.ARM.Collect$$$$0000000B)
    .ARM.Collect$$$$0000000D                 0x08008104   Section        0  entry10a.o(.ARM.Collect$$$$0000000D)
    .ARM.Collect$$$$0000000F                 0x08008104   Section        0  entry11a.o(.ARM.Collect$$$$0000000F)
    .ARM.Collect$$$$00002712                 0x08008104   Section        4  entry2.o(.ARM.Collect$$$$00002712)
    __lit__00000000                          0x08008104   Data           4  entry2.o(.ARM.Collect$$$$00002712)
    .text                                    0x08008108   Section       36  startup_stm32l1xx_md.o(.text)
    .text                                    0x0800812c   Section        0  memcpya.o(.text)
    .text                                    0x08008150   Section        0  memseta.o(.text)
    .text                                    0x08008174   Section        0  strncmp.o(.text)
    .text                                    0x08008192   Section        0  fadd.o(.text)
    .text                                    0x08008242   Section        0  fmul.o(.text)
    .text                                    0x080082a6   Section        0  fdiv.o(.text)
    .text                                    0x08008322   Section        0  dadd.o(.text)
    .text                                    0x08008470   Section        0  dmul.o(.text)
    .text                                    0x08008554   Section        0  ddiv.o(.text)
    .text                                    0x08008632   Section        0  dscalb.o(.text)
    .text                                    0x08008660   Section        0  fflti.o(.text)
    .text                                    0x08008672   Section        0  ffltui.o(.text)
    .text                                    0x0800867c   Section        0  dflti.o(.text)
    .text                                    0x0800869e   Section        0  dfltui.o(.text)
    .text                                    0x080086b8   Section        0  f2d.o(.text)
    .text                                    0x080086de   Section        0  d2f.o(.text)
    .text                                    0x08008718   Section       20  cfrcmple.o(.text)
    .text                                    0x0800872c   Section        0  llshl.o(.text)
    .text                                    0x0800874a   Section        0  llsshr.o(.text)
    .text                                    0x0800876e   Section        0  iusefp.o(.text)
    .text                                    0x0800876e   Section        0  fepilogue.o(.text)
    .text                                    0x080087dc   Section        0  depilogue.o(.text)
    .text                                    0x08008898   Section       36  init.o(.text)
    .text                                    0x080088bc   Section        0  llushr.o(.text)
    .text                                    0x080088dc   Section        0  dfixi.o(.text)
    i.ADXL355_Init                           0x0800891a   Section        0  adxl355.o(i.ADXL355_Init)
    i.ADXL355_ReadREG                        0x08008960   Section        0  adxl355.o(i.ADXL355_ReadREG)
    i.ADXL355_Samp50_Task                    0x0800899c   Section        0  adxl355.o(i.ADXL355_Samp50_Task)
    i.ADXL355_WriteReg                       0x08008be4   Section        0  adxl355.o(i.ADXL355_WriteReg)
    i.BusFault_Handler                       0x08008c20   Section        0  stm32l1xx_it.o(i.BusFault_Handler)
    i.CRC16_Check                            0x08008c22   Section        0  modbus.o(i.CRC16_Check)
    i.ClC_WatchDogTask                       0x08008c58   Section        0  main.o(i.ClC_WatchDogTask)
    i.DATA_EEPROM_Lock                       0x08008c64   Section        0  stm32l1xx_flash.o(i.DATA_EEPROM_Lock)
    i.DATA_EEPROM_Unlock                     0x08008c74   Section        0  stm32l1xx_flash.o(i.DATA_EEPROM_Unlock)
    i.DebugMon_Handler                       0x08008c98   Section        0  stm32l1xx_it.o(i.DebugMon_Handler)
    i.Delay                                  0x08008c9c   Section        0  main.o(i.Delay)
    i.EEErase                                0x08008cb0   Section        0  iflash.o(i.EEErase)
    i.EERead                                 0x08008cd4   Section        0  iflash.o(i.EERead)
    i.EERead_Z                               0x08008d08   Section        0  iflash.o(i.EERead_Z)
    i.EEWrite                                0x08008d3c   Section        0  iflash.o(i.EEWrite)
    i.Euler_Solution                         0x08008d78   Section        0  modbus.o(i.Euler_Solution)
    i.FLASH_GetStatus                        0x08008ee4   Section        0  stm32l1xx_flash.o(i.FLASH_GetStatus)
    i.GPIO_Configuration                     0x08008f0c   Section        0  gpio.o(i.GPIO_Configuration)
    i.GPIO_Init                              0x08008f68   Section        0  stm32l1xx_gpio.o(i.GPIO_Init)
    i.GPIO_PinAFConfig                       0x08008fd6   Section        0  stm32l1xx_gpio.o(i.GPIO_PinAFConfig)
    i.GPIO_PinReverse                        0x08008ff6   Section        0  gpio.o(i.GPIO_PinReverse)
    i.GPIO_ReadInputDataBit                  0x08008ffe   Section        0  stm32l1xx_gpio.o(i.GPIO_ReadInputDataBit)
    i.GPIO_ResetBits                         0x0800900c   Section        0  stm32l1xx_gpio.o(i.GPIO_ResetBits)
    i.GPIO_SetBits                           0x08009010   Section        0  stm32l1xx_gpio.o(i.GPIO_SetBits)
    i.Get_SNInfo_Fun                         0x08009014   Section        0  modbus.o(i.Get_SNInfo_Fun)
    i.HMC5883L_I2CRead                       0x08009050   Section        0  hmc5883.o(i.HMC5883L_I2CRead)
    i.HMC5883L_I2CWrite                      0x080091e4   Section        0  hmc5883.o(i.HMC5883L_I2CWrite)
    i.HMC5883L_Init                          0x08009300   Section        0  hmc5883.o(i.HMC5883L_Init)
    i.HMC5883L_MAG_TASK                      0x08009304   Section        0  hmc5883.o(i.HMC5883L_MAG_TASK)
    i.HMC5883L_SetMode                       0x0800955c   Section        0  hmc5883.o(i.HMC5883L_SetMode)
    i.HMC5883L_Task                          0x08009590   Section        0  hmc5883.o(i.HMC5883L_Task)
    i.HMC5883_Offset                         0x08009624   Section        0  modbus.o(i.HMC5883_Offset)
    i.HardFault_Handler                      0x0800970c   Section        0  stm32l1xx_it.o(i.HardFault_Handler)
    i.I2C1_EV_IRQHandler                     0x08009710   Section        0  stm32l1xx_it.o(i.I2C1_EV_IRQHandler)
    i.I2C1_Init                              0x080097c8   Section        0  hmc5883.o(i.I2C1_Init)
    i.I2C_AcknowledgeConfig                  0x080098a0   Section        0  stm32l1xx_i2c.o(i.I2C_AcknowledgeConfig)
    i.I2C_CheckEvent                         0x080098b4   Section        0  stm32l1xx_i2c.o(i.I2C_CheckEvent)
    i.I2C_ClearITPendingBit                  0x080098cc   Section        0  stm32l1xx_i2c.o(i.I2C_ClearITPendingBit)
    i.I2C_Cmd                                0x080098d2   Section        0  stm32l1xx_i2c.o(i.I2C_Cmd)
    i.I2C_DeInit                             0x080098e8   Section        0  stm32l1xx_i2c.o(i.I2C_DeInit)
    i.I2C_GenerateSTART                      0x08009914   Section        0  stm32l1xx_i2c.o(i.I2C_GenerateSTART)
    i.I2C_GenerateSTOP                       0x08009928   Section        0  stm32l1xx_i2c.o(i.I2C_GenerateSTOP)
    i.I2C_GetFlagStatus                      0x0800993c   Section        0  stm32l1xx_i2c.o(i.I2C_GetFlagStatus)
    i.I2C_GetITStatus                        0x08009966   Section        0  stm32l1xx_i2c.o(i.I2C_GetITStatus)
    i.I2C_ITConfig                           0x0800998a   Section        0  stm32l1xx_i2c.o(i.I2C_ITConfig)
    i.I2C_Init                               0x0800999c   Section        0  stm32l1xx_i2c.o(i.I2C_Init)
    i.I2C_ReceiveData                        0x08009a54   Section        0  stm32l1xx_i2c.o(i.I2C_ReceiveData)
    i.I2C_Send7bitAddress                    0x08009a5a   Section        0  stm32l1xx_i2c.o(i.I2C_Send7bitAddress)
    i.I2C_SendData                           0x08009a6a   Section        0  stm32l1xx_i2c.o(i.I2C_SendData)
    i.Init_Devices                           0x08009a6e   Section        0  main.o(i.Init_Devices)
    i.Init_Parameter                         0x08009a8c   Section        0  main.o(i.Init_Parameter)
    i.Init_SysTick                           0x08009b48   Section        0  main.o(i.Init_SysTick)
    i.InputRegistorDataHton                  0x08009b88   Section        0  modbus.o(i.InputRegistorDataHton)
    i.InstructionTask                        0x08009cb0   Section        0  modbus.o(i.InstructionTask)
    i.KeepRegistorDataHton                   0x08009d9c   Section        0  modbus.o(i.KeepRegistorDataHton)
    i.MemManage_Handler                      0x08009e60   Section        0  stm32l1xx_it.o(i.MemManage_Handler)
    i.ModbusReadInputRegistor                0x08009e64   Section        0  modbus.o(i.ModbusReadInputRegistor)
    i.ModbusReadKeepRegistor                 0x08009fd0   Section        0  modbus.o(i.ModbusReadKeepRegistor)
    i.ModbusReturnAckInfo                    0x0800a0bc   Section        0  modbus.o(i.ModbusReturnAckInfo)
    i.ModbusSetInitalValue                   0x0800a100   Section        0  modbus.o(i.ModbusSetInitalValue)
    i.ModbusWriteSingleRegistor              0x0800a1b8   Section        0  modbus.o(i.ModbusWriteSingleRegistor)
    i.ModbusWriteSomeRegistor                0x0800a2c0   Section        0  modbus.o(i.ModbusWriteSomeRegistor)
    i.NMI_Handler                            0x0800a53c   Section        0  stm32l1xx_it.o(i.NMI_Handler)
    i.NVIC_Init                              0x0800a540   Section        0  misc.o(i.NVIC_Init)
    i.NVIC_PriorityGroupConfig               0x0800a5a4   Section        0  misc.o(i.NVIC_PriorityGroupConfig)
    i.NVIC_SetPriority                       0x0800a5b8   Section        0  main.o(i.NVIC_SetPriority)
    NVIC_SetPriority                         0x0800a5b9   Thumb Code    32  main.o(i.NVIC_SetPriority)
    i.NVIC_SystemReset                       0x0800a5d8   Section        0  hmc5883.o(i.NVIC_SystemReset)
    NVIC_SystemReset                         0x0800a5d9   Thumb Code    24  hmc5883.o(i.NVIC_SystemReset)
    i.PendSV_Handler                         0x0800a5f8   Section        0  stm32l1xx_it.o(i.PendSV_Handler)
    i.ProcessTask                            0x0800a5fc   Section        0  modbus.o(i.ProcessTask)
    i.RCC_AHBPeriphClockCmd                  0x0800a954   Section        0  stm32l1xx_rcc.o(i.RCC_AHBPeriphClockCmd)
    i.RCC_APB1PeriphClockCmd                 0x0800a96c   Section        0  stm32l1xx_rcc.o(i.RCC_APB1PeriphClockCmd)
    i.RCC_APB1PeriphResetCmd                 0x0800a984   Section        0  stm32l1xx_rcc.o(i.RCC_APB1PeriphResetCmd)
    i.RCC_APB2PeriphClockCmd                 0x0800a99c   Section        0  stm32l1xx_rcc.o(i.RCC_APB2PeriphClockCmd)
    i.RCC_APB2PeriphResetCmd                 0x0800a9b4   Section        0  stm32l1xx_rcc.o(i.RCC_APB2PeriphResetCmd)
    i.RCC_GetClocksFreq                      0x0800a9cc   Section        0  stm32l1xx_rcc.o(i.RCC_GetClocksFreq)
    i.SPI2_Configuration                     0x0800aa74   Section        0  adxl355.o(i.SPI2_Configuration)
    i.SPI2_ReadByte                          0x0800ab74   Section        0  adxl355.o(i.SPI2_ReadByte)
    i.SPI2_WriteByte                         0x0800ab7c   Section        0  adxl355.o(i.SPI2_WriteByte)
    i.SPI_Cmd                                0x0800abb0   Section        0  stm32l1xx_spi.o(i.SPI_Cmd)
    i.SPI_I2S_DeInit                         0x0800abc4   Section        0  stm32l1xx_spi.o(i.SPI_I2S_DeInit)
    i.SPI_I2S_GetFlagStatus                  0x0800ac18   Section        0  stm32l1xx_spi.o(i.SPI_I2S_GetFlagStatus)
    i.SPI_I2S_ReceiveData                    0x0800ac26   Section        0  stm32l1xx_spi.o(i.SPI_I2S_ReceiveData)
    i.SPI_I2S_SendData                       0x0800ac2a   Section        0  stm32l1xx_spi.o(i.SPI_I2S_SendData)
    i.SPI_Init                               0x0800ac2e   Section        0  stm32l1xx_spi.o(i.SPI_Init)
    i.SVC_Handler                            0x0800ac66   Section        0  stm32l1xx_it.o(i.SVC_Handler)
    i.SetSysClock                            0x0800ac68   Section        0  system_stm32l1xx.o(i.SetSysClock)
    SetSysClock                              0x0800ac69   Thumb Code   184  system_stm32l1xx.o(i.SetSysClock)
    i.SysTick_Handler                        0x0800ad2c   Section        0  stm32l1xx_it.o(i.SysTick_Handler)
    i.SystemInit                             0x0800adf8   Section        0  system_stm32l1xx.o(i.SystemInit)
    i.U485SendData                           0x0800ae4c   Section        0  uart.o(i.U485SendData)
    i.UART1_Configuration                    0x0800ae80   Section        0  uart.o(i.UART1_Configuration)
    i.USART1_ClearBuf_Flag                   0x0800af38   Section        0  uart.o(i.USART1_ClearBuf_Flag)
    i.USART1_GetChar                         0x0800af50   Section        0  uart.o(i.USART1_GetChar)
    i.USART1_GetCharBlock                    0x0800af6c   Section        0  uart.o(i.USART1_GetCharBlock)
    i.USART1_IRQHandler                      0x0800af98   Section        0  stm32l1xx_it.o(i.USART1_IRQHandler)
    i.USART2_IRQHandler                      0x0800b024   Section        0  stm32l1xx_it.o(i.USART2_IRQHandler)
    i.USART3_IRQHandler                      0x0800b0a0   Section        0  stm32l1xx_it.o(i.USART3_IRQHandler)
    i.USART_ClearFlag                        0x0800b11c   Section        0  stm32l1xx_usart.o(i.USART_ClearFlag)
    i.USART_ClearITPendingBit                0x0800b122   Section        0  stm32l1xx_usart.o(i.USART_ClearITPendingBit)
    i.USART_Cmd                              0x0800b12e   Section        0  stm32l1xx_usart.o(i.USART_Cmd)
    i.USART_GetFlagStatus                    0x0800b142   Section        0  stm32l1xx_usart.o(i.USART_GetFlagStatus)
    i.USART_GetITStatus                      0x0800b150   Section        0  stm32l1xx_usart.o(i.USART_GetITStatus)
    i.USART_ITConfig                         0x0800b18e   Section        0  stm32l1xx_usart.o(i.USART_ITConfig)
    i.USART_Init                             0x0800b1c0   Section        0  stm32l1xx_usart.o(i.USART_Init)
    i.USART_PutChar                          0x0800b264   Section        0  uart.o(i.USART_PutChar)
    i.USART_PutData                          0x0800b294   Section        0  uart.o(i.USART_PutData)
    i.USART_ReceiveData                      0x0800b2b6   Section        0  stm32l1xx_usart.o(i.USART_ReceiveData)
    i.USART_SendData                         0x0800b2be   Section        0  stm32l1xx_usart.o(i.USART_SendData)
    i.UsageFault_Handler                     0x0800b2c6   Section        0  stm32l1xx_it.o(i.UsageFault_Handler)
    i.__ARM_fpclassify                       0x0800b2c8   Section        0  fpclassify.o(i.__ARM_fpclassify)
    i.__ieee754_rem_pio2                     0x0800b2f0   Section        0  rred.o(i.__ieee754_rem_pio2)
    i.__kernel_cos                           0x0800b678   Section        0  cos_i.o(i.__kernel_cos)
    i.__kernel_poly                          0x0800b774   Section        0  poly.o(i.__kernel_poly)
    i.__kernel_sin                           0x0800b820   Section        0  sin_i.o(i.__kernel_sin)
    i.__ltobf                                0x0800b90c   Section        0  modbus.o(i.__ltobf)
    __ltobf                                  0x0800b90d   Thumb Code    26  modbus.o(i.__ltobf)
    i.__mathlib_dbl_infnan                   0x0800b926   Section        0  dunder.o(i.__mathlib_dbl_infnan)
    i.__mathlib_dbl_infnan2                  0x0800b92c   Section        0  dunder.o(i.__mathlib_dbl_infnan2)
    i.__mathlib_dbl_invalid                  0x0800b930   Section        0  dunder.o(i.__mathlib_dbl_invalid)
    i.__mathlib_dbl_underflow                0x0800b93c   Section        0  dunder.o(i.__mathlib_dbl_underflow)
    i.__scatterload_copy                     0x0800b94c   Section       14  handlers.o(i.__scatterload_copy)
    i.__scatterload_null                     0x0800b95a   Section        2  handlers.o(i.__scatterload_null)
    i.__scatterload_zeroinit                 0x0800b95c   Section       14  handlers.o(i.__scatterload_zeroinit)
    i.__set_errno                            0x0800b96c   Section        0  errno.o(i.__set_errno)
    i.atan                                   0x0800b978   Section        0  atan.o(i.atan)
    i.atan2                                  0x0800bb98   Section        0  atan2.o(i.atan2)
    i.cos                                    0x0800bd18   Section        0  cos.o(i.cos)
    i.main                                   0x0800bdb4   Section        0  main.o(i.main)
    i.sin                                    0x0800be00   Section        0  sin.o(i.sin)
    .constdata                               0x0800bea0   Section        4  modbus.o(.constdata)
    .constdata                               0x0800bea8   Section      152  atan.o(.constdata)
    atanhi                                   0x0800bea8   Data          32  atan.o(.constdata)
    atanlo                                   0x0800bec8   Data          32  atan.o(.constdata)
    aTodd                                    0x0800bee8   Data          40  atan.o(.constdata)
    aTeven                                   0x0800bf10   Data          48  atan.o(.constdata)
    .constdata                               0x0800bf40   Section       48  cos_i.o(.constdata)
    C                                        0x0800bf40   Data          48  cos_i.o(.constdata)
    .constdata                               0x0800bf70   Section        8  qnan.o(.constdata)
    .constdata                               0x0800bf78   Section      200  rred.o(.constdata)
    pio2s                                    0x0800bf78   Data          48  rred.o(.constdata)
    twooverpi                                0x0800bfa8   Data         152  rred.o(.constdata)
    .constdata                               0x0800c040   Section       40  sin_i.o(.constdata)
    S                                        0x0800c040   Data          40  sin_i.o(.constdata)
    .data                                    0x20000000   Section        4  main.o(.data)
    .data                                    0x20000004   Section        4  main.o(.data)
    .data                                    0x20000008   Section        4  main.o(.data)
    .data                                    0x2000000c   Section        1  main.o(.data)
    .data                                    0x2000000d   Section        1  main.o(.data)
    .data                                    0x20000010   Section        4  main.o(.data)
    .data                                    0x20000014   Section        4  stm32l1xx_it.o(.data)
    .data                                    0x20000018   Section        1  uart.o(.data)
    .data                                    0x20000019   Section        6  uart.o(.data)
    .data                                    0x2000001f   Section        1  uart.o(.data)
    .data                                    0x20000020   Section        1  uart.o(.data)
    .data                                    0x20000024   Section        4  hmc5883.o(.data)
    .data                                    0x20000028   Section        1  modbus.o(.data)
    .data                                    0x20000029   Section        1  modbus.o(.data)
    .data                                    0x2000002a   Section       25  stm32l1xx_rcc.o(.data)
    PLLMulTable                              0x2000002a   Data           9  stm32l1xx_rcc.o(.data)
    APBAHBPrescTable                         0x20000033   Data          16  stm32l1xx_rcc.o(.data)
    .data                                    0x20000044   Section       29  system_stm32l1xx.o(.data)
    .data                                    0x20000064   Section        4  stdout.o(.data)
    .data                                    0x20000068   Section        4  errno.o(.data)
    _errno                                   0x20000068   Data           4  errno.o(.data)
    .bss                                     0x2000006c   Section       52  main.o(.bss)
    .bss                                     0x200000a0   Section      792  uart.o(.bss)
    .bss                                     0x200003b8   Section      566  modbus.o(.bss)
    STACK                                    0x200005f0   Section     4096  startup_stm32l1xx_md.o(STACK)

    Global Symbols

    Symbol Name                              Value     Ov Type        Size  Object(Section)

    BuildAttributes$$THM_ISAv4$P$D$K$B$S$PE$A:L22UL41UL21$X:L11$S22US41US21$IEEE1$IW$USESV6$~STKCKD$USESV7$~SHL$OTIME$ROPI$IEEEX$EBA8$MICROLIB$REQ8$PRES8$EABIv2 0x00000000   Number         0  anon$$obj.o ABSOLUTE
    __ARM_use_no_argv                        0x00000000   Number         0  main.o ABSOLUTE
    __cpp_initialize__aeabi_                  - Undefined Weak Reference
    __cxa_finalize                            - Undefined Weak Reference
    __decompress                              - Undefined Weak Reference
    _clock_init                               - Undefined Weak Reference
    _microlib_exit                            - Undefined Weak Reference
    __Vectors_Size                           0x000000f4   Number         0  startup_stm32l1xx_md.o ABSOLUTE
    __Vectors                                0x08008000   Data           4  startup_stm32l1xx_md.o(RESET)
    __Vectors_End                            0x080080f4   Data           0  startup_stm32l1xx_md.o(RESET)
    __main                                   0x080080f5   Thumb Code     0  entry.o(.ARM.Collect$$$$00000000)
    _main_stk                                0x080080f5   Thumb Code     0  entry2.o(.ARM.Collect$$$$00000001)
    _main_scatterload                        0x080080f9   Thumb Code     0  entry5.o(.ARM.Collect$$$$00000004)
    __main_after_scatterload                 0x080080fd   Thumb Code     0  entry5.o(.ARM.Collect$$$$00000004)
    _main_clock                              0x080080fd   Thumb Code     0  entry7b.o(.ARM.Collect$$$$00000008)
    _main_cpp_init                           0x080080fd   Thumb Code     0  entry8b.o(.ARM.Collect$$$$0000000A)
    _main_init                               0x080080fd   Thumb Code     0  entry9a.o(.ARM.Collect$$$$0000000B)
    __rt_final_cpp                           0x08008105   Thumb Code     0  entry10a.o(.ARM.Collect$$$$0000000D)
    __rt_final_exit                          0x08008105   Thumb Code     0  entry11a.o(.ARM.Collect$$$$0000000F)
    Reset_Handler                            0x08008109   Thumb Code     8  startup_stm32l1xx_md.o(.text)
    ADC1_IRQHandler                          0x08008123   Thumb Code     0  startup_stm32l1xx_md.o(.text)
    COMP_IRQHandler                          0x08008123   Thumb Code     0  startup_stm32l1xx_md.o(.text)
    DAC_IRQHandler                           0x08008123   Thumb Code     0  startup_stm32l1xx_md.o(.text)
    DMA1_Channel1_IRQHandler                 0x08008123   Thumb Code     0  startup_stm32l1xx_md.o(.text)
    DMA1_Channel2_IRQHandler                 0x08008123   Thumb Code     0  startup_stm32l1xx_md.o(.text)
    DMA1_Channel3_IRQHandler                 0x08008123   Thumb Code     0  startup_stm32l1xx_md.o(.text)
    DMA1_Channel4_IRQHandler                 0x08008123   Thumb Code     0  startup_stm32l1xx_md.o(.text)
    DMA1_Channel5_IRQHandler                 0x08008123   Thumb Code     0  startup_stm32l1xx_md.o(.text)
    DMA1_Channel6_IRQHandler                 0x08008123   Thumb Code     0  startup_stm32l1xx_md.o(.text)
    DMA1_Channel7_IRQHandler                 0x08008123   Thumb Code     0  startup_stm32l1xx_md.o(.text)
    EXTI0_IRQHandler                         0x08008123   Thumb Code     0  startup_stm32l1xx_md.o(.text)
    EXTI15_10_IRQHandler                     0x08008123   Thumb Code     0  startup_stm32l1xx_md.o(.text)
    EXTI1_IRQHandler                         0x08008123   Thumb Code     0  startup_stm32l1xx_md.o(.text)
    EXTI2_IRQHandler                         0x08008123   Thumb Code     0  startup_stm32l1xx_md.o(.text)
    EXTI3_IRQHandler                         0x08008123   Thumb Code     0  startup_stm32l1xx_md.o(.text)
    EXTI4_IRQHandler                         0x08008123   Thumb Code     0  startup_stm32l1xx_md.o(.text)
    EXTI9_5_IRQHandler                       0x08008123   Thumb Code     0  startup_stm32l1xx_md.o(.text)
    FLASH_IRQHandler                         0x08008123   Thumb Code     0  startup_stm32l1xx_md.o(.text)
    I2C1_ER_IRQHandler                       0x08008123   Thumb Code     0  startup_stm32l1xx_md.o(.text)
    I2C2_ER_IRQHandler                       0x08008123   Thumb Code     0  startup_stm32l1xx_md.o(.text)
    I2C2_EV_IRQHandler                       0x08008123   Thumb Code     0  startup_stm32l1xx_md.o(.text)
    LCD_IRQHandler                           0x08008123   Thumb Code     0  startup_stm32l1xx_md.o(.text)
    PVD_IRQHandler                           0x08008123   Thumb Code     0  startup_stm32l1xx_md.o(.text)
    RCC_IRQHandler                           0x08008123   Thumb Code     0  startup_stm32l1xx_md.o(.text)
    RTC_Alarm_IRQHandler                     0x08008123   Thumb Code     0  startup_stm32l1xx_md.o(.text)
    RTC_WKUP_IRQHandler                      0x08008123   Thumb Code     0  startup_stm32l1xx_md.o(.text)
    SPI1_IRQHandler                          0x08008123   Thumb Code     0  startup_stm32l1xx_md.o(.text)
    SPI2_IRQHandler                          0x08008123   Thumb Code     0  startup_stm32l1xx_md.o(.text)
    TAMPER_STAMP_IRQHandler                  0x08008123   Thumb Code     0  startup_stm32l1xx_md.o(.text)
    TIM10_IRQHandler                         0x08008123   Thumb Code     0  startup_stm32l1xx_md.o(.text)
    TIM11_IRQHandler                         0x08008123   Thumb Code     0  startup_stm32l1xx_md.o(.text)
    TIM2_IRQHandler                          0x08008123   Thumb Code     0  startup_stm32l1xx_md.o(.text)
    TIM3_IRQHandler                          0x08008123   Thumb Code     0  startup_stm32l1xx_md.o(.text)
    TIM4_IRQHandler                          0x08008123   Thumb Code     0  startup_stm32l1xx_md.o(.text)
    TIM6_IRQHandler                          0x08008123   Thumb Code     0  startup_stm32l1xx_md.o(.text)
    TIM7_IRQHandler                          0x08008123   Thumb Code     0  startup_stm32l1xx_md.o(.text)
    TIM9_IRQHandler                          0x08008123   Thumb Code     0  startup_stm32l1xx_md.o(.text)
    USB_FS_WKUP_IRQHandler                   0x08008123   Thumb Code     0  startup_stm32l1xx_md.o(.text)
    USB_HP_IRQHandler                        0x08008123   Thumb Code     0  startup_stm32l1xx_md.o(.text)
    USB_LP_IRQHandler                        0x08008123   Thumb Code     0  startup_stm32l1xx_md.o(.text)
    WWDG_IRQHandler                          0x08008123   Thumb Code     0  startup_stm32l1xx_md.o(.text)
    __aeabi_memcpy                           0x0800812d   Thumb Code    36  memcpya.o(.text)
    __aeabi_memcpy4                          0x0800812d   Thumb Code     0  memcpya.o(.text)
    __aeabi_memcpy8                          0x0800812d   Thumb Code     0  memcpya.o(.text)
    __aeabi_memset                           0x08008151   Thumb Code    14  memseta.o(.text)
    __aeabi_memset4                          0x08008151   Thumb Code     0  memseta.o(.text)
    __aeabi_memset8                          0x08008151   Thumb Code     0  memseta.o(.text)
    __aeabi_memclr                           0x0800815f   Thumb Code     4  memseta.o(.text)
    __aeabi_memclr4                          0x0800815f   Thumb Code     0  memseta.o(.text)
    __aeabi_memclr8                          0x0800815f   Thumb Code     0  memseta.o(.text)
    _memset$wrapper                          0x08008163   Thumb Code    18  memseta.o(.text)
    strncmp                                  0x08008175   Thumb Code    30  strncmp.o(.text)
    __aeabi_fadd                             0x08008193   Thumb Code   164  fadd.o(.text)
    __aeabi_fsub                             0x08008237   Thumb Code     6  fadd.o(.text)
    __aeabi_frsub                            0x0800823d   Thumb Code     6  fadd.o(.text)
    __aeabi_fmul                             0x08008243   Thumb Code   100  fmul.o(.text)
    __aeabi_fdiv                             0x080082a7   Thumb Code   124  fdiv.o(.text)
    __aeabi_dadd                             0x08008323   Thumb Code   322  dadd.o(.text)
    __aeabi_dsub                             0x08008465   Thumb Code     6  dadd.o(.text)
    __aeabi_drsub                            0x0800846b   Thumb Code     6  dadd.o(.text)
    __aeabi_dmul                             0x08008471   Thumb Code   228  dmul.o(.text)
    __aeabi_ddiv                             0x08008555   Thumb Code   222  ddiv.o(.text)
    __ARM_scalbn                             0x08008633   Thumb Code    46  dscalb.o(.text)
    scalbn                                   0x08008633   Thumb Code     0  dscalb.o(.text)
    __aeabi_i2f                              0x08008661   Thumb Code    18  fflti.o(.text)
    __aeabi_ui2f                             0x08008673   Thumb Code    10  ffltui.o(.text)
    __aeabi_i2d                              0x0800867d   Thumb Code    34  dflti.o(.text)
    __aeabi_ui2d                             0x0800869f   Thumb Code    26  dfltui.o(.text)
    __aeabi_f2d                              0x080086b9   Thumb Code    38  f2d.o(.text)
    __aeabi_d2f                              0x080086df   Thumb Code    56  d2f.o(.text)
    __aeabi_cfrcmple                         0x08008719   Thumb Code    20  cfrcmple.o(.text)
    __aeabi_llsl                             0x0800872d   Thumb Code    30  llshl.o(.text)
    _ll_shift_l                              0x0800872d   Thumb Code     0  llshl.o(.text)
    __aeabi_lasr                             0x0800874b   Thumb Code    36  llsshr.o(.text)
    _ll_sshift_r                             0x0800874b   Thumb Code     0  llsshr.o(.text)
    __I$use$fp                               0x0800876f   Thumb Code     0  iusefp.o(.text)
    _float_round                             0x0800876f   Thumb Code    18  fepilogue.o(.text)
    _float_epilogue                          0x08008781   Thumb Code    92  fepilogue.o(.text)
    _double_round                            0x080087dd   Thumb Code    30  depilogue.o(.text)
    _double_epilogue                         0x080087fb   Thumb Code   156  depilogue.o(.text)
    __scatterload                            0x08008899   Thumb Code    28  init.o(.text)
    __scatterload_rt2                        0x08008899   Thumb Code     0  init.o(.text)
    __aeabi_llsr                             0x080088bd   Thumb Code    32  llushr.o(.text)
    _ll_ushift_r                             0x080088bd   Thumb Code     0  llushr.o(.text)
    __aeabi_d2iz                             0x080088dd   Thumb Code    62  dfixi.o(.text)
    ADXL355_Init                             0x0800891b   Thumb Code    70  adxl355.o(i.ADXL355_Init)
    ADXL355_ReadREG                          0x08008961   Thumb Code    56  adxl355.o(i.ADXL355_ReadREG)
    ADXL355_Samp50_Task                      0x0800899d   Thumb Code   562  adxl355.o(i.ADXL355_Samp50_Task)
    ADXL355_WriteReg                         0x08008be5   Thumb Code    56  adxl355.o(i.ADXL355_WriteReg)
    BusFault_Handler                         0x08008c21   Thumb Code     2  stm32l1xx_it.o(i.BusFault_Handler)
    CRC16_Check                              0x08008c23   Thumb Code    54  modbus.o(i.CRC16_Check)
    ClC_WatchDogTask                         0x08008c59   Thumb Code     8  main.o(i.ClC_WatchDogTask)
    DATA_EEPROM_Lock                         0x08008c65   Thumb Code    12  stm32l1xx_flash.o(i.DATA_EEPROM_Lock)
    DATA_EEPROM_Unlock                       0x08008c75   Thumb Code    22  stm32l1xx_flash.o(i.DATA_EEPROM_Unlock)
    DebugMon_Handler                         0x08008c99   Thumb Code     2  stm32l1xx_it.o(i.DebugMon_Handler)
    Delay                                    0x08008c9d   Thumb Code    16  main.o(i.Delay)
    EEErase                                  0x08008cb1   Thumb Code    36  iflash.o(i.EEErase)
    EERead                                   0x08008cd5   Thumb Code    46  iflash.o(i.EERead)
    EERead_Z                                 0x08008d09   Thumb Code    46  iflash.o(i.EERead_Z)
    EEWrite                                  0x08008d3d   Thumb Code    54  iflash.o(i.EEWrite)
    Euler_Solution                           0x08008d79   Thumb Code   342  modbus.o(i.Euler_Solution)
    FLASH_GetStatus                          0x08008ee5   Thumb Code    36  stm32l1xx_flash.o(i.FLASH_GetStatus)
    GPIO_Configuration                       0x08008f0d   Thumb Code    84  gpio.o(i.GPIO_Configuration)
    GPIO_Init                                0x08008f69   Thumb Code   110  stm32l1xx_gpio.o(i.GPIO_Init)
    GPIO_PinAFConfig                         0x08008fd7   Thumb Code    32  stm32l1xx_gpio.o(i.GPIO_PinAFConfig)
    GPIO_PinReverse                          0x08008ff7   Thumb Code     8  gpio.o(i.GPIO_PinReverse)
    GPIO_ReadInputDataBit                    0x08008fff   Thumb Code    14  stm32l1xx_gpio.o(i.GPIO_ReadInputDataBit)
    GPIO_ResetBits                           0x0800900d   Thumb Code     4  stm32l1xx_gpio.o(i.GPIO_ResetBits)
    GPIO_SetBits                             0x08009011   Thumb Code     4  stm32l1xx_gpio.o(i.GPIO_SetBits)
    Get_SNInfo_Fun                           0x08009015   Thumb Code    56  modbus.o(i.Get_SNInfo_Fun)
    HMC5883L_I2CRead                         0x08009051   Thumb Code   380  hmc5883.o(i.HMC5883L_I2CRead)
    HMC5883L_I2CWrite                        0x080091e5   Thumb Code   262  hmc5883.o(i.HMC5883L_I2CWrite)
    HMC5883L_Init                            0x08009301   Thumb Code     4  hmc5883.o(i.HMC5883L_Init)
    HMC5883L_MAG_TASK                        0x08009305   Thumb Code   588  hmc5883.o(i.HMC5883L_MAG_TASK)
    HMC5883L_SetMode                         0x0800955d   Thumb Code    52  hmc5883.o(i.HMC5883L_SetMode)
    HMC5883L_Task                            0x08009591   Thumb Code   138  hmc5883.o(i.HMC5883L_Task)
    HMC5883_Offset                           0x08009625   Thumb Code   220  modbus.o(i.HMC5883_Offset)
    HardFault_Handler                        0x0800970d   Thumb Code     2  stm32l1xx_it.o(i.HardFault_Handler)
    I2C1_EV_IRQHandler                       0x08009711   Thumb Code   154  stm32l1xx_it.o(i.I2C1_EV_IRQHandler)
    I2C1_Init                                0x080097c9   Thumb Code   202  hmc5883.o(i.I2C1_Init)
    I2C_AcknowledgeConfig                    0x080098a1   Thumb Code    20  stm32l1xx_i2c.o(i.I2C_AcknowledgeConfig)
    I2C_CheckEvent                           0x080098b5   Thumb Code    24  stm32l1xx_i2c.o(i.I2C_CheckEvent)
    I2C_ClearITPendingBit                    0x080098cd   Thumb Code     6  stm32l1xx_i2c.o(i.I2C_ClearITPendingBit)
    I2C_Cmd                                  0x080098d3   Thumb Code    20  stm32l1xx_i2c.o(i.I2C_Cmd)
    I2C_DeInit                               0x080098e9   Thumb Code    38  stm32l1xx_i2c.o(i.I2C_DeInit)
    I2C_GenerateSTART                        0x08009915   Thumb Code    20  stm32l1xx_i2c.o(i.I2C_GenerateSTART)
    I2C_GenerateSTOP                         0x08009929   Thumb Code    20  stm32l1xx_i2c.o(i.I2C_GenerateSTOP)
    I2C_GetFlagStatus                        0x0800993d   Thumb Code    42  stm32l1xx_i2c.o(i.I2C_GetFlagStatus)
    I2C_GetITStatus                          0x08009967   Thumb Code    36  stm32l1xx_i2c.o(i.I2C_GetITStatus)
    I2C_ITConfig                             0x0800998b   Thumb Code    16  stm32l1xx_i2c.o(i.I2C_ITConfig)
    I2C_Init                                 0x0800999d   Thumb Code   174  stm32l1xx_i2c.o(i.I2C_Init)
    I2C_ReceiveData                          0x08009a55   Thumb Code     6  stm32l1xx_i2c.o(i.I2C_ReceiveData)
    I2C_Send7bitAddress                      0x08009a5b   Thumb Code    16  stm32l1xx_i2c.o(i.I2C_Send7bitAddress)
    I2C_SendData                             0x08009a6b   Thumb Code     4  stm32l1xx_i2c.o(i.I2C_SendData)
    Init_Devices                             0x08009a6f   Thumb Code    30  main.o(i.Init_Devices)
    Init_Parameter                           0x08009a8d   Thumb Code   178  main.o(i.Init_Parameter)
    Init_SysTick                             0x08009b49   Thumb Code    60  main.o(i.Init_SysTick)
    InputRegistorDataHton                    0x08009b89   Thumb Code   292  modbus.o(i.InputRegistorDataHton)
    InstructionTask                          0x08009cb1   Thumb Code   218  modbus.o(i.InstructionTask)
    KeepRegistorDataHton                     0x08009d9d   Thumb Code   192  modbus.o(i.KeepRegistorDataHton)
    MemManage_Handler                        0x08009e61   Thumb Code     2  stm32l1xx_it.o(i.MemManage_Handler)
    ModbusReadInputRegistor                  0x08009e65   Thumb Code   360  modbus.o(i.ModbusReadInputRegistor)
    ModbusReadKeepRegistor                   0x08009fd1   Thumb Code   228  modbus.o(i.ModbusReadKeepRegistor)
    ModbusReturnAckInfo                      0x0800a0bd   Thumb Code    58  modbus.o(i.ModbusReturnAckInfo)
    ModbusSetInitalValue                     0x0800a101   Thumb Code   176  modbus.o(i.ModbusSetInitalValue)
    ModbusWriteSingleRegistor                0x0800a1b9   Thumb Code   256  modbus.o(i.ModbusWriteSingleRegistor)
    ModbusWriteSomeRegistor                  0x0800a2c1   Thumb Code   626  modbus.o(i.ModbusWriteSomeRegistor)
    NMI_Handler                              0x0800a53d   Thumb Code     2  stm32l1xx_it.o(i.NMI_Handler)
    NVIC_Init                                0x0800a541   Thumb Code    96  misc.o(i.NVIC_Init)
    NVIC_PriorityGroupConfig                 0x0800a5a5   Thumb Code    10  misc.o(i.NVIC_PriorityGroupConfig)
    PendSV_Handler                           0x0800a5f9   Thumb Code     2  stm32l1xx_it.o(i.PendSV_Handler)
    ProcessTask                              0x0800a5fd   Thumb Code   830  modbus.o(i.ProcessTask)
    RCC_AHBPeriphClockCmd                    0x0800a955   Thumb Code    18  stm32l1xx_rcc.o(i.RCC_AHBPeriphClockCmd)
    RCC_APB1PeriphClockCmd                   0x0800a96d   Thumb Code    18  stm32l1xx_rcc.o(i.RCC_APB1PeriphClockCmd)
    RCC_APB1PeriphResetCmd                   0x0800a985   Thumb Code    18  stm32l1xx_rcc.o(i.RCC_APB1PeriphResetCmd)
    RCC_APB2PeriphClockCmd                   0x0800a99d   Thumb Code    18  stm32l1xx_rcc.o(i.RCC_APB2PeriphClockCmd)
    RCC_APB2PeriphResetCmd                   0x0800a9b5   Thumb Code    18  stm32l1xx_rcc.o(i.RCC_APB2PeriphResetCmd)
    RCC_GetClocksFreq                        0x0800a9cd   Thumb Code   156  stm32l1xx_rcc.o(i.RCC_GetClocksFreq)
    SPI2_Configuration                       0x0800aa75   Thumb Code   244  adxl355.o(i.SPI2_Configuration)
    SPI2_ReadByte                            0x0800ab75   Thumb Code     6  adxl355.o(i.SPI2_ReadByte)
    SPI2_WriteByte                           0x0800ab7d   Thumb Code    48  adxl355.o(i.SPI2_WriteByte)
    SPI_Cmd                                  0x0800abb1   Thumb Code    20  stm32l1xx_spi.o(i.SPI_Cmd)
    SPI_I2S_DeInit                           0x0800abc5   Thumb Code    72  stm32l1xx_spi.o(i.SPI_I2S_DeInit)
    SPI_I2S_GetFlagStatus                    0x0800ac19   Thumb Code    14  stm32l1xx_spi.o(i.SPI_I2S_GetFlagStatus)
    SPI_I2S_ReceiveData                      0x0800ac27   Thumb Code     4  stm32l1xx_spi.o(i.SPI_I2S_ReceiveData)
    SPI_I2S_SendData                         0x0800ac2b   Thumb Code     4  stm32l1xx_spi.o(i.SPI_I2S_SendData)
    SPI_Init                                 0x0800ac2f   Thumb Code    56  stm32l1xx_spi.o(i.SPI_Init)
    SVC_Handler                              0x0800ac67   Thumb Code     2  stm32l1xx_it.o(i.SVC_Handler)
    SysTick_Handler                          0x0800ad2d   Thumb Code   156  stm32l1xx_it.o(i.SysTick_Handler)
    SystemInit                               0x0800adf9   Thumb Code    68  system_stm32l1xx.o(i.SystemInit)
    U485SendData                             0x0800ae4d   Thumb Code    42  uart.o(i.U485SendData)
    UART1_Configuration                      0x0800ae81   Thumb Code   174  uart.o(i.UART1_Configuration)
    USART1_ClearBuf_Flag                     0x0800af39   Thumb Code    16  uart.o(i.USART1_ClearBuf_Flag)
    USART1_GetChar                           0x0800af51   Thumb Code    22  uart.o(i.USART1_GetChar)
    USART1_GetCharBlock                      0x0800af6d   Thumb Code    38  uart.o(i.USART1_GetCharBlock)
    USART1_IRQHandler                        0x0800af99   Thumb Code   114  stm32l1xx_it.o(i.USART1_IRQHandler)
    USART2_IRQHandler                        0x0800b025   Thumb Code   104  stm32l1xx_it.o(i.USART2_IRQHandler)
    USART3_IRQHandler                        0x0800b0a1   Thumb Code   104  stm32l1xx_it.o(i.USART3_IRQHandler)
    USART_ClearFlag                          0x0800b11d   Thumb Code     6  stm32l1xx_usart.o(i.USART_ClearFlag)
    USART_ClearITPendingBit                  0x0800b123   Thumb Code    12  stm32l1xx_usart.o(i.USART_ClearITPendingBit)
    USART_Cmd                                0x0800b12f   Thumb Code    20  stm32l1xx_usart.o(i.USART_Cmd)
    USART_GetFlagStatus                      0x0800b143   Thumb Code    14  stm32l1xx_usart.o(i.USART_GetFlagStatus)
    USART_GetITStatus                        0x0800b151   Thumb Code    62  stm32l1xx_usart.o(i.USART_GetITStatus)
    USART_ITConfig                           0x0800b18f   Thumb Code    48  stm32l1xx_usart.o(i.USART_ITConfig)
    USART_Init                               0x0800b1c1   Thumb Code   158  stm32l1xx_usart.o(i.USART_Init)
    USART_PutChar                            0x0800b265   Thumb Code    48  uart.o(i.USART_PutChar)
    USART_PutData                            0x0800b295   Thumb Code    34  uart.o(i.USART_PutData)
    USART_ReceiveData                        0x0800b2b7   Thumb Code     8  stm32l1xx_usart.o(i.USART_ReceiveData)
    USART_SendData                           0x0800b2bf   Thumb Code     8  stm32l1xx_usart.o(i.USART_SendData)
    UsageFault_Handler                       0x0800b2c7   Thumb Code     2  stm32l1xx_it.o(i.UsageFault_Handler)
    __ARM_fpclassify                         0x0800b2c9   Thumb Code    40  fpclassify.o(i.__ARM_fpclassify)
    __ieee754_rem_pio2                       0x0800b2f1   Thumb Code   828  rred.o(i.__ieee754_rem_pio2)
    __kernel_cos                             0x0800b679   Thumb Code   230  cos_i.o(i.__kernel_cos)
    __kernel_poly                            0x0800b775   Thumb Code   170  poly.o(i.__kernel_poly)
    __kernel_sin                             0x0800b821   Thumb Code   224  sin_i.o(i.__kernel_sin)
    __mathlib_dbl_infnan                     0x0800b927   Thumb Code     6  dunder.o(i.__mathlib_dbl_infnan)
    __mathlib_dbl_infnan2                    0x0800b92d   Thumb Code     4  dunder.o(i.__mathlib_dbl_infnan2)
    __mathlib_dbl_invalid                    0x0800b931   Thumb Code    12  dunder.o(i.__mathlib_dbl_invalid)
    __mathlib_dbl_underflow                  0x0800b93d   Thumb Code    10  dunder.o(i.__mathlib_dbl_underflow)
    __scatterload_copy                       0x0800b94d   Thumb Code    14  handlers.o(i.__scatterload_copy)
    __scatterload_null                       0x0800b95b   Thumb Code     2  handlers.o(i.__scatterload_null)
    __scatterload_zeroinit                   0x0800b95d   Thumb Code    14  handlers.o(i.__scatterload_zeroinit)
    __set_errno                              0x0800b96d   Thumb Code     6  errno.o(i.__set_errno)
    atan                                     0x0800b979   Thumb Code   474  atan.o(i.atan)
    atan2                                    0x0800bb99   Thumb Code   346  atan2.o(i.atan2)
    cos                                      0x0800bd19   Thumb Code   148  cos.o(i.cos)
    main                                     0x0800bdb5   Thumb Code    64  main.o(i.main)
    sin                                      0x0800be01   Thumb Code   150  sin.o(i.sin)
    FactorySetValueWord                      0x0800bea0   Data           4  modbus.o(.constdata)
    __mathlib_zero                           0x0800bf70   Data           8  qnan.o(.constdata)
    Region$$Table$$Base                      0x0800c068   Number         0  anon$$obj.o(Region$$Table)
    Region$$Table$$Limit                     0x0800c088   Number         0  anon$$obj.o(Region$$Table)
    SysTick_Count                            0x20000000   Data           4  main.o(.data)
    TimingDelay                              0x20000004   Data           4  main.o(.data)
    WorkTime                                 0x20000008   Data           4  main.o(.data)
    WorkTimeOutFlag                          0x2000000c   Data           1  main.o(.data)
    Temp_Flag                                0x2000000d   Data           1  main.o(.data)
    Temp_Count                               0x20000010   Data           4  main.o(.data)
    _MSCount                                 0x20000014   Data           4  stm32l1xx_it.o(.data)
    ModbusIntervalTime                       0x20000018   Data           1  uart.o(.data)
    USART1_RX_Len                            0x20000019   Data           1  uart.o(.data)
    USART2_RX_Len                            0x2000001a   Data           1  uart.o(.data)
    USART3_RX_Len                            0x2000001b   Data           1  uart.o(.data)
    Uart1Flag                                0x2000001c   Data           1  uart.o(.data)
    Uart2Flag                                0x2000001d   Data           1  uart.o(.data)
    Uart3Flag                                0x2000001e   Data           1  uart.o(.data)
    USART2_INTERVAL_TIME                     0x2000001f   Data           1  uart.o(.data)
    USART3_INTERVAL_TIME                     0x20000020   Data           1  uart.o(.data)
    HMC5883L_Timeout                         0x20000024   Data           4  hmc5883.o(.data)
    Modbus_BusyFlag                          0x20000028   Data           1  modbus.o(.data)
    Modbus_FreeFlag                          0x20000029   Data           1  modbus.o(.data)
    SystemCoreClock                          0x20000044   Data           4  system_stm32l1xx.o(.data)
    PLLMulTable                              0x20000048   Data           9  system_stm32l1xx.o(.data)
    AHBPrescTable                            0x20000051   Data          16  system_stm32l1xx.o(.data)
    __stdout                                 0x20000064   Data           4  stdout.o(.data)
    IMU_Data                                 0x2000006c   Data          52  main.o(.bss)
    uart1_rbuf                               0x200000a0   Data         264  uart.o(.bss)
    uart2_rbuf                               0x200001a8   Data         264  uart.o(.bss)
    uart3_rbuf                               0x200002b0   Data         264  uart.o(.bss)
    KeepRegister                             0x200003b8   Data          50  modbus.o(.bss)
    KeepRegisterTemp                         0x200003ea   Data          50  modbus.o(.bss)
    InputRegister                            0x2000041c   Data         104  modbus.o(.bss)
    InputRegisterTemp                        0x20000484   Data         104  modbus.o(.bss)
    ModbusDataPackage                        0x200004ec   Data         258  modbus.o(.bss)
    __initial_sp                             0x200015f0   Data           0  startup_stm32l1xx_md.o(STACK)



==============================================================================

Memory Map of the image

  Image Entry point : 0x080080f5

  Load Region LR_IROM1 (Base: 0x08008000, Size: 0x000040f4, Max: 0x00018000, ABSOLUTE)

    Execution Region ER_IROM1 (Exec base: 0x08008000, Load base: 0x08008000, Size: 0x00004088, Max: 0x00018000, ABSOLUTE)

    Exec Addr    Load Addr    Size         Type   Attr      Idx    E Section Name        Object

    0x08008000   0x08008000   0x000000f4   Data   RO         4506    RESET               startup_stm32l1xx_md.o
    0x080080f4   0x080080f4   0x00000000   Code   RO         4535  * .ARM.Collect$$$$00000000  mc_w.l(entry.o)
    0x080080f4   0x080080f4   0x00000004   Code   RO         4616    .ARM.Collect$$$$00000001  mc_w.l(entry2.o)
    0x080080f8   0x080080f8   0x00000004   Code   RO         4619    .ARM.Collect$$$$00000004  mc_w.l(entry5.o)
    0x080080fc   0x080080fc   0x00000000   Code   RO         4621    .ARM.Collect$$$$00000008  mc_w.l(entry7b.o)
    0x080080fc   0x080080fc   0x00000000   Code   RO         4623    .ARM.Collect$$$$0000000A  mc_w.l(entry8b.o)
    0x080080fc   0x080080fc   0x00000008   Code   RO         4624    .ARM.Collect$$$$0000000B  mc_w.l(entry9a.o)
    0x08008104   0x08008104   0x00000000   Code   RO         4626    .ARM.Collect$$$$0000000D  mc_w.l(entry10a.o)
    0x08008104   0x08008104   0x00000000   Code   RO         4628    .ARM.Collect$$$$0000000F  mc_w.l(entry11a.o)
    0x08008104   0x08008104   0x00000004   Code   RO         4617    .ARM.Collect$$$$00002712  mc_w.l(entry2.o)
    0x08008108   0x08008108   0x00000024   Code   RO         4507    .text               startup_stm32l1xx_md.o
    0x0800812c   0x0800812c   0x00000024   Code   RO         4541    .text               mc_w.l(memcpya.o)
    0x08008150   0x08008150   0x00000024   Code   RO         4543    .text               mc_w.l(memseta.o)
    0x08008174   0x08008174   0x0000001e   Code   RO         4545    .text               mc_w.l(strncmp.o)
    0x08008192   0x08008192   0x000000b0   Code   RO         4549    .text               mf_w.l(fadd.o)
    0x08008242   0x08008242   0x00000064   Code   RO         4551    .text               mf_w.l(fmul.o)
    0x080082a6   0x080082a6   0x0000007c   Code   RO         4553    .text               mf_w.l(fdiv.o)
    0x08008322   0x08008322   0x0000014e   Code   RO         4555    .text               mf_w.l(dadd.o)
    0x08008470   0x08008470   0x000000e4   Code   RO         4557    .text               mf_w.l(dmul.o)
    0x08008554   0x08008554   0x000000de   Code   RO         4559    .text               mf_w.l(ddiv.o)
    0x08008632   0x08008632   0x0000002e   Code   RO         4561    .text               mf_w.l(dscalb.o)
    0x08008660   0x08008660   0x00000012   Code   RO         4563    .text               mf_w.l(fflti.o)
    0x08008672   0x08008672   0x0000000a   Code   RO         4565    .text               mf_w.l(ffltui.o)
    0x0800867c   0x0800867c   0x00000022   Code   RO         4567    .text               mf_w.l(dflti.o)
    0x0800869e   0x0800869e   0x0000001a   Code   RO         4569    .text               mf_w.l(dfltui.o)
    0x080086b8   0x080086b8   0x00000026   Code   RO         4571    .text               mf_w.l(f2d.o)
    0x080086de   0x080086de   0x00000038   Code   RO         4573    .text               mf_w.l(d2f.o)
    0x08008716   0x08008716   0x00000002   PAD
    0x08008718   0x08008718   0x00000014   Code   RO         4575    .text               mf_w.l(cfrcmple.o)
    0x0800872c   0x0800872c   0x0000001e   Code   RO         4630    .text               mc_w.l(llshl.o)
    0x0800874a   0x0800874a   0x00000024   Code   RO         4632    .text               mc_w.l(llsshr.o)
    0x0800876e   0x0800876e   0x00000000   Code   RO         4641    .text               mc_w.l(iusefp.o)
    0x0800876e   0x0800876e   0x0000006e   Code   RO         4642    .text               mf_w.l(fepilogue.o)
    0x080087dc   0x080087dc   0x000000ba   Code   RO         4644    .text               mf_w.l(depilogue.o)
    0x08008896   0x08008896   0x00000002   PAD
    0x08008898   0x08008898   0x00000024   Code   RO         4650    .text               mc_w.l(init.o)
    0x080088bc   0x080088bc   0x00000020   Code   RO         4652    .text               mc_w.l(llushr.o)
    0x080088dc   0x080088dc   0x0000003e   Code   RO         4654    .text               mf_w.l(dfixi.o)
    0x0800891a   0x0800891a   0x00000046   Code   RO          439    i.ADXL355_Init      adxl355.o
    0x08008960   0x08008960   0x0000003c   Code   RO          440    i.ADXL355_ReadREG   adxl355.o
    0x0800899c   0x0800899c   0x00000248   Code   RO          441    i.ADXL355_Samp50_Task  adxl355.o
    0x08008be4   0x08008be4   0x0000003c   Code   RO          442    i.ADXL355_WriteReg  adxl355.o
    0x08008c20   0x08008c20   0x00000002   Code   RO          204    i.BusFault_Handler  stm32l1xx_it.o
    0x08008c22   0x08008c22   0x00000036   Code   RO          654    i.CRC16_Check       modbus.o
    0x08008c58   0x08008c58   0x0000000c   Code   RO            3    i.ClC_WatchDogTask  main.o
    0x08008c64   0x08008c64   0x00000010   Code   RO         1663    i.DATA_EEPROM_Lock  stm32l1xx_flash.o
    0x08008c74   0x08008c74   0x00000024   Code   RO         1667    i.DATA_EEPROM_Unlock  stm32l1xx_flash.o
    0x08008c98   0x08008c98   0x00000002   Code   RO          205    i.DebugMon_Handler  stm32l1xx_it.o
    0x08008c9a   0x08008c9a   0x00000002   PAD
    0x08008c9c   0x08008c9c   0x00000014   Code   RO            4    i.Delay             main.o
    0x08008cb0   0x08008cb0   0x00000024   Code   RO          604    i.EEErase           iflash.o
    0x08008cd4   0x08008cd4   0x00000034   Code   RO          605    i.EERead            iflash.o
    0x08008d08   0x08008d08   0x00000034   Code   RO          606    i.EERead_Z          iflash.o
    0x08008d3c   0x08008d3c   0x0000003c   Code   RO          607    i.EEWrite           iflash.o
    0x08008d78   0x08008d78   0x0000016c   Code   RO          655    i.Euler_Solution    modbus.o
    0x08008ee4   0x08008ee4   0x00000028   Code   RO         1672    i.FLASH_GetStatus   stm32l1xx_flash.o
    0x08008f0c   0x08008f0c   0x0000005c   Code   RO          578    i.GPIO_Configuration  gpio.o
    0x08008f68   0x08008f68   0x0000006e   Code   RO         2049    i.GPIO_Init         stm32l1xx_gpio.o
    0x08008fd6   0x08008fd6   0x00000020   Code   RO         2050    i.GPIO_PinAFConfig  stm32l1xx_gpio.o
    0x08008ff6   0x08008ff6   0x00000008   Code   RO          579    i.GPIO_PinReverse   gpio.o
    0x08008ffe   0x08008ffe   0x0000000e   Code   RO         2053    i.GPIO_ReadInputDataBit  stm32l1xx_gpio.o
    0x0800900c   0x0800900c   0x00000004   Code   RO         2056    i.GPIO_ResetBits    stm32l1xx_gpio.o
    0x08009010   0x08009010   0x00000004   Code   RO         2057    i.GPIO_SetBits      stm32l1xx_gpio.o
    0x08009014   0x08009014   0x0000003c   Code   RO          656    i.Get_SNInfo_Fun    modbus.o
    0x08009050   0x08009050   0x00000194   Code   RO          496    i.HMC5883L_I2CRead  hmc5883.o
    0x080091e4   0x080091e4   0x0000011c   Code   RO          497    i.HMC5883L_I2CWrite  hmc5883.o
    0x08009300   0x08009300   0x00000004   Code   RO          498    i.HMC5883L_Init     hmc5883.o
    0x08009304   0x08009304   0x00000258   Code   RO          499    i.HMC5883L_MAG_TASK  hmc5883.o
    0x0800955c   0x0800955c   0x00000034   Code   RO          501    i.HMC5883L_SetMode  hmc5883.o
    0x08009590   0x08009590   0x00000094   Code   RO          502    i.HMC5883L_Task     hmc5883.o
    0x08009624   0x08009624   0x000000e8   Code   RO          657    i.HMC5883_Offset    modbus.o
    0x0800970c   0x0800970c   0x00000002   Code   RO          206    i.HardFault_Handler  stm32l1xx_it.o
    0x0800970e   0x0800970e   0x00000002   PAD
    0x08009710   0x08009710   0x000000b8   Code   RO          207    i.I2C1_EV_IRQHandler  stm32l1xx_it.o
    0x080097c8   0x080097c8   0x000000d8   Code   RO          503    i.I2C1_Init         hmc5883.o
    0x080098a0   0x080098a0   0x00000014   Code   RO         2147    i.I2C_AcknowledgeConfig  stm32l1xx_i2c.o
    0x080098b4   0x080098b4   0x00000018   Code   RO         2149    i.I2C_CheckEvent    stm32l1xx_i2c.o
    0x080098cc   0x080098cc   0x00000006   Code   RO         2151    i.I2C_ClearITPendingBit  stm32l1xx_i2c.o
    0x080098d2   0x080098d2   0x00000014   Code   RO         2152    i.I2C_Cmd           stm32l1xx_i2c.o
    0x080098e6   0x080098e6   0x00000002   PAD
    0x080098e8   0x080098e8   0x0000002c   Code   RO         2155    i.I2C_DeInit        stm32l1xx_i2c.o
    0x08009914   0x08009914   0x00000014   Code   RO         2159    i.I2C_GenerateSTART  stm32l1xx_i2c.o
    0x08009928   0x08009928   0x00000014   Code   RO         2160    i.I2C_GenerateSTOP  stm32l1xx_i2c.o
    0x0800993c   0x0800993c   0x0000002a   Code   RO         2161    i.I2C_GetFlagStatus  stm32l1xx_i2c.o
    0x08009966   0x08009966   0x00000024   Code   RO         2162    i.I2C_GetITStatus   stm32l1xx_i2c.o
    0x0800998a   0x0800998a   0x00000010   Code   RO         2165    i.I2C_ITConfig      stm32l1xx_i2c.o
    0x0800999a   0x0800999a   0x00000002   PAD
    0x0800999c   0x0800999c   0x000000b8   Code   RO         2166    i.I2C_Init          stm32l1xx_i2c.o
    0x08009a54   0x08009a54   0x00000006   Code   RO         2171    i.I2C_ReceiveData   stm32l1xx_i2c.o
    0x08009a5a   0x08009a5a   0x00000010   Code   RO         2173    i.I2C_Send7bitAddress  stm32l1xx_i2c.o
    0x08009a6a   0x08009a6a   0x00000004   Code   RO         2174    i.I2C_SendData      stm32l1xx_i2c.o
    0x08009a6e   0x08009a6e   0x0000001e   Code   RO            5    i.Init_Devices      main.o
    0x08009a8c   0x08009a8c   0x000000bc   Code   RO            6    i.Init_Parameter    main.o
    0x08009b48   0x08009b48   0x00000040   Code   RO            7    i.Init_SysTick      main.o
    0x08009b88   0x08009b88   0x00000128   Code   RO          658    i.InputRegistorDataHton  modbus.o
    0x08009cb0   0x08009cb0   0x000000ec   Code   RO          659    i.InstructionTask   modbus.o
    0x08009d9c   0x08009d9c   0x000000c4   Code   RO          660    i.KeepRegistorDataHton  modbus.o
    0x08009e60   0x08009e60   0x00000002   Code   RO          208    i.MemManage_Handler  stm32l1xx_it.o
    0x08009e62   0x08009e62   0x00000002   PAD
    0x08009e64   0x08009e64   0x0000016c   Code   RO          661    i.ModbusReadInputRegistor  modbus.o
    0x08009fd0   0x08009fd0   0x000000ec   Code   RO          662    i.ModbusReadKeepRegistor  modbus.o
    0x0800a0bc   0x0800a0bc   0x00000044   Code   RO          663    i.ModbusReturnAckInfo  modbus.o
    0x0800a100   0x0800a100   0x000000b8   Code   RO          664    i.ModbusSetInitalValue  modbus.o
    0x0800a1b8   0x0800a1b8   0x00000108   Code   RO          665    i.ModbusWriteSingleRegistor  modbus.o
    0x0800a2c0   0x0800a2c0   0x0000027c   Code   RO          666    i.ModbusWriteSomeRegistor  modbus.o
    0x0800a53c   0x0800a53c   0x00000002   Code   RO          209    i.NMI_Handler       stm32l1xx_it.o
    0x0800a53e   0x0800a53e   0x00000002   PAD
    0x0800a540   0x0800a540   0x00000064   Code   RO          767    i.NVIC_Init         misc.o
    0x0800a5a4   0x0800a5a4   0x00000014   Code   RO          768    i.NVIC_PriorityGroupConfig  misc.o
    0x0800a5b8   0x0800a5b8   0x00000020   Code   RO            8    i.NVIC_SetPriority  main.o
    0x0800a5d8   0x0800a5d8   0x00000020   Code   RO          504    i.NVIC_SystemReset  hmc5883.o
    0x0800a5f8   0x0800a5f8   0x00000002   Code   RO          210    i.PendSV_Handler    stm32l1xx_it.o
    0x0800a5fa   0x0800a5fa   0x00000002   PAD
    0x0800a5fc   0x0800a5fc   0x00000358   Code   RO          667    i.ProcessTask       modbus.o
    0x0800a954   0x0800a954   0x00000018   Code   RO         2696    i.RCC_AHBPeriphClockCmd  stm32l1xx_rcc.o
    0x0800a96c   0x0800a96c   0x00000018   Code   RO         2699    i.RCC_APB1PeriphClockCmd  stm32l1xx_rcc.o
    0x0800a984   0x0800a984   0x00000018   Code   RO         2701    i.RCC_APB1PeriphResetCmd  stm32l1xx_rcc.o
    0x0800a99c   0x0800a99c   0x00000018   Code   RO         2702    i.RCC_APB2PeriphClockCmd  stm32l1xx_rcc.o
    0x0800a9b4   0x0800a9b4   0x00000018   Code   RO         2704    i.RCC_APB2PeriphResetCmd  stm32l1xx_rcc.o
    0x0800a9cc   0x0800a9cc   0x000000a8   Code   RO         2711    i.RCC_GetClocksFreq  stm32l1xx_rcc.o
    0x0800aa74   0x0800aa74   0x00000100   Code   RO          443    i.SPI2_Configuration  adxl355.o
    0x0800ab74   0x0800ab74   0x00000006   Code   RO          444    i.SPI2_ReadByte     adxl355.o
    0x0800ab7a   0x0800ab7a   0x00000002   PAD
    0x0800ab7c   0x0800ab7c   0x00000034   Code   RO          445    i.SPI2_WriteByte    adxl355.o
    0x0800abb0   0x0800abb0   0x00000014   Code   RO         3481    i.SPI_Cmd           stm32l1xx_spi.o
    0x0800abc4   0x0800abc4   0x00000054   Code   RO         3488    i.SPI_I2S_DeInit    stm32l1xx_spi.o
    0x0800ac18   0x0800ac18   0x0000000e   Code   RO         3489    i.SPI_I2S_GetFlagStatus  stm32l1xx_spi.o
    0x0800ac26   0x0800ac26   0x00000004   Code   RO         3492    i.SPI_I2S_ReceiveData  stm32l1xx_spi.o
    0x0800ac2a   0x0800ac2a   0x00000004   Code   RO         3493    i.SPI_I2S_SendData  stm32l1xx_spi.o
    0x0800ac2e   0x0800ac2e   0x00000038   Code   RO         3494    i.SPI_Init          stm32l1xx_spi.o
    0x0800ac66   0x0800ac66   0x00000002   Code   RO          211    i.SVC_Handler       stm32l1xx_it.o
    0x0800ac68   0x0800ac68   0x000000c4   Code   RO         4469    i.SetSysClock       system_stm32l1xx.o
    0x0800ad2c   0x0800ad2c   0x000000cc   Code   RO          212    i.SysTick_Handler   stm32l1xx_it.o
    0x0800adf8   0x0800adf8   0x00000054   Code   RO         4471    i.SystemInit        system_stm32l1xx.o
    0x0800ae4c   0x0800ae4c   0x00000034   Code   RO          310    i.U485SendData      uart.o
    0x0800ae80   0x0800ae80   0x000000b8   Code   RO          311    i.UART1_Configuration  uart.o
    0x0800af38   0x0800af38   0x00000018   Code   RO          314    i.USART1_ClearBuf_Flag  uart.o
    0x0800af50   0x0800af50   0x0000001c   Code   RO          315    i.USART1_GetChar    uart.o
    0x0800af6c   0x0800af6c   0x0000002c   Code   RO          316    i.USART1_GetCharBlock  uart.o
    0x0800af98   0x0800af98   0x0000008c   Code   RO          213    i.USART1_IRQHandler  stm32l1xx_it.o
    0x0800b024   0x0800b024   0x0000007c   Code   RO          214    i.USART2_IRQHandler  stm32l1xx_it.o
    0x0800b0a0   0x0800b0a0   0x0000007c   Code   RO          215    i.USART3_IRQHandler  stm32l1xx_it.o
    0x0800b11c   0x0800b11c   0x00000006   Code   RO         4219    i.USART_ClearFlag   stm32l1xx_usart.o
    0x0800b122   0x0800b122   0x0000000c   Code   RO         4220    i.USART_ClearITPendingBit  stm32l1xx_usart.o
    0x0800b12e   0x0800b12e   0x00000014   Code   RO         4223    i.USART_Cmd         stm32l1xx_usart.o
    0x0800b142   0x0800b142   0x0000000e   Code   RO         4226    i.USART_GetFlagStatus  stm32l1xx_usart.o
    0x0800b150   0x0800b150   0x0000003e   Code   RO         4227    i.USART_GetITStatus  stm32l1xx_usart.o
    0x0800b18e   0x0800b18e   0x00000030   Code   RO         4229    i.USART_ITConfig    stm32l1xx_usart.o
    0x0800b1be   0x0800b1be   0x00000002   PAD
    0x0800b1c0   0x0800b1c0   0x000000a4   Code   RO         4230    i.USART_Init        stm32l1xx_usart.o
    0x0800b264   0x0800b264   0x00000030   Code   RO          323    i.USART_PutChar     uart.o
    0x0800b294   0x0800b294   0x00000022   Code   RO          324    i.USART_PutData     uart.o
    0x0800b2b6   0x0800b2b6   0x00000008   Code   RO         4237    i.USART_ReceiveData  stm32l1xx_usart.o
    0x0800b2be   0x0800b2be   0x00000008   Code   RO         4240    i.USART_SendData    stm32l1xx_usart.o
    0x0800b2c6   0x0800b2c6   0x00000002   Code   RO          216    i.UsageFault_Handler  stm32l1xx_it.o
    0x0800b2c8   0x0800b2c8   0x00000028   Code   RO         4646    i.__ARM_fpclassify  m_ws.l(fpclassify.o)
    0x0800b2f0   0x0800b2f0   0x00000388   Code   RO         4605    i.__ieee754_rem_pio2  m_ws.l(rred.o)
    0x0800b678   0x0800b678   0x000000fc   Code   RO         4587    i.__kernel_cos      m_ws.l(cos_i.o)
    0x0800b774   0x0800b774   0x000000aa   Code   RO         4648    i.__kernel_poly     m_ws.l(poly.o)
    0x0800b81e   0x0800b81e   0x00000002   PAD
    0x0800b820   0x0800b820   0x000000ec   Code   RO         4610    i.__kernel_sin      m_ws.l(sin_i.o)
    0x0800b90c   0x0800b90c   0x0000001a   Code   RO          668    i.__ltobf           modbus.o
    0x0800b926   0x0800b926   0x00000006   Code   RO         4591    i.__mathlib_dbl_infnan  m_ws.l(dunder.o)
    0x0800b92c   0x0800b92c   0x00000004   Code   RO         4592    i.__mathlib_dbl_infnan2  m_ws.l(dunder.o)
    0x0800b930   0x0800b930   0x0000000c   Code   RO         4593    i.__mathlib_dbl_invalid  m_ws.l(dunder.o)
    0x0800b93c   0x0800b93c   0x00000010   Code   RO         4596    i.__mathlib_dbl_underflow  m_ws.l(dunder.o)
    0x0800b94c   0x0800b94c   0x0000000e   Code   RO         4658    i.__scatterload_copy  mc_w.l(handlers.o)
    0x0800b95a   0x0800b95a   0x00000002   Code   RO         4659    i.__scatterload_null  mc_w.l(handlers.o)
    0x0800b95c   0x0800b95c   0x0000000e   Code   RO         4660    i.__scatterload_zeroinit  mc_w.l(handlers.o)
    0x0800b96a   0x0800b96a   0x00000002   PAD
    0x0800b96c   0x0800b96c   0x0000000c   Code   RO         4636    i.__set_errno       mc_w.l(errno.o)
    0x0800b978   0x0800b978   0x00000220   Code   RO         4578    i.atan              m_ws.l(atan.o)
    0x0800bb98   0x0800bb98   0x00000180   Code   RO         4512    i.atan2             m_ws.l(atan2.o)
    0x0800bd18   0x0800bd18   0x0000009c   Code   RO         4520    i.cos               m_ws.l(cos.o)
    0x0800bdb4   0x0800bdb4   0x0000004c   Code   RO            9    i.main              main.o
    0x0800be00   0x0800be00   0x000000a0   Code   RO         4528    i.sin               m_ws.l(sin.o)
    0x0800bea0   0x0800bea0   0x00000004   Data   RO          671    .constdata          modbus.o
    0x0800bea4   0x0800bea4   0x00000004   PAD
    0x0800bea8   0x0800bea8   0x00000098   Data   RO         4579    .constdata          m_ws.l(atan.o)
    0x0800bf40   0x0800bf40   0x00000030   Data   RO         4588    .constdata          m_ws.l(cos_i.o)
    0x0800bf70   0x0800bf70   0x00000008   Data   RO         4604    .constdata          m_ws.l(qnan.o)
    0x0800bf78   0x0800bf78   0x000000c8   Data   RO         4607    .constdata          m_ws.l(rred.o)
    0x0800c040   0x0800c040   0x00000028   Data   RO         4611    .constdata          m_ws.l(sin_i.o)
    0x0800c068   0x0800c068   0x00000020   Data   RO         4656    Region$$Table       anon$$obj.o


    Execution Region RW_IRAM1 (Exec base: 0x20000000, Load base: 0x0800c088, Size: 0x000015f0, Max: 0x00004000, ABSOLUTE)

    Exec Addr    Load Addr    Size         Type   Attr      Idx    E Section Name        Object

    0x20000000   0x0800c088   0x00000004   Data   RW           14    .data               main.o
    0x20000004   0x0800c08c   0x00000004   Data   RW           16    .data               main.o
    0x20000008   0x0800c090   0x00000004   Data   RW           17    .data               main.o
    0x2000000c   0x0800c094   0x00000001   Data   RW           18    .data               main.o
    0x2000000d   0x0800c095   0x00000001   Data   RW           19    .data               main.o
    0x2000000e   0x0800c096   0x00000002   PAD
    0x20000010   0x0800c098   0x00000004   Data   RW           20    .data               main.o
    0x20000014   0x0800c09c   0x00000004   Data   RW          217    .data               stm32l1xx_it.o
    0x20000018   0x0800c0a0   0x00000001   Data   RW          331    .data               uart.o
    0x20000019   0x0800c0a1   0x00000006   Data   RW          333    .data               uart.o
    0x2000001f   0x0800c0a7   0x00000001   Data   RW          334    .data               uart.o
    0x20000020   0x0800c0a8   0x00000001   Data   RW          335    .data               uart.o
    0x20000021   0x0800c0a9   0x00000003   PAD
    0x20000024   0x0800c0ac   0x00000004   Data   RW          505    .data               hmc5883.o
    0x20000028   0x0800c0b0   0x00000001   Data   RW          672    .data               modbus.o
    0x20000029   0x0800c0b1   0x00000001   Data   RW          673    .data               modbus.o
    0x2000002a   0x0800c0b2   0x00000019   Data   RW         2734    .data               stm32l1xx_rcc.o
    0x20000043   0x0800c0cb   0x00000001   PAD
    0x20000044   0x0800c0cc   0x0000001d   Data   RW         4472    .data               system_stm32l1xx.o
    0x20000061   0x0800c0e9   0x00000003   PAD
    0x20000064   0x0800c0ec   0x00000004   Data   RW         4540    .data               mc_w.l(stdout.o)
    0x20000068   0x0800c0f0   0x00000004   Data   RW         4637    .data               mc_w.l(errno.o)
    0x2000006c        -       0x00000034   Zero   RW           10    .bss                main.o
    0x200000a0        -       0x00000318   Zero   RW          327    .bss                uart.o
    0x200003b8        -       0x00000236   Zero   RW          669    .bss                modbus.o
    0x200005ee   0x0800c0f4   0x00000002   PAD
    0x200005f0        -       0x00001000   Zero   RW         4504    STACK               startup_stm32l1xx_md.o


==============================================================================

Image component sizes


      Code (inc. data)   RO Data    RW Data    ZI Data      Debug   Object Name

      1088         46          0          0          0       5244   adxl355.o
       100          8          0          0          0       1231   gpio.o
      1740         90          0          4          0      31780   hmc5883.o
       200         18          0          0          0       2552   iflash.o
       422         34          0         18         52     267741   main.o
       120         14          0          0          0     187875   misc.o
      4072        138          4          2        566      15477   modbus.o
        36          8        244          0       4096        804   startup_stm32l1xx_md.o
        92         22          0          0          0       2304   stm32l1xx_flash.o
       164          0          0          0          0       3323   stm32l1xx_gpio.o
       458         16          0          0          0       8498   stm32l1xx_i2c.o
       792        144          0          4          0       6870   stm32l1xx_it.o
       288         42          0         25          0       5324   stm32l1xx_rcc.o
       182         12          0          0          0       3671   stm32l1xx_spi.o
       342          6          0          0          0       6313   stm32l1xx_usart.o
       280         28          0         29          0       1713   system_stm32l1xx.o
       414         40          0          9        792       6008   uart.o

    ----------------------------------------------------------------------
     10808        666        284        100       5508     556728   Object Totals
         0          0         32          0          0          0   (incl. Generated)
        18          0          4          9          2          0   (incl. Padding)

    ----------------------------------------------------------------------

      Code (inc. data)   RO Data    RW Data    ZI Data      Debug   Library Member Name

       544         70        152          0          0        124   atan.o
       384         38          0          0          0        144   atan2.o
       156          8          0          0          0        104   cos.o
       252         22         48          0          0        124   cos_i.o
        38          6          0          0          0        272   dunder.o
        40          0          0          0          0         68   fpclassify.o
       170          0          0          0          0         96   poly.o
         0          0          8          0          0          0   qnan.o
       904         76        200          0          0        140   rred.o
       160         10          0          0          0        108   sin.o
       236         12         40          0          0        128   sin_i.o
         0          0          0          0          0          0   entry.o
         0          0          0          0          0          0   entry10a.o
         0          0          0          0          0          0   entry11a.o
         8          4          0          0          0          0   entry2.o
         4          0          0          0          0          0   entry5.o
         0          0          0          0          0          0   entry7b.o
         0          0          0          0          0          0   entry8b.o
         8          4          0          0          0          0   entry9a.o
        12          6          0          4          0         68   errno.o
        30          0          0          0          0          0   handlers.o
        36          8          0          0          0         68   init.o
         0          0          0          0          0          0   iusefp.o
        30          0          0          0          0         68   llshl.o
        36          0          0          0          0         68   llsshr.o
        32          0          0          0          0         68   llushr.o
        36          0          0          0          0         68   memcpya.o
        36          0          0          0          0        108   memseta.o
         0          0          0          4          0          0   stdout.o
        30          0          0          0          0         80   strncmp.o
        20          0          0          0          0         68   cfrcmple.o
        56          0          0          0          0         88   d2f.o
       334          0          0          0          0        148   dadd.o
       222          0          0          0          0        100   ddiv.o
       186          0          0          0          0        176   depilogue.o
        62          0          0          0          0         80   dfixi.o
        34          0          0          0          0         76   dflti.o
        26          0          0          0          0         76   dfltui.o
       228          0          0          0          0         96   dmul.o
        46          0          0          0          0         80   dscalb.o
        38          0          0          0          0         68   f2d.o
       176          0          0          0          0        140   fadd.o
       124          0          0          0          0         88   fdiv.o
       110          0          0          0          0        168   fepilogue.o
        18          0          0          0          0         68   fflti.o
        10          0          0          0          0         68   ffltui.o
       100          0          0          0          0         76   fmul.o

    ----------------------------------------------------------------------
      4980        264        448          8          0       3568   Library Totals
         8          0          0          0          0          0   (incl. Padding)

    ----------------------------------------------------------------------

      Code (inc. data)   RO Data    RW Data    ZI Data      Debug   Library Name

      2884        242        448          0          0       1308   m_ws.l
       298         22          0          8          0        596   mc_w.l
      1790          0          0          0          0       1664   mf_w.l

    ----------------------------------------------------------------------
      4980        264        448          8          0       3568   Library Totals

    ----------------------------------------------------------------------

==============================================================================


      Code (inc. data)   RO Data    RW Data    ZI Data      Debug   

     15788        930        732        108       5508     553064   Grand Totals
     15788        930        732        108       5508     553064   ELF Image Totals
     15788        930        732        108          0          0   ROM Totals

==============================================================================

    Total RO  Size (Code + RO Data)                16520 (  16.13kB)
    Total RW  Size (RW Data + ZI Data)              5616 (   5.48kB)
    Total ROM Size (Code + RO Data + RW Data)      16628 (  16.24kB)

==============================================================================

