Component: ARM Compiler 5.06 update 6 (build 750) Tool: armlink [4d35ed]

==============================================================================

Section Cross References

    main.o(i.Delay) refers to main.o(.data) for .data
    main.o(i.Init_Hardware) refers to misc.o(i.NVIC_PriorityGroupConfig) for NVIC_PriorityGroupConfig
    main.o(i.Init_Hardware) refers to main.o(i.Init_SysTick) for Init_SysTick
    main.o(i.Init_Hardware) refers to gpio.o(i.GPIO_Configuration) for GPIO_Configuration
    main.o(i.Init_Hardware) refers to uart.o(i.UART1_Configuration) for UART1_Configuration
    main.o(i.Init_Hardware) refers to uart.o(i.UART3_Configuration) for UART3_Configuration
    main.o(i.Init_Hardware) refers to printf5.o(i.__0printf$5) for __2printf
    main.o(i.Init_Hardware) refers to stm32l1xx_gpio.o(i.GPIO_ResetBits) for GPIO_ResetBits
    main.o(i.Init_Hardware) refers to main.o(i.Delay) for Delay
    main.o(i.Init_Parameter) refers to main.o(i.Delay) for Delay
    main.o(i.Init_Parameter) refers to ieeprom.o(i.EERead) for EERead
    main.o(i.Init_Parameter) refers to modbus.o(i.Get_SNInfo_Fun) for Get_SNInfo_Fun
    main.o(i.Init_Parameter) refers to printf5.o(i.__0printf$5) for __2printf
    main.o(i.Init_Parameter) refers to main.o(.bss) for .bss
    main.o(i.Init_Parameter) refers to main.o(.data) for .data
    main.o(i.Init_SysTick) refers to main.o(i.NVIC_SetPriority) for NVIC_SetPriority
    main.o(i.Init_SysTick) refers to system_stm32l1xx.o(.data) for SystemCoreClock
    main.o(i.main) refers to main.o(i.Init_Hardware) for Init_Hardware
    main.o(i.main) refers to main.o(i.Init_Parameter) for Init_Parameter
    main.o(i.main) refers to iap.o(i.Wait_Commend) for Wait_Commend
    main.o(i.main) refers to printf5.o(i.__0printf$5) for __2printf
    main.o(i.main) refers to iap.o(i.iap_load_app) for iap_load_app
    main.o(i.main) refers to iap.o(i.Update_Firmware) for Update_Firmware
    main.o(i.main) refers to main.o(.data) for .data
    stm32l1xx_it.o(i.SysTick_Handler) refers to main.o(.data) for TimingDelay
    stm32l1xx_it.o(i.SysTick_Handler) refers to modbus.o(.data) for ModbusIntervalTime
    stm32l1xx_it.o(i.SysTick_Handler) refers to modbus.o(.bss) for ModbusDataPackage
    stm32l1xx_it.o(i.SysTick_Handler) refers to modbus.o(.data) for Modbus_FreeFlag
    stm32l1xx_it.o(i.USART1_IRQHandler) refers to stm32l1xx_usart.o(i.USART_GetITStatus) for USART_GetITStatus
    stm32l1xx_it.o(i.USART1_IRQHandler) refers to stm32l1xx_usart.o(i.USART_ReceiveData) for USART_ReceiveData
    stm32l1xx_it.o(i.USART1_IRQHandler) refers to stm32l1xx_usart.o(i.USART_ClearITPendingBit) for USART_ClearITPendingBit
    stm32l1xx_it.o(i.USART1_IRQHandler) refers to uart.o(.bss) for uart1_rbuf
    stm32l1xx_it.o(i.USART1_IRQHandler) refers to modbus.o(.data) for Modbus_BusyFlag
    stm32l1xx_it.o(i.USART1_IRQHandler) refers to modbus.o(.data) for Modbus_FreeFlag
    stm32l1xx_it.o(i.USART1_IRQHandler) refers to modbus.o(.bss) for ModbusDataPackage
    stm32l1xx_it.o(i.USART1_IRQHandler) refers to modbus.o(.data) for ModbusIntervalTime
    stm32l1xx_it.o(i.USART2_IRQHandler) refers to stm32l1xx_usart.o(i.USART_GetITStatus) for USART_GetITStatus
    stm32l1xx_it.o(i.USART2_IRQHandler) refers to stm32l1xx_usart.o(i.USART_ReceiveData) for USART_ReceiveData
    stm32l1xx_it.o(i.USART2_IRQHandler) refers to stm32l1xx_usart.o(i.USART_ClearITPendingBit) for USART_ClearITPendingBit
    stm32l1xx_it.o(i.USART2_IRQHandler) refers to uart.o(.bss) for uart2_rbuf
    stm32l1xx_it.o(i.USART2_IRQHandler) refers to uart.o(.data) for Uart1Flag
    stm32l1xx_it.o(i.USART2_IRQHandler) refers to uart.o(.data) for USART2_INTERVAL_TIME
    stm32l1xx_it.o(i.USART3_IRQHandler) refers to stm32l1xx_usart.o(i.USART_GetITStatus) for USART_GetITStatus
    stm32l1xx_it.o(i.USART3_IRQHandler) refers to stm32l1xx_usart.o(i.USART_ReceiveData) for USART_ReceiveData
    stm32l1xx_it.o(i.USART3_IRQHandler) refers to stm32l1xx_usart.o(i.USART_ClearITPendingBit) for USART_ClearITPendingBit
    stm32l1xx_it.o(i.USART3_IRQHandler) refers to uart.o(.bss) for uart3_rbuf
    stm32l1xx_it.o(i.USART3_IRQHandler) refers to uart.o(.data) for Uart3Flag
    stm32l1xx_it.o(i.USART3_IRQHandler) refers to uart.o(.data) for USART3_INTERVAL_TIME
    stm32l1xx_it.o(i.USART3_IRQHandler) refers to uart.o(.data) for USART3_RX_Len
    iap.o(i.ClearUsartBuf) refers to uart.o(i.USART1_ClearBuf_Flag) for USART1_ClearBuf_Flag
    iap.o(i.ClearUsartBuf) refers to modbus.o(.bss) for ModbusDataPackage
    iap.o(i.Re_BootLoader_Info) refers to modbus.o(i.CRC16_Check) for CRC16_Check
    iap.o(i.Re_BootLoader_Info) refers to uart.o(i.U485SendData) for U485SendData
    iap.o(i.Re_BootLoader_Info) refers to iap.o(i.ClearUsartBuf) for ClearUsartBuf
    iap.o(i.Re_BootLoader_Info) refers to main.o(.bss) for BL_Data
    iap.o(i.Re_BootLoader_Update) refers to ieeprom.o(i.EEWrite) for EEWrite
    iap.o(i.Re_BootLoader_Update) refers to modbus.o(i.CRC16_Check) for CRC16_Check
[...]
    printf5.o(i.__0vfprintf$5) refers to printf5.o(i._printf_core) for _printf_core
    printf5.o(i.__0vfprintf$5) refers to uart.o(i.fputc) for fputc
    printf5.o(i.__0vprintf$5) refers to printf5.o(i._printf_core) for _printf_core
    printf5.o(i.__0vprintf$5) refers to uart.o(i.fputc) for fputc
    printf5.o(i.__0vprintf$5) refers to stdout.o(.data) for __stdout
    printf5.o(i.__0vsnprintf$5) refers to printf5.o(i._printf_core) for _printf_core
    printf5.o(i.__0vsnprintf$5) refers to printf5.o(i._snputc) for _snputc
    printf5.o(i.__0vsprintf$5) refers to printf5.o(i._printf_core) for _printf_core
    printf5.o(i.__0vsprintf$5) refers to printf5.o(i._sputc) for _sputc
    printf5.o(i._printf_core) refers to uldiv.o(.text) for __aeabi_uldivmod
    printf6.o(i.__0fprintf$6) refers to printf6.o(i._printf_core) for _printf_core
    printf6.o(i.__0fprintf$6) refers to uart.o(i.fputc) for fputc
    printf6.o(i.__0printf$6) refers to printf6.o(i._printf_core) for _printf_core
    printf6.o(i.__0printf$6) refers to uart.o(i.fputc) for fputc
    printf6.o(i.__0printf$6) refers to stdout.o(.data) for __stdout
    printf6.o(i.__0snprintf$6) refers to printf6.o(i._printf_core) for _printf_core
    printf6.o(i.__0snprintf$6) refers to printf6.o(i._snputc) for _snputc
    printf6.o(i.__0sprintf$6) refers to printf6.o(i._printf_core) for _printf_core
    printf6.o(i.__0sprintf$6) refers to printf6.o(i._sputc) for _sputc
    printf6.o(i.__0vfprintf$6) refers to printf6.o(i._printf_core) for _printf_core
    printf6.o(i.__0vfprintf$6) refers to uart.o(i.fputc) for fputc
    printf6.o(i.__0vprintf$6) refers to printf6.o(i._printf_core) for _printf_core
    printf6.o(i.__0vprintf$6) refers to uart.o(i.fputc) for fputc
    printf6.o(i.__0vprintf$6) refers to stdout.o(.data) for __stdout
    printf6.o(i.__0vsnprintf$6) refers to printf6.o(i._printf_core) for _printf_core
    printf6.o(i.__0vsnprintf$6) refers to printf6.o(i._snputc) for _snputc
    printf6.o(i.__0vsprintf$6) refers to printf6.o(i._printf_core) for _printf_core
    printf6.o(i.__0vsprintf$6) refers to printf6.o(i._sputc) for _sputc
    printf6.o(i._printf_core) refers to printf6.o(i._printf_pre_padding) for _printf_pre_padding
    printf6.o(i._printf_core) refers to uidiv.o(.text) for __aeabi_uidivmod
    printf6.o(i._printf_core) refers to printf6.o(i._printf_post_padding) for _printf_post_padding
    printf7.o(i.__0fprintf$7) refers to printf7.o(i._printf_core) for _printf_core
    printf7.o(i.__0fprintf$7) refers to uart.o(i.fputc) for fputc
    printf7.o(i.__0printf$7) refers to printf7.o(i._printf_core) for _printf_core
    printf7.o(i.__0printf$7) refers to uart.o(i.fputc) for fputc
    printf7.o(i.__0printf$7) refers to stdout.o(.data) for __stdout
    printf7.o(i.__0snprintf$7) refers to printf7.o(i._printf_core) for _printf_core
    printf7.o(i.__0snprintf$7) refers to printf7.o(i._snputc) for _snputc
    printf7.o(i.__0sprintf$7) refers to printf7.o(i._printf_core) for _printf_core
    printf7.o(i.__0sprintf$7) refers to printf7.o(i._sputc) for _sputc
    printf7.o(i.__0vfprintf$7) refers to printf7.o(i._printf_core) for _printf_core
    printf7.o(i.__0vfprintf$7) refers to uart.o(i.fputc) for fputc
    printf7.o(i.__0vprintf$7) refers to printf7.o(i._printf_core) for _printf_core
    printf7.o(i.__0vprintf$7) refers to uart.o(i.fputc) for fputc
    printf7.o(i.__0vprintf$7) refers to stdout.o(.data) for __stdout
    printf7.o(i.__0vsnprintf$7) refers to printf7.o(i._printf_core) for _printf_core
    printf7.o(i.__0vsnprintf$7) refers to printf7.o(i._snputc) for _snputc
    printf7.o(i.__0vsprintf$7) refers to printf7.o(i._printf_core) for _printf_core
    printf7.o(i.__0vsprintf$7) refers to printf7.o(i._sputc) for _sputc
    printf7.o(i._printf_core) refers to printf7.o(i._printf_pre_padding) for _printf_pre_padding
    printf7.o(i._printf_core) refers to uldiv.o(.text) for __aeabi_uldivmod
    printf7.o(i._printf_core) refers to printf7.o(i._printf_post_padding) for _printf_post_padding
    printf8.o(i.__0fprintf$8) refers to printf8.o(i._printf_core) for _printf_core
    printf8.o(i.__0fprintf$8) refers to uart.o(i.fputc) for fputc
    printf8.o(i.__0printf$8) refers to printf8.o(i._printf_core) for _printf_core
    printf8.o(i.__0printf$8) refers to uart.o(i.fputc) for fputc
    printf8.o(i.__0printf$8) refers to stdout.o(.data) for __stdout
    printf8.o(i.__0snprintf$8) refers to printf8.o(i._printf_core) for _printf_core
    printf8.o(i.__0snprintf$8) refers to printf8.o(i._snputc) for _snputc
    printf8.o(i.__0sprintf$8) refers to printf8.o(i._printf_core) for _printf_core
    printf8.o(i.__0sprintf$8) refers to printf8.o(i._sputc) for _sputc
    printf8.o(i.__0vfprintf$8) refers to printf8.o(i._printf_core) for _printf_core
    printf8.o(i.__0vfprintf$8) refers to uart.o(i.fputc) for fputc
    printf8.o(i.__0vprintf$8) refers to printf8.o(i._printf_core) for _printf_core
    printf8.o(i.__0vprintf$8) refers to uart.o(i.fputc) for fputc
    printf8.o(i.__0vprintf$8) refers to stdout.o(.data) for __stdout
    printf8.o(i.__0vsnprintf$8) refers to printf8.o(i._printf_core) for _printf_core
    printf8.o(i.__0vsnprintf$8) refers to printf8.o(i._snputc) for _snputc
    printf8.o(i.__0vsprintf$8) refers to printf8.o(i._printf_core) for _printf_core
    printf8.o(i.__0vsprintf$8) refers to printf8.o(i._sputc) for _sputc
    printf8.o(i._printf_core) refers to printf8.o(i._printf_pre_padding) for _printf_pre_padding
    printf8.o(i._printf_core) refers to uldiv.o(.text) for __aeabi_uldivmod
    printf8.o(i._printf_core) refers to printf8.o(i._printf_post_padding) for _printf_post_padding
    printfa.o(i.__0fprintf) refers (Special) to iusefp.o(.text) for __I$use$fp
    printfa.o(i.__0fprintf) refers to printfa.o(i._printf_core) for _printf_core
    printfa.o(i.__0fprintf) refers to uart.o(i.fputc) for fputc
    printfa.o(i.__0printf) refers (Special) to iusefp.o(.text) for __I$use$fp
    printfa.o(i.__0printf) refers to printfa.o(i._printf_core) for _printf_core
    printfa.o(i.__0printf) refers to uart.o(i.fputc) for fputc
    printfa.o(i.__0printf) refers to stdout.o(.data) for __stdout
    printfa.o(i.__0snprintf) refers (Special) to iusefp.o(.text) for __I$use$fp
    printfa.o(i.__0snprintf) refers to printfa.o(i._printf_core) for _printf_core
    printfa.o(i.__0snprintf) refers to printfa.o(i._snputc) for _snputc
    printfa.o(i.__0sprintf) refers (Special) to iusefp.o(.text) for __I$use$fp
    printfa.o(i.__0sprintf) refers to printfa.o(i._printf_core) for _printf_core
    printfa.o(i.__0sprintf) refers to printfa.o(i._sputc) for _sputc
    printfa.o(i.__0vfprintf) refers (Special) to iusefp.o(.text) for __I$use$fp
    printfa.o(i.__0vfprintf) refers to printfa.o(i._printf_core) for _printf_core
    printfa.o(i.__0vfprintf) refers to uart.o(i.fputc) for fputc
    printfa.o(i.__0vprintf) refers (Special) to iusefp.o(.text) for __I$use$fp
    printfa.o(i.__0vprintf) refers to printfa.o(i._printf_core) for _printf_core
    printfa.o(i.__0vprintf) refers to uart.o(i.fputc) for fputc
    printfa.o(i.__0vprintf) refers to stdout.o(.data) for __stdout
    printfa.o(i.__0vsnprintf) refers (Special) to iusefp.o(.text) for __I$use$fp
    printfa.o(i.__0vsnprintf) refers to printfa.o(i._printf_core) for _printf_core
    printfa.o(i.__0vsnprintf) refers to printfa.o(i._snputc) for _snputc
    printfa.o(i.__0vsprintf) refers (Special) to iusefp.o(.text) for __I$use$fp
    printfa.o(i.__0vsprintf) refers to printfa.o(i._printf_core) for _printf_core
    printfa.o(i.__0vsprintf) refers to printfa.o(i._sputc) for _sputc
    printfa.o(i._fp_digits) refers (Special) to iusefp.o(.text) for __I$use$fp
    printfa.o(i._fp_digits) refers to dmul.o(.text) for __aeabi_dmul
    printfa.o(i._fp_digits) refers to ddiv.o(.text) for __aeabi_ddiv
    printfa.o(i._fp_digits) refers to cdrcmple.o(.text) for __aeabi_cdrcmple
    printfa.o(i._fp_digits) refers to dadd.o(.text) for __aeabi_dadd
    printfa.o(i._fp_digits) refers to dfixul.o(.text) for __aeabi_d2ulz
    printfa.o(i._fp_digits) refers to uldiv.o(.text) for __aeabi_uldivmod
    printfa.o(i._printf_core) refers (Special) to iusefp.o(.text) for __I$use$fp
    printfa.o(i._printf_core) refers to printfa.o(i._printf_pre_padding) for _printf_pre_padding
    printfa.o(i._printf_core) refers to uldiv.o(.text) for __aeabi_uldivmod
    printfa.o(i._printf_core) refers to printfa.o(i._printf_post_padding) for _printf_post_padding
    printfa.o(i._printf_core) refers to printfa.o(i._fp_digits) for _fp_digits
    printfa.o(i._printf_core) refers to uidiv.o(.text) for __aeabi_uidivmod
    printfa.o(i._printf_post_padding) refers (Special) to iusefp.o(.text) for __I$use$fp
    printfa.o(i._printf_pre_padding) refers (Special) to iusefp.o(.text) for __I$use$fp
    printfa.o(i._snputc) refers (Special) to iusefp.o(.text) for __I$use$fp
    printfa.o(i._sputc) refers (Special) to iusefp.o(.text) for __I$use$fp
    entry2.o(.ARM.Collect$$$$00000001) refers to entry2.o(.ARM.Collect$$$$00002712) for __lit__00000000
    entry2.o(.ARM.Collect$$$$00002712) refers to startup_stm32l1xx_md.o(STACK) for __initial_sp
    entry2.o(__vectab_stack_and_reset_area) refers to startup_stm32l1xx_md.o(STACK) for __initial_sp
    entry2.o(__vectab_stack_and_reset_area) refers to entry.o(.ARM.Collect$$$$00000000) for __main
    entry5.o(.ARM.Collect$$$$00000004) refers to init.o(.text) for __scatterload
    entry9a.o(.ARM.Collect$$$$0000000B) refers to main.o(i.main) for main
    entry9b.o(.ARM.Collect$$$$0000000C) refers to main.o(i.main) for main
    uldiv.o(.text) refers to llushr.o(.text) for __aeabi_llsr
    uldiv.o(.text) refers to llshl.o(.text) for __aeabi_llsl
    dadd.o(.text) refers to llshl.o(.text) for __aeabi_llsl
    dadd.o(.text) refers to llsshr.o(.text) for __aeabi_lasr
    dadd.o(.text) refers to depilogue.o(.text) for _double_epilogue
    dmul.o(.text) refers to depilogue.o(.text) for _double_epilogue
    ddiv.o(.text) refers to depilogue.o(.text) for _double_round
    dfixul.o(.text) refers to llushr.o(.text) for __aeabi_llsr
    dfixul.o(.text) refers to llshl.o(.text) for __aeabi_llsl
    init.o(.text) refers to entry5.o(.ARM.Collect$$$$00000004) for __main_after_scatterload
    depilogue.o(.text) refers to llshl.o(.text) for __aeabi_llsl
    depilogue.o(.text) refers to llushr.o(.text) for __aeabi_llsr


==============================================================================

Removing Unused input sections from the image.

    Removing main.o(.rev16_text), (4 bytes).
    Removing main.o(.revsh_text), (4 bytes).
    Removing main.o(.constdata), (4 bytes).
    Removing main.o(.data), (4 bytes).
    Removing stm32l1xx_it.o(.rev16_text), (4 bytes).
    Removing stm32l1xx_it.o(.revsh_text), (4 bytes).
    Removing iap.o(.rev16_text), (4 bytes).
    Removing iap.o(.revsh_text), (4 bytes).
    Removing modbus.o(.rev16_text), (4 bytes).
    Removing modbus.o(.revsh_text), (4 bytes).
    Removing gpio.o(.rev16_text), (4 bytes).
    Removing gpio.o(.revsh_text), (4 bytes).
    Removing gpio.o(i.GPIO_PinReverse), (8 bytes).
    Removing ieeprom.o(.rev16_text), (4 bytes).
    Removing ieeprom.o(.revsh_text), (4 bytes).
    Removing ieeprom.o(i.EEErase), (40 bytes).
    Removing ieeprom.o(i.Read_EEPROM), (40 bytes).
    Removing ieeprom.o(i.Write_EEPROM), (48 bytes).
    Removing iflash.o(.rev16_text), (4 bytes).
    Removing iflash.o(.revsh_text), (4 bytes).
    Removing iflash.o(i.FLASH_If_Erase), (44 bytes).
    Removing iflash.o(i.FLASH_Test), (176 bytes).
    Removing iflash.o(i.Read_2NByte_From_Flash), (24 bytes).
    Removing iflash.o(i.Read_4NByte_From_Flash), (20 bytes).
    Removing iflash.o(i.Read_NByte_From_Flash), (20 bytes).
    Removing iflash.o(.data), (1 bytes).
    Removing uart.o(.rev16_text), (4 bytes).
    Removing uart.o(.revsh_text), (4 bytes).
    Removing uart.o(i.UART2_Configuration), (176 bytes).
    Removing uart.o(i.USART2_ClearBuf_Flag), (24 bytes).
    Removing uart.o(i.USART2_GetChar), (28 bytes).
    Removing uart.o(i.USART2_GetCharBlock), (44 bytes).
    Removing uart.o(i.USART3_GetChar), (32 bytes).
    Removing uart.o(i.USART3_GetCharBlock), (48 bytes).
    Removing uart.o(i.USART_PutS), (24 bytes).
    Removing uart.o(.data), (1 bytes).
    Removing misc.o(.rev16_text), (4 bytes).
    Removing misc.o(.revsh_text), (4 bytes).
    Removing misc.o(i.NVIC_SetVectorTable), (20 bytes).
    Removing misc.o(i.NVIC_SystemLPConfig), (24 bytes).
    Removing misc.o(i.SysTick_CLKSourceConfig), (24 bytes).
    Removing stm32l1xx_comp.o(.rev16_text), (4 bytes).
    Removing stm32l1xx_comp.o(.revsh_text), (4 bytes).
    Removing stm32l1xx_comp.o(i.COMP_Cmd), (28 bytes).
    Removing stm32l1xx_comp.o(i.COMP_DeInit), (12 bytes).
    Removing stm32l1xx_comp.o(i.COMP_GetOutputLevel), (32 bytes).
    Removing stm32l1xx_comp.o(i.COMP_Init), (36 bytes).
    Removing stm32l1xx_comp.o(i.COMP_SW1SwitchConfig), (28 bytes).
    Removing stm32l1xx_comp.o(i.COMP_VrefintOutputCmd), (28 bytes).
    Removing stm32l1xx_comp.o(i.COMP_WindowCmd), (28 bytes).
    Removing stm32l1xx_crc.o(.rev16_text), (4 bytes).
    Removing stm32l1xx_crc.o(.revsh_text), (4 bytes).
    Removing stm32l1xx_crc.o(i.CRC_CalcBlockCRC), (28 bytes).
    Removing stm32l1xx_crc.o(i.CRC_CalcCRC), (12 bytes).
    Removing stm32l1xx_crc.o(i.CRC_GetCRC), (12 bytes).
    Removing stm32l1xx_crc.o(i.CRC_GetIDRegister), (12 bytes).
    Removing stm32l1xx_crc.o(i.CRC_ResetDR), (12 bytes).
    Removing stm32l1xx_crc.o(i.CRC_SetIDRegister), (12 bytes).
    Removing stm32l1xx_dbgmcu.o(.rev16_text), (4 bytes).
    Removing stm32l1xx_dbgmcu.o(.revsh_text), (4 bytes).
    Removing stm32l1xx_dbgmcu.o(i.DBGMCU_APB1PeriphConfig), (24 bytes).
    Removing stm32l1xx_dbgmcu.o(i.DBGMCU_APB2PeriphConfig), (24 bytes).
    Removing stm32l1xx_dbgmcu.o(i.DBGMCU_Config), (24 bytes).
    Removing stm32l1xx_dbgmcu.o(i.DBGMCU_GetDEVID), (16 bytes).
    Removing stm32l1xx_dbgmcu.o(i.DBGMCU_GetREVID), (12 bytes).
    Removing stm32l1xx_dma.o(.rev16_text), (4 bytes).
    Removing stm32l1xx_dma.o(.revsh_text), (4 bytes).
    Removing stm32l1xx_dma.o(i.DMA_ClearFlag), (24 bytes).
    Removing stm32l1xx_dma.o(i.DMA_ClearITPendingBit), (24 bytes).
    Removing stm32l1xx_dma.o(i.DMA_Cmd), (22 bytes).
    Removing stm32l1xx_dma.o(i.DMA_DeInit), (228 bytes).
    Removing stm32l1xx_dma.o(i.DMA_GetCurrDataCounter), (6 bytes).
    Removing stm32l1xx_dma.o(i.DMA_GetFlagStatus), (32 bytes).
    Removing stm32l1xx_dma.o(i.DMA_GetITStatus), (32 bytes).
    Removing stm32l1xx_dma.o(i.DMA_ITConfig), (16 bytes).
    Removing stm32l1xx_dma.o(i.DMA_Init), (58 bytes).
    Removing stm32l1xx_dma.o(i.DMA_SetCurrDataCounter), (4 bytes).
    Removing stm32l1xx_dma.o(i.DMA_StructInit), (26 bytes).
    Removing stm32l1xx_exti.o(.rev16_text), (4 bytes).
    Removing stm32l1xx_exti.o(.revsh_text), (4 bytes).
    Removing stm32l1xx_exti.o(i.EXTI_ClearFlag), (12 bytes).
    Removing stm32l1xx_exti.o(i.EXTI_ClearITPendingBit), (12 bytes).
    Removing stm32l1xx_exti.o(i.EXTI_DeInit), (36 bytes).
    Removing stm32l1xx_exti.o(i.EXTI_GenerateSWInterrupt), (16 bytes).
    Removing stm32l1xx_exti.o(i.EXTI_GetFlagStatus), (20 bytes).
    Removing stm32l1xx_exti.o(i.EXTI_GetITStatus), (20 bytes).
    Removing stm32l1xx_exti.o(i.EXTI_Init), (112 bytes).
    Removing stm32l1xx_exti.o(i.EXTI_StructInit), (14 bytes).
    Removing stm32l1xx_flash.o(.rev16_text), (4 bytes).
    Removing stm32l1xx_flash.o(.revsh_text), (4 bytes).
    Removing stm32l1xx_flash.o(i.DATA_EEPROM_EraseByte), (22 bytes).
    Removing stm32l1xx_flash.o(i.DATA_EEPROM_EraseHalfWord), (22 bytes).
    Removing stm32l1xx_flash.o(i.DATA_EEPROM_EraseWord), (22 bytes).
    Removing stm32l1xx_flash.o(i.DATA_EEPROM_FastProgramByte), (84 bytes).
    Removing stm32l1xx_flash.o(i.DATA_EEPROM_FastProgramHalfWord), (112 bytes).
    Removing stm32l1xx_flash.o(i.DATA_EEPROM_FastProgramWord), (48 bytes).
    Removing stm32l1xx_flash.o(i.DATA_EEPROM_FixedTimeProgramCmd), (28 bytes).
    Removing stm32l1xx_flash.o(i.DATA_EEPROM_ProgramByte), (70 bytes).
    Removing stm32l1xx_flash.o(i.DATA_EEPROM_ProgramHalfWord), (96 bytes).
    Removing stm32l1xx_flash.o(i.DATA_EEPROM_ProgramWord), (34 bytes).
    Removing stm32l1xx_flash.o(i.FLASH_GetFlagStatus), (20 bytes).
    Removing stm32l1xx_flash.o(i.FLASH_ITConfig), (24 bytes).
    Removing stm32l1xx_flash.o(i.FLASH_OB_BORConfig), (56 bytes).
    Removing stm32l1xx_flash.o(i.FLASH_OB_BootConfig), (56 bytes).
    Removing stm32l1xx_flash.o(i.FLASH_OB_GetBOR), (16 bytes).
    Removing stm32l1xx_flash.o(i.FLASH_OB_GetRDP), (20 bytes).
    Removing stm32l1xx_flash.o(i.FLASH_OB_GetSPRMOD), (20 bytes).
    Removing stm32l1xx_flash.o(i.FLASH_OB_GetUser), (16 bytes).
    Removing stm32l1xx_flash.o(i.FLASH_OB_GetWRP), (12 bytes).
    Removing stm32l1xx_flash.o(i.FLASH_OB_GetWRP1), (12 bytes).
    Removing stm32l1xx_flash.o(i.FLASH_OB_GetWRP2), (12 bytes).
    Removing stm32l1xx_flash.o(i.FLASH_OB_GetWRP3), (12 bytes).
    Removing stm32l1xx_flash.o(i.FLASH_OB_Launch), (16 bytes).
    Removing stm32l1xx_flash.o(i.FLASH_OB_Lock), (16 bytes).
    Removing stm32l1xx_flash.o(i.FLASH_OB_PCROP1Config), (84 bytes).
    Removing stm32l1xx_flash.o(i.FLASH_OB_PCROPConfig), (84 bytes).
    Removing stm32l1xx_flash.o(i.FLASH_OB_PCROPSelectionConfig), (48 bytes).
    Removing stm32l1xx_flash.o(i.FLASH_OB_RDPConfig), (52 bytes).
    Removing stm32l1xx_flash.o(i.FLASH_OB_Unlock), (40 bytes).
    Removing stm32l1xx_flash.o(i.FLASH_OB_UserConfig), (60 bytes).
    Removing stm32l1xx_flash.o(i.FLASH_OB_WRP1Config), (84 bytes).
    Removing stm32l1xx_flash.o(i.FLASH_OB_WRP2Config), (84 bytes).
    Removing stm32l1xx_flash.o(i.FLASH_OB_WRP3Config), (88 bytes).
    Removing stm32l1xx_flash.o(i.FLASH_OB_WRPConfig), (84 bytes).
    Removing stm32l1xx_flash.o(i.FLASH_PrefetchBufferCmd), (28 bytes).
    Removing stm32l1xx_flash.o(i.FLASH_ReadAccess64Cmd), (28 bytes).
    Removing stm32l1xx_flash.o(i.FLASH_SLEEPPowerDownCmd), (28 bytes).
    Removing stm32l1xx_flash.o(i.FLASH_SetLatency), (20 bytes).
    Removing stm32l1xx_flash_ramfunc.o(.rev16_text), (4 bytes).
    Removing stm32l1xx_flash_ramfunc.o(.revsh_text), (4 bytes).
    Removing stm32l1xx_flash_ramfunc.o(i.DATA_EEPROM_EraseDoubleWord), (96 bytes).
    Removing stm32l1xx_flash_ramfunc.o(i.DATA_EEPROM_ProgramDoubleWord), (100 bytes).
    Removing stm32l1xx_flash_ramfunc.o(i.FLASH_EraseParallelPage), (92 bytes).
    Removing stm32l1xx_flash_ramfunc.o(i.FLASH_ProgramHalfPage), (112 bytes).
    Removing stm32l1xx_flash_ramfunc.o(i.FLASH_ProgramParallelHalfPage), (172 bytes).
    Removing stm32l1xx_flash_ramfunc.o(i.FLASH_RUNPowerDownCmd), (64 bytes).
    Removing stm32l1xx_flash_ramfunc.o(i.GetStatus), (40 bytes).
    Removing stm32l1xx_flash_ramfunc.o(i.WaitForLastOperation), (58 bytes).
    Removing stm32l1xx_gpio.o(.rev16_text), (4 bytes).
    Removing stm32l1xx_gpio.o(.revsh_text), (4 bytes).
    Removing stm32l1xx_gpio.o(i.GPIO_DeInit), (204 bytes).
    Removing stm32l1xx_gpio.o(i.GPIO_PinLockConfig), (24 bytes).
    Removing stm32l1xx_gpio.o(i.GPIO_ReadInputData), (4 bytes).
    Removing stm32l1xx_gpio.o(i.GPIO_ReadInputDataBit), (14 bytes).
    Removing stm32l1xx_gpio.o(i.GPIO_ReadOutputData), (4 bytes).
    Removing stm32l1xx_gpio.o(i.GPIO_ReadOutputDataBit), (14 bytes).
    Removing stm32l1xx_gpio.o(i.GPIO_StructInit), (18 bytes).
    Removing stm32l1xx_gpio.o(i.GPIO_ToggleBits), (8 bytes).
    Removing stm32l1xx_gpio.o(i.GPIO_Write), (4 bytes).
    Removing stm32l1xx_gpio.o(i.GPIO_WriteBit), (10 bytes).
    Removing stm32l1xx_iwdg.o(.rev16_text), (4 bytes).
    Removing stm32l1xx_iwdg.o(.revsh_text), (4 bytes).
    Removing stm32l1xx_iwdg.o(i.IWDG_Enable), (16 bytes).
    Removing stm32l1xx_iwdg.o(i.IWDG_GetFlagStatus), (20 bytes).
    Removing stm32l1xx_iwdg.o(i.IWDG_ReloadCounter), (16 bytes).
    Removing stm32l1xx_iwdg.o(i.IWDG_SetPrescaler), (12 bytes).
    Removing stm32l1xx_iwdg.o(i.IWDG_SetReload), (12 bytes).
    Removing stm32l1xx_iwdg.o(i.IWDG_WriteAccessCmd), (12 bytes).
    Removing stm32l1xx_opamp.o(.rev16_text), (4 bytes).
    Removing stm32l1xx_opamp.o(.revsh_text), (4 bytes).
    Removing stm32l1xx_opamp.o(i.OPAMP_Cmd), (24 bytes).
    Removing stm32l1xx_opamp.o(i.OPAMP_DeInit), (40 bytes).
    Removing stm32l1xx_opamp.o(i.OPAMP_GetFlagStatus), (40 bytes).
    Removing stm32l1xx_opamp.o(i.OPAMP_LowPowerCmd), (28 bytes).
    Removing stm32l1xx_opamp.o(i.OPAMP_OffsetTrimConfig), (116 bytes).
    Removing stm32l1xx_opamp.o(i.OPAMP_OffsetTrimLowPowerConfig), (116 bytes).
    Removing stm32l1xx_opamp.o(i.OPAMP_OffsetTrimmingModeSelect), (24 bytes).
    Removing stm32l1xx_opamp.o(i.OPAMP_PowerRangeSelect), (24 bytes).
    Removing stm32l1xx_opamp.o(i.OPAMP_SwitchCmd), (24 bytes).
    Removing stm32l1xx_pwr.o(.rev16_text), (4 bytes).
    Removing stm32l1xx_pwr.o(.revsh_text), (4 bytes).
    Removing stm32l1xx_pwr.o(i.PWR_ClearFlag), (16 bytes).
    Removing stm32l1xx_pwr.o(i.PWR_DeInit), (24 bytes).
    Removing stm32l1xx_pwr.o(i.PWR_EnterLowPowerRunMode), (44 bytes).
    Removing stm32l1xx_pwr.o(i.PWR_EnterSTANDBYMode), (32 bytes).
    Removing stm32l1xx_pwr.o(i.PWR_EnterSTOPMode), (52 bytes).
    Removing stm32l1xx_pwr.o(i.PWR_EnterSleepMode), (48 bytes).
    Removing stm32l1xx_pwr.o(i.PWR_FastWakeUpCmd), (12 bytes).
    Removing stm32l1xx_pwr.o(i.PWR_GetFlagStatus), (20 bytes).
    Removing stm32l1xx_pwr.o(i.PWR_PVDCmd), (12 bytes).
    Removing stm32l1xx_pwr.o(i.PWR_PVDLevelConfig), (20 bytes).
    Removing stm32l1xx_pwr.o(i.PWR_RTCAccessCmd), (12 bytes).
    Removing stm32l1xx_pwr.o(i.PWR_UltraLowPowerCmd), (12 bytes).
    Removing stm32l1xx_pwr.o(i.PWR_VoltageScalingConfig), (24 bytes).
    Removing stm32l1xx_pwr.o(i.PWR_WakeUpPinCmd), (16 bytes).
    Removing stm32l1xx_rcc.o(.rev16_text), (4 bytes).
    Removing stm32l1xx_rcc.o(.revsh_text), (4 bytes).
    Removing stm32l1xx_rcc.o(i.RCC_AHBPeriphClockLPModeCmd), (24 bytes).
    Removing stm32l1xx_rcc.o(i.RCC_AHBPeriphResetCmd), (24 bytes).
    Removing stm32l1xx_rcc.o(i.RCC_APB1PeriphClockLPModeCmd), (24 bytes).
    Removing stm32l1xx_rcc.o(i.RCC_APB1PeriphResetCmd), (24 bytes).
    Removing stm32l1xx_rcc.o(i.RCC_APB2PeriphClockLPModeCmd), (24 bytes).
    Removing stm32l1xx_rcc.o(i.RCC_APB2PeriphResetCmd), (24 bytes).
    Removing stm32l1xx_rcc.o(i.RCC_AdjustHSICalibrationValue), (20 bytes).
    Removing stm32l1xx_rcc.o(i.RCC_AdjustMSICalibrationValue), (12 bytes).
    Removing stm32l1xx_rcc.o(i.RCC_ClearFlag), (16 bytes).
    Removing stm32l1xx_rcc.o(i.RCC_ClearITPendingBit), (12 bytes).
    Removing stm32l1xx_rcc.o(i.RCC_ClockSecuritySystemCmd), (12 bytes).
    Removing stm32l1xx_rcc.o(i.RCC_DeInit), (68 bytes).
    Removing stm32l1xx_rcc.o(i.RCC_GetFlagStatus), (40 bytes).
    Removing stm32l1xx_rcc.o(i.RCC_GetITStatus), (20 bytes).
    Removing stm32l1xx_rcc.o(i.RCC_GetSYSCLKSource), (16 bytes).
    Removing stm32l1xx_rcc.o(i.RCC_HCLKConfig), (20 bytes).
    Removing stm32l1xx_rcc.o(i.RCC_HSEConfig), (16 bytes).
    Removing stm32l1xx_rcc.o(i.RCC_HSICmd), (12 bytes).
    Removing stm32l1xx_rcc.o(i.RCC_ITConfig), (24 bytes).
    Removing stm32l1xx_rcc.o(i.RCC_LSEClockSecuritySystemCmd), (12 bytes).
    Removing stm32l1xx_rcc.o(i.RCC_LSEConfig), (16 bytes).
    Removing stm32l1xx_rcc.o(i.RCC_LSICmd), (12 bytes).
    Removing stm32l1xx_rcc.o(i.RCC_MCOConfig), (12 bytes).
    Removing stm32l1xx_rcc.o(i.RCC_MSICmd), (12 bytes).
    Removing stm32l1xx_rcc.o(i.RCC_MSIRangeConfig), (20 bytes).
    Removing stm32l1xx_rcc.o(i.RCC_PCLK1Config), (20 bytes).
    Removing stm32l1xx_rcc.o(i.RCC_PCLK2Config), (20 bytes).
    Removing stm32l1xx_rcc.o(i.RCC_PLLCmd), (12 bytes).
    Removing stm32l1xx_rcc.o(i.RCC_PLLConfig), (16 bytes).
    Removing stm32l1xx_rcc.o(i.RCC_RTCCLKCmd), (12 bytes).
    Removing stm32l1xx_rcc.o(i.RCC_RTCCLKConfig), (52 bytes).
    Removing stm32l1xx_rcc.o(i.RCC_RTCResetCmd), (12 bytes).
    Removing stm32l1xx_rcc.o(i.RCC_SYSCLKConfig), (20 bytes).
    Removing stm32l1xx_rcc.o(i.RCC_WaitForHSEStartUp), (44 bytes).
    Removing stm32l1xx_syscfg.o(.rev16_text), (4 bytes).
    Removing stm32l1xx_syscfg.o(.revsh_text), (4 bytes).
    Removing stm32l1xx_syscfg.o(i.SYSCFG_DeInit), (22 bytes).
    Removing stm32l1xx_syscfg.o(i.SYSCFG_EXTILineConfig), (40 bytes).
    Removing stm32l1xx_syscfg.o(i.SYSCFG_GetBootMode), (16 bytes).
    Removing stm32l1xx_syscfg.o(i.SYSCFG_MemoryRemapConfig), (12 bytes).
    Removing stm32l1xx_syscfg.o(i.SYSCFG_RIChannelSpeedConfig), (24 bytes).
    Removing stm32l1xx_syscfg.o(i.SYSCFG_RIDeInit), (36 bytes).
    Removing stm32l1xx_syscfg.o(i.SYSCFG_RIHysteresisConfig), (88 bytes).
    Removing stm32l1xx_syscfg.o(i.SYSCFG_RIIOSwitchConfig), (52 bytes).
    Removing stm32l1xx_syscfg.o(i.SYSCFG_RIResistorConfig), (24 bytes).
    Removing stm32l1xx_syscfg.o(i.SYSCFG_RISwitchControlModeCmd), (28 bytes).
    Removing stm32l1xx_syscfg.o(i.SYSCFG_RITIMInputCaptureConfig), (64 bytes).
    Removing stm32l1xx_syscfg.o(i.SYSCFG_RITIMSelect), (20 bytes).
    Removing stm32l1xx_syscfg.o(i.SYSCFG_USBPuCmd), (28 bytes).
    Removing stm32l1xx_tim.o(.rev16_text), (4 bytes).
    Removing stm32l1xx_tim.o(.revsh_text), (4 bytes).
    Removing stm32l1xx_tim.o(i.TI1_Config), (46 bytes).
    Removing stm32l1xx_tim.o(i.TI2_Config), (54 bytes).
    Removing stm32l1xx_tim.o(i.TIM_ARRPreloadConfig), (20 bytes).
    Removing stm32l1xx_tim.o(i.TIM_CCxCmd), (22 bytes).
    Removing stm32l1xx_tim.o(i.TIM_ClearFlag), (6 bytes).
    Removing stm32l1xx_tim.o(i.TIM_ClearITPendingBit), (6 bytes).
    Removing stm32l1xx_tim.o(i.TIM_ClearOC1Ref), (12 bytes).
    Removing stm32l1xx_tim.o(i.TIM_ClearOC2Ref), (20 bytes).
    Removing stm32l1xx_tim.o(i.TIM_ClearOC3Ref), (12 bytes).
    Removing stm32l1xx_tim.o(i.TIM_ClearOC4Ref), (20 bytes).
    Removing stm32l1xx_tim.o(i.TIM_Cmd), (20 bytes).
    Removing stm32l1xx_tim.o(i.TIM_CounterModeConfig), (12 bytes).
    Removing stm32l1xx_tim.o(i.TIM_DMACmd), (16 bytes).
    Removing stm32l1xx_tim.o(i.TIM_DMAConfig), (8 bytes).
    Removing stm32l1xx_tim.o(i.TIM_DeInit), (228 bytes).
    Removing stm32l1xx_tim.o(i.TIM_ETRClockMode1Config), (18 bytes).
    Removing stm32l1xx_tim.o(i.TIM_ETRClockMode2Config), (18 bytes).
    Removing stm32l1xx_tim.o(i.TIM_ETRConfig), (24 bytes).
    Removing stm32l1xx_tim.o(i.TIM_EncoderInterfaceConfig), (50 bytes).
    Removing stm32l1xx_tim.o(i.TIM_ForcedOC1Config), (12 bytes).
    Removing stm32l1xx_tim.o(i.TIM_ForcedOC2Config), (20 bytes).
    Removing stm32l1xx_tim.o(i.TIM_ForcedOC3Config), (12 bytes).
    Removing stm32l1xx_tim.o(i.TIM_ForcedOC4Config), (20 bytes).
    Removing stm32l1xx_tim.o(i.TIM_GenerateEvent), (4 bytes).
    Removing stm32l1xx_tim.o(i.TIM_GetCapture1), (4 bytes).
    Removing stm32l1xx_tim.o(i.TIM_GetCapture2), (4 bytes).
    Removing stm32l1xx_tim.o(i.TIM_GetCapture3), (4 bytes).
    Removing stm32l1xx_tim.o(i.TIM_GetCapture4), (4 bytes).
    Removing stm32l1xx_tim.o(i.TIM_GetCounter), (4 bytes).
    Removing stm32l1xx_tim.o(i.TIM_GetFlagStatus), (14 bytes).
    Removing stm32l1xx_tim.o(i.TIM_GetITStatus), (24 bytes).
    Removing stm32l1xx_tim.o(i.TIM_GetPrescaler), (4 bytes).
    Removing stm32l1xx_tim.o(i.TIM_ICInit), (172 bytes).
    Removing stm32l1xx_tim.o(i.TIM_ICStructInit), (16 bytes).
    Removing stm32l1xx_tim.o(i.TIM_ITConfig), (16 bytes).
    Removing stm32l1xx_tim.o(i.TIM_ITRxExternalClockConfig), (18 bytes).
    Removing stm32l1xx_tim.o(i.TIM_InternalClockConfig), (10 bytes).
    Removing stm32l1xx_tim.o(i.TIM_OC1FastConfig), (12 bytes).
    Removing stm32l1xx_tim.o(i.TIM_OC1Init), (44 bytes).
    Removing stm32l1xx_tim.o(i.TIM_OC1PolarityConfig), (12 bytes).
    Removing stm32l1xx_tim.o(i.TIM_OC1PreloadConfig), (12 bytes).
    Removing stm32l1xx_tim.o(i.TIM_OC2FastConfig), (20 bytes).
    Removing stm32l1xx_tim.o(i.TIM_OC2Init), (60 bytes).
    Removing stm32l1xx_tim.o(i.TIM_OC2PolarityConfig), (20 bytes).
    Removing stm32l1xx_tim.o(i.TIM_OC2PreloadConfig), (20 bytes).
    Removing stm32l1xx_tim.o(i.TIM_OC3FastConfig), (12 bytes).
    Removing stm32l1xx_tim.o(i.TIM_OC3Init), (56 bytes).
    Removing stm32l1xx_tim.o(i.TIM_OC3PolarityConfig), (20 bytes).
    Removing stm32l1xx_tim.o(i.TIM_OC3PreloadConfig), (12 bytes).
    Removing stm32l1xx_tim.o(i.TIM_OC4FastConfig), (20 bytes).
    Removing stm32l1xx_tim.o(i.TIM_OC4Init), (60 bytes).
    Removing stm32l1xx_tim.o(i.TIM_OC4PolarityConfig), (20 bytes).
    Removing stm32l1xx_tim.o(i.TIM_OC4PreloadConfig), (20 bytes).
    Removing stm32l1xx_tim.o(i.TIM_OCStructInit), (12 bytes).
    Removing stm32l1xx_tim.o(i.TIM_PWMIConfig), (108 bytes).
    Removing stm32l1xx_tim.o(i.TIM_PrescalerConfig), (6 bytes).
    Removing stm32l1xx_tim.o(i.TIM_RemapConfig), (18 bytes).
    Removing stm32l1xx_tim.o(i.TIM_SelectCCDMA), (20 bytes).
    Removing stm32l1xx_tim.o(i.TIM_SelectHallSensor), (20 bytes).
    Removing stm32l1xx_tim.o(i.TIM_SelectInputTrigger), (12 bytes).
    Removing stm32l1xx_tim.o(i.TIM_SelectMasterSlaveMode), (16 bytes).
    Removing stm32l1xx_tim.o(i.TIM_SelectOCREFClear), (16 bytes).
    Removing stm32l1xx_tim.o(i.TIM_SelectOCxM), (70 bytes).
    Removing stm32l1xx_tim.o(i.TIM_SelectOnePulseMode), (16 bytes).
    Removing stm32l1xx_tim.o(i.TIM_SelectOutputTrigger), (16 bytes).
    Removing stm32l1xx_tim.o(i.TIM_SelectSlaveMode), (16 bytes).
    Removing stm32l1xx_tim.o(i.TIM_SetAutoreload), (4 bytes).
    Removing stm32l1xx_tim.o(i.TIM_SetClockDivision), (16 bytes).
    Removing stm32l1xx_tim.o(i.TIM_SetCompare1), (4 bytes).
    Removing stm32l1xx_tim.o(i.TIM_SetCompare2), (4 bytes).
    Removing stm32l1xx_tim.o(i.TIM_SetCompare3), (4 bytes).
    Removing stm32l1xx_tim.o(i.TIM_SetCompare4), (4 bytes).
    Removing stm32l1xx_tim.o(i.TIM_SetCounter), (4 bytes).
    Removing stm32l1xx_tim.o(i.TIM_SetIC1Prescaler), (16 bytes).
    Removing stm32l1xx_tim.o(i.TIM_SetIC2Prescaler), (24 bytes).
    Removing stm32l1xx_tim.o(i.TIM_SetIC3Prescaler), (16 bytes).
    Removing stm32l1xx_tim.o(i.TIM_SetIC4Prescaler), (24 bytes).
    Removing stm32l1xx_tim.o(i.TIM_TIxExternalClockConfig), (46 bytes).
    Removing stm32l1xx_tim.o(i.TIM_TimeBaseInit), (92 bytes).
    Removing stm32l1xx_tim.o(i.TIM_TimeBaseStructInit), (16 bytes).
    Removing stm32l1xx_tim.o(i.TIM_UpdateDisableConfig), (20 bytes).
    Removing stm32l1xx_tim.o(i.TIM_UpdateRequestConfig), (20 bytes).
    Removing stm32l1xx_usart.o(.rev16_text), (4 bytes).
    Removing stm32l1xx_usart.o(.revsh_text), (4 bytes).
    Removing stm32l1xx_usart.o(i.USART_ClockInit), (28 bytes).
    Removing stm32l1xx_usart.o(i.USART_ClockStructInit), (12 bytes).
    Removing stm32l1xx_usart.o(i.USART_DMACmd), (16 bytes).
    Removing stm32l1xx_usart.o(i.USART_DeInit), (116 bytes).
    Removing stm32l1xx_usart.o(i.USART_HalfDuplexCmd), (20 bytes).
    Removing stm32l1xx_usart.o(i.USART_IrDACmd), (20 bytes).
    Removing stm32l1xx_usart.o(i.USART_IrDAConfig), (16 bytes).
    Removing stm32l1xx_usart.o(i.USART_LINBreakDetectLengthConfig), (16 bytes).
    Removing stm32l1xx_usart.o(i.USART_LINCmd), (20 bytes).
    Removing stm32l1xx_usart.o(i.USART_OneBitMethodCmd), (20 bytes).
    Removing stm32l1xx_usart.o(i.USART_OverSampling8Cmd), (20 bytes).
    Removing stm32l1xx_usart.o(i.USART_ReceiverWakeUpCmd), (20 bytes).
    Removing stm32l1xx_usart.o(i.USART_SendBreak), (10 bytes).
    Removing stm32l1xx_usart.o(i.USART_SetAddress), (16 bytes).
    Removing stm32l1xx_usart.o(i.USART_SetGuardTime), (16 bytes).
    Removing stm32l1xx_usart.o(i.USART_SetPrescaler), (16 bytes).
    Removing stm32l1xx_usart.o(i.USART_SmartCardCmd), (20 bytes).
    Removing stm32l1xx_usart.o(i.USART_SmartCardNACKCmd), (20 bytes).
    Removing stm32l1xx_usart.o(i.USART_StructInit), (22 bytes).
    Removing stm32l1xx_usart.o(i.USART_WakeUpConfig), (16 bytes).
    Removing stm32l1xx_wwdg.o(.rev16_text), (4 bytes).
    Removing stm32l1xx_wwdg.o(.revsh_text), (4 bytes).
    Removing stm32l1xx_wwdg.o(i.WWDG_ClearFlag), (12 bytes).
    Removing stm32l1xx_wwdg.o(i.WWDG_DeInit), (24 bytes).
    Removing stm32l1xx_wwdg.o(i.WWDG_Enable), (16 bytes).
    Removing stm32l1xx_wwdg.o(i.WWDG_EnableIT), (16 bytes).
    Removing stm32l1xx_wwdg.o(i.WWDG_GetFlagStatus), (20 bytes).
    Removing stm32l1xx_wwdg.o(i.WWDG_SetCounter), (16 bytes).
    Removing stm32l1xx_wwdg.o(i.WWDG_SetPrescaler), (20 bytes).
    Removing stm32l1xx_wwdg.o(i.WWDG_SetWindowValue), (28 bytes).
    Removing system_stm32l1xx.o(.rev16_text), (4 bytes).
    Removing system_stm32l1xx.o(.revsh_text), (4 bytes).
    Removing system_stm32l1xx.o(i.SystemCoreClockUpdate), (144 bytes).
    Removing startup_stm32l1xx_md.o(HEAP), (512 bytes).
    Removing dadd.o(.text), (334 bytes).
    Removing dmul.o(.text), (228 bytes).
    Removing ddiv.o(.text), (222 bytes).
    Removing dfixul.o(.text), (48 bytes).
    Removing cdrcmple.o(.text), (48 bytes).
    Removing depilogue.o(.text), (186 bytes).

362 unused section(s) (total 11306 bytes) removed from the image.

==============================================================================

Image Symbol Table

    Local Symbols

    Symbol Name                              Value     Ov Type        Size  Object(Section)

    ../clib/microlib/division.c              0x00000000   Number         0  uidiv.o ABSOLUTE
    ../clib/microlib/division.c              0x00000000   Number         0  uldiv.o ABSOLUTE
    ../clib/microlib/init/entry.s            0x00000000   Number         0  entry5.o ABSOLUTE
    ../clib/microlib/init/entry.s            0x00000000   Number         0  entry8b.o ABSOLUTE
    ../clib/microlib/init/entry.s            0x00000000   Number         0  entry8a.o ABSOLUTE
    ../clib/microlib/init/entry.s            0x00000000   Number         0  entry7b.o ABSOLUTE
    ../clib/microlib/init/entry.s            0x00000000   Number         0  entry7a.o ABSOLUTE
    ../clib/microlib/init/entry.s            0x00000000   Number         0  entry10b.o ABSOLUTE
    ../clib/microlib/init/entry.s            0x00000000   Number         0  entry2.o ABSOLUTE
    ../clib/microlib/init/entry.s            0x00000000   Number         0  entry9b.o ABSOLUTE
    ../clib/microlib/init/entry.s            0x00000000   Number         0  entry10a.o ABSOLUTE
    ../clib/microlib/init/entry.s            0x00000000   Number         0  entry11a.o ABSOLUTE
    ../clib/microlib/init/entry.s            0x00000000   Number         0  entry.o ABSOLUTE
    ../clib/microlib/init/entry.s            0x00000000   Number         0  entry9a.o ABSOLUTE
    ../clib/microlib/init/entry.s            0x00000000   Number         0  entry11b.o ABSOLUTE
    ../clib/microlib/longlong.c              0x00000000   Number         0  llshl.o ABSOLUTE
    ../clib/microlib/longlong.c              0x00000000   Number         0  llushr.o ABSOLUTE
    ../clib/microlib/longlong.c              0x00000000   Number         0  llsshr.o ABSOLUTE
    ../clib/microlib/printf/printf.c         0x00000000   Number         0  printfa.o ABSOLUTE
    ../clib/microlib/printf/printf.c         0x00000000   Number         0  printf8.o ABSOLUTE
    ../clib/microlib/printf/printf.c         0x00000000   Number         0  printf7.o ABSOLUTE
    ../clib/microlib/printf/printf.c         0x00000000   Number         0  printf4.o ABSOLUTE
    ../clib/microlib/printf/printf.c         0x00000000   Number         0  printf6.o ABSOLUTE
    ../clib/microlib/printf/printf.c         0x00000000   Number         0  printf0.o ABSOLUTE
    ../clib/microlib/printf/printf.c         0x00000000   Number         0  printf3.o ABSOLUTE
    ../clib/microlib/printf/printf.c         0x00000000   Number         0  printf2.o ABSOLUTE
    ../clib/microlib/printf/printf.c         0x00000000   Number         0  printf5.o ABSOLUTE
    ../clib/microlib/printf/printf.c         0x00000000   Number         0  printf1.o ABSOLUTE
    ../clib/microlib/printf/printf.c         0x00000000   Number         0  printfb.o ABSOLUTE
    ../clib/microlib/printf/stubs.s          0x00000000   Number         0  stubs.o ABSOLUTE
    ../clib/microlib/stdio/streams.c         0x00000000   Number         0  stdout.o ABSOLUTE
    ../clib/microlib/string/memset.c         0x00000000   Number         0  memseta.o ABSOLUTE
    ../clib/microlib/stubs.s                 0x00000000   Number         0  iusefp.o ABSOLUTE
    ../fplib/microlib/fpadd.c                0x00000000   Number         0  dadd.o ABSOLUTE
    ../fplib/microlib/fpdiv.c                0x00000000   Number         0  ddiv.o ABSOLUTE
    ../fplib/microlib/fpepilogue.c           0x00000000   Number         0  depilogue.o ABSOLUTE
    ../fplib/microlib/fpfix.c                0x00000000   Number         0  dfixul.o ABSOLUTE
    ../fplib/microlib/fpmul.c                0x00000000   Number         0  dmul.o ABSOLUTE
    BSD\IEEPROM.c                            0x00000000   Number         0  ieeprom.o ABSOLUTE
    BSD\IFLASH.c                             0x00000000   Number         0  iflash.o ABSOLUTE
    BSD\\IEEPROM.c                           0x00000000   Number         0  ieeprom.o ABSOLUTE
    BSD\\IFLASH.c                            0x00000000   Number         0  iflash.o ABSOLUTE
    BSD\\gpio.c                              0x00000000   Number         0  gpio.o ABSOLUTE
    BSD\\uart.c                              0x00000000   Number         0  uart.o ABSOLUTE
    BSD\gpio.c                               0x00000000   Number         0  gpio.o ABSOLUTE
    BSD\uart.c                               0x00000000   Number         0  uart.o ABSOLUTE
    CMSIS\startup\arm\startup_stm32l1xx_md.s 0x00000000   Number         0  startup_stm32l1xx_md.o ABSOLUTE
    FWlib\\src\\misc.c                       0x00000000   Number         0  misc.o ABSOLUTE
    FWlib\\src\\stm32l1xx_comp.c             0x00000000   Number         0  stm32l1xx_comp.o ABSOLUTE
    FWlib\\src\\stm32l1xx_crc.c              0x00000000   Number         0  stm32l1xx_crc.o ABSOLUTE
    FWlib\\src\\stm32l1xx_dbgmcu.c           0x00000000   Number         0  stm32l1xx_dbgmcu.o ABSOLUTE
    FWlib\\src\\stm32l1xx_dma.c              0x00000000   Number         0  stm32l1xx_dma.o ABSOLUTE
    FWlib\\src\\stm32l1xx_exti.c             0x00000000   Number         0  stm32l1xx_exti.o ABSOLUTE
    FWlib\\src\\stm32l1xx_flash.c            0x00000000   Number         0  stm32l1xx_flash.o ABSOLUTE
    FWlib\\src\\stm32l1xx_flash_ramfunc.c    0x00000000   Number         0  stm32l1xx_flash_ramfunc.o ABSOLUTE
    FWlib\\src\\stm32l1xx_gpio.c             0x00000000   Number         0  stm32l1xx_gpio.o ABSOLUTE
    FWlib\\src\\stm32l1xx_iwdg.c             0x00000000   Number         0  stm32l1xx_iwdg.o ABSOLUTE
    FWlib\\src\\stm32l1xx_opamp.c            0x00000000   Number         0  stm32l1xx_opamp.o ABSOLUTE
    FWlib\\src\\stm32l1xx_pwr.c              0x00000000   Number         0  stm32l1xx_pwr.o ABSOLUTE
    FWlib\\src\\stm32l1xx_rcc.c              0x00000000   Number         0  stm32l1xx_rcc.o ABSOLUTE
    FWlib\\src\\stm32l1xx_syscfg.c           0x00000000   Number         0  stm32l1xx_syscfg.o ABSOLUTE
    FWlib\\src\\stm32l1xx_tim.c              0x00000000   Number         0  stm32l1xx_tim.o ABSOLUTE
    FWlib\\src\\stm32l1xx_usart.c            0x00000000   Number         0  stm32l1xx_usart.o ABSOLUTE
    FWlib\\src\\stm32l1xx_wwdg.c             0x00000000   Number         0  stm32l1xx_wwdg.o ABSOLUTE
    FWlib\src\misc.c                         0x00000000   Number         0  misc.o ABSOLUTE
    FWlib\src\stm32l1xx_comp.c               0x00000000   Number         0  stm32l1xx_comp.o ABSOLUTE
    FWlib\src\stm32l1xx_crc.c                0x00000000   Number         0  stm32l1xx_crc.o ABSOLUTE
    FWlib\src\stm32l1xx_dbgmcu.c             0x00000000   Number         0  stm32l1xx_dbgmcu.o ABSOLUTE
    FWlib\src\stm32l1xx_dma.c                0x00000000   Number         0  stm32l1xx_dma.o ABSOLUTE
    FWlib\src\stm32l1xx_exti.c               0x00000000   Number         0  stm32l1xx_exti.o ABSOLUTE
    FWlib\src\stm32l1xx_flash.c              0x00000000   Number         0  stm32l1xx_flash.o ABSOLUTE
    FWlib\src\stm32l1xx_flash_ramfunc.c      0x00000000   Number         0  stm32l1xx_flash_ramfunc.o ABSOLUTE
    FWlib\src\stm32l1xx_gpio.c               0x00000000   Number         0  stm32l1xx_gpio.o ABSOLUTE
    FWlib\src\stm32l1xx_iwdg.c               0x00000000   Number         0  stm32l1xx_iwdg.o ABSOLUTE
    FWlib\src\stm32l1xx_opamp.c              0x00000000   Number         0  stm32l1xx_opamp.o ABSOLUTE
    FWlib\src\stm32l1xx_pwr.c                0x00000000   Number         0  stm32l1xx_pwr.o ABSOLUTE
    FWlib\src\stm32l1xx_rcc.c                0x00000000   Number         0  stm32l1xx_rcc.o ABSOLUTE
    FWlib\src\stm32l1xx_syscfg.c             0x00000000   Number         0  stm32l1xx_syscfg.o ABSOLUTE
    FWlib\src\stm32l1xx_tim.c                0x00000000   Number         0  stm32l1xx_tim.o ABSOLUTE
    FWlib\src\stm32l1xx_usart.c              0x00000000   Number         0  stm32l1xx_usart.o ABSOLUTE
    FWlib\src\stm32l1xx_wwdg.c               0x00000000   Number         0  stm32l1xx_wwdg.o ABSOLUTE
    User\IAP.c                               0x00000000   Number         0  iap.o ABSOLUTE
    User\Modbus.c                            0x00000000   Number         0  modbus.o ABSOLUTE
    User\\IAP.c                              0x00000000   Number         0  iap.o ABSOLUTE
    User\\Modbus.c                           0x00000000   Number         0  modbus.o ABSOLUTE
    User\\main.c                             0x00000000   Number         0  main.o ABSOLUTE
    User\\stm32l1xx_it.c                     0x00000000   Number         0  stm32l1xx_it.o ABSOLUTE
    User\\system_stm32l1xx.c                 0x00000000   Number         0  system_stm32l1xx.o ABSOLUTE
    User\main.c                              0x00000000   Number         0  main.o ABSOLUTE
    User\stm32l1xx_it.c                      0x00000000   Number         0  stm32l1xx_it.o ABSOLUTE
    User\system_stm32l1xx.c                  0x00000000   Number         0  system_stm32l1xx.o ABSOLUTE
    cdrcmple.s                               0x00000000   Number         0  cdrcmple.o ABSOLUTE
    dc.s                                     0x00000000   Number         0  dc.o ABSOLUTE
    handlers.s                               0x00000000   Number         0  handlers.o ABSOLUTE
    init.s                                   0x00000000   Number         0  init.o ABSOLUTE
    RESET                                    0x08000000   Section      244  startup_stm32l1xx_md.o(RESET)
    .ARM.Collect$$$$00000000                 0x080000f4   Section        0  entry.o(.ARM.Collect$$$$00000000)
    .ARM.Collect$$$$00000001                 0x080000f4   Section        4  entry2.o(.ARM.Collect$$$$00000001)
    .ARM.Collect$$$$00000004                 0x080000f8   Section        4  entry5.o(.ARM.Collect$$$$00000004)
    .ARM.Collect$$$$00000008                 0x080000fc   Section        0  entry7b.o(.ARM.Collect$$$$00000008)
    .ARM.Collect$$$$0000000A                 0x080000fc   Section        0  entry8b.o(.ARM.Collect$$$$0000000A)
    .ARM.Collect$$$$0000000B                 0x080000fc   Section        8  entry9a.o(.ARM.Collect$$$$0000000B)
    .ARM.Collect$$$$0000000D                 0x08000104   Section        0  entry10a.o(.ARM.Collect$$$$0000000D)
    .ARM.Collect$$$$0000000F                 0x08000104   Section        0  entry11a.o(.ARM.Collect$$$$0000000F)
    .ARM.Collect$$$$00002712                 0x08000104   Section        4  entry2.o(.ARM.Collect$$$$00002712)
    __lit__00000000                          0x08000104   Data           4  entry2.o(.ARM.Collect$$$$00002712)
    .emb_text                                0x08000108   Section        6  iap.o(.emb_text)
    .text                                    0x08000110   Section       36  startup_stm32l1xx_md.o(.text)
    .text                                    0x08000134   Section        0  memseta.o(.text)
    .text                                    0x08000158   Section        0  uldiv.o(.text)
    .text                                    0x080001bc   Section       36  init.o(.text)
    .text                                    0x080001e0   Section        0  llshl.o(.text)
    .text                                    0x080001fe   Section        0  llushr.o(.text)
    i.BusFault_Handler                       0x0800021e   Section        0  stm32l1xx_it.o(i.BusFault_Handler)
    i.CRC16_Check                            0x08000220   Section        0  modbus.o(i.CRC16_Check)
    i.ClearUsartBuf                          0x08000258   Section        0  iap.o(i.ClearUsartBuf)
    i.DATA_EEPROM_Lock                       0x08000270   Section        0  stm32l1xx_flash.o(i.DATA_EEPROM_Lock)
    i.DATA_EEPROM_Unlock                     0x08000280   Section        0  stm32l1xx_flash.o(i.DATA_EEPROM_Unlock)
    i.DebugMon_Handler                       0x080002a4   Section        0  stm32l1xx_it.o(i.DebugMon_Handler)
    i.Delay                                  0x080002a8   Section        0  main.o(i.Delay)
    i.EERead                                 0x080002bc   Section        0  ieeprom.o(i.EERead)
    i.EEWrite                                0x080002f0   Section        0  ieeprom.o(i.EEWrite)
    i.FLASH_ClearFlag                        0x0800032c   Section        0  stm32l1xx_flash.o(i.FLASH_ClearFlag)
    i.FLASH_ErasePage                        0x08000338   Section        0  stm32l1xx_flash.o(i.FLASH_ErasePage)
    i.FLASH_FastProgramWord                  0x0800037c   Section        0  stm32l1xx_flash.o(i.FLASH_FastProgramWord)
    i.FLASH_GetStatus                        0x080003a0   Section        0  stm32l1xx_flash.o(i.FLASH_GetStatus)
    i.FLASH_If_Init                          0x080003c8   Section        0  iflash.o(i.FLASH_If_Init)
    i.FLASH_Lock                             0x080003dc   Section        0  stm32l1xx_flash.o(i.FLASH_Lock)
    i.FLASH_Page_Erase                       0x080003ec   Section        0  iflash.o(i.FLASH_Page_Erase)
    i.FLASH_Unlock                           0x08000420   Section        0  stm32l1xx_flash.o(i.FLASH_Unlock)
    i.FLASH_WaitForLastOperation             0x08000448   Section        0  stm32l1xx_flash.o(i.FLASH_WaitForLastOperation)
    i.GPIO_Configuration                     0x08000484   Section        0  gpio.o(i.GPIO_Configuration)
    i.GPIO_Init                              0x080004d8   Section        0  stm32l1xx_gpio.o(i.GPIO_Init)
    i.GPIO_PinAFConfig                       0x08000546   Section        0  stm32l1xx_gpio.o(i.GPIO_PinAFConfig)
    i.GPIO_ResetBits                         0x08000566   Section        0  stm32l1xx_gpio.o(i.GPIO_ResetBits)
    i.GPIO_SetBits                           0x0800056a   Section        0  stm32l1xx_gpio.o(i.GPIO_SetBits)
    i.Get_SNInfo_Fun                         0x08000570   Section        0  modbus.o(i.Get_SNInfo_Fun)
    i.HardFault_Handler                      0x08000688   Section        0  stm32l1xx_it.o(i.HardFault_Handler)
    i.Init_Hardware                          0x0800068c   Section        0  main.o(i.Init_Hardware)
    i.Init_Parameter                         0x080006f4   Section        0  main.o(i.Init_Parameter)
    i.Init_SysTick                           0x08000838   Section        0  main.o(i.Init_SysTick)
    i.MemManage_Handler                      0x08000878   Section        0  stm32l1xx_it.o(i.MemManage_Handler)
    i.NMI_Handler                            0x0800087a   Section        0  stm32l1xx_it.o(i.NMI_Handler)
    i.NVIC_Init                              0x0800087c   Section        0  misc.o(i.NVIC_Init)
    i.NVIC_PriorityGroupConfig               0x080008e0   Section        0  misc.o(i.NVIC_PriorityGroupConfig)
    i.NVIC_SetPriority                       0x080008f4   Section        0  main.o(i.NVIC_SetPriority)
    NVIC_SetPriority                         0x080008f5   Thumb Code    32  main.o(i.NVIC_SetPriority)
    i.PendSV_Handler                         0x08000914   Section        0  stm32l1xx_it.o(i.PendSV_Handler)
    i.RCC_AHBPeriphClockCmd                  0x08000918   Section        0  stm32l1xx_rcc.o(i.RCC_AHBPeriphClockCmd)
    i.RCC_APB1PeriphClockCmd                 0x08000930   Section        0  stm32l1xx_rcc.o(i.RCC_APB1PeriphClockCmd)
    i.RCC_APB2PeriphClockCmd                 0x08000948   Section        0  stm32l1xx_rcc.o(i.RCC_APB2PeriphClockCmd)
    i.RCC_GetClocksFreq                      0x08000960   Section        0  stm32l1xx_rcc.o(i.RCC_GetClocksFreq)
    i.Re_BootLoader_Info                     0x08000a08   Section        0  iap.o(i.Re_BootLoader_Info)
    i.Re_BootLoader_Update                   0x08000a60   Section        0  iap.o(i.Re_BootLoader_Update)
    i.SVC_Handler                            0x08000ac4   Section        0  stm32l1xx_it.o(i.SVC_Handler)
    i.SetSysClock                            0x08000ac8   Section        0  system_stm32l1xx.o(i.SetSysClock)
    SetSysClock                              0x08000ac9   Thumb Code   184  system_stm32l1xx.o(i.SetSysClock)
    i.SysTick_Handler                        0x08000b8c   Section        0  stm32l1xx_it.o(i.SysTick_Handler)
    i.SystemInit                             0x08000bd0   Section        0  system_stm32l1xx.o(i.SystemInit)
    i.U485SendData                           0x08000c24   Section        0  uart.o(i.U485SendData)
    i.UART1_Configuration                    0x08000c58   Section        0  uart.o(i.UART1_Configuration)
    i.UART3_Configuration                    0x08000d10   Section        0  uart.o(i.UART3_Configuration)
    i.USART1_ClearBuf_Flag                   0x08000dc4   Section        0  uart.o(i.USART1_ClearBuf_Flag)
    i.USART1_GetChar                         0x08000ddc   Section        0  uart.o(i.USART1_GetChar)
    i.USART1_GetCharBlock                    0x08000df8   Section        0  uart.o(i.USART1_GetCharBlock)
    i.USART1_IRQHandler                      0x08000e24   Section        0  stm32l1xx_it.o(i.USART1_IRQHandler)
    i.USART2_IRQHandler                      0x08000eb0   Section        0  stm32l1xx_it.o(i.USART2_IRQHandler)
    i.USART3_IRQHandler                      0x08000f30   Section        0  stm32l1xx_it.o(i.USART3_IRQHandler)
    i.USART_ClearFlag                        0x08000fb0   Section        0  stm32l1xx_usart.o(i.USART_ClearFlag)
    i.USART_ClearITPendingBit                0x08000fb6   Section        0  stm32l1xx_usart.o(i.USART_ClearITPendingBit)
    i.USART_Cmd                              0x08000fc2   Section        0  stm32l1xx_usart.o(i.USART_Cmd)
    i.USART_GetFlagStatus                    0x08000fd6   Section        0  stm32l1xx_usart.o(i.USART_GetFlagStatus)
    i.USART_GetITStatus                      0x08000fe4   Section        0  stm32l1xx_usart.o(i.USART_GetITStatus)
    i.USART_ITConfig                         0x08001022   Section        0  stm32l1xx_usart.o(i.USART_ITConfig)
    i.USART_Init                             0x08001054   Section        0  stm32l1xx_usart.o(i.USART_Init)
    i.USART_PutChar                          0x080010f8   Section        0  uart.o(i.USART_PutChar)
    i.USART_PutData                          0x08001128   Section        0  uart.o(i.USART_PutData)
    i.USART_ReceiveData                      0x0800114a   Section        0  stm32l1xx_usart.o(i.USART_ReceiveData)
    i.USART_SendData                         0x08001152   Section        0  stm32l1xx_usart.o(i.USART_SendData)
    i.Update_Firmware                        0x0800115c   Section        0  iap.o(i.Update_Firmware)
    i.UsageFault_Handler                     0x08001840   Section        0  stm32l1xx_it.o(i.UsageFault_Handler)
    i.Wait_Commend                           0x08001844   Section        0  iap.o(i.Wait_Commend)
    i.Write_4NByte_to_Flash                  0x08001a24   Section        0  iflash.o(i.Write_4NByte_to_Flash)
    i.__0printf$5                            0x08001a7c   Section        0  printf5.o(i.__0printf$5)
    i.__scatterload_copy                     0x08001a9c   Section       14  handlers.o(i.__scatterload_copy)
    i.__scatterload_null                     0x08001aaa   Section        2  handlers.o(i.__scatterload_null)
    i.__scatterload_zeroinit                 0x08001aac   Section       14  handlers.o(i.__scatterload_zeroinit)
    i._printf_core                           0x08001abc   Section        0  printf5.o(i._printf_core)
    _printf_core                             0x08001abd   Thumb Code   658  printf5.o(i._printf_core)
    i.fputc                                  0x08001d7c   Section        0  uart.o(i.fputc)
    i.iap_load_app                           0x08001d90   Section        0  iap.o(i.iap_load_app)
    i.main                                   0x08001dbc   Section        0  main.o(i.main)
    .constdata                               0x08001ea0   Section       32  modbus.o(.constdata)
    .data                                    0x20000000   Section       12  main.o(.data)
    .data                                    0x2000000c   Section        4  iap.o(.data)
    .data                                    0x20000010   Section        1  modbus.o(.data)
    .data                                    0x20000011   Section        1  modbus.o(.data)
    .data                                    0x20000012   Section        1  modbus.o(.data)
    .data                                    0x20000013   Section        4  uart.o(.data)
    .data                                    0x20000017   Section        1  uart.o(.data)
    .data                                    0x20000018   Section        1  uart.o(.data)
    .data                                    0x20000019   Section        1  uart.o(.data)
    .data                                    0x2000001a   Section        1  uart.o(.data)
    .data                                    0x2000001b   Section       25  stm32l1xx_rcc.o(.data)
    PLLMulTable                              0x2000001b   Data           9  stm32l1xx_rcc.o(.data)
    APBAHBPrescTable                         0x20000024   Data          16  stm32l1xx_rcc.o(.data)
    .data                                    0x20000034   Section       29  system_stm32l1xx.o(.data)
    .data                                    0x20000054   Section        4  stdout.o(.data)
    .bss                                     0x20000058   Section       40  main.o(.bss)
    .bss                                     0x20000080   Section      515  modbus.o(.bss)
    .bss                                     0x20000284   Section     1560  uart.o(.bss)
    STACK                                    0x200008a0   Section     4096  startup_stm32l1xx_md.o(STACK)

    Global Symbols

    Symbol Name                              Value     Ov Type        Size  Object(Section)

    BuildAttributes$$THM_ISAv4$P$D$K$B$S$PE$A:L22UL41UL21$X:L11$S22US41US21$IEEE1$IW$USESV6$~STKCKD$USESV7$~SHL$OSPACE$ROPI$EBA8$MICROLIB$REQ8$PRES8$EABIv2 0x00000000   Number         0  anon$$obj.o ABSOLUTE
    __ARM_use_no_argv                        0x00000000   Number         0  main.o ABSOLUTE
    _printf_a                                0x00000000   Number         0  stubs.o ABSOLUTE
    _printf_c                                0x00000000   Number         0  stubs.o ABSOLUTE
    _printf_charcount                        0x00000000   Number         0  stubs.o ABSOLUTE
    _printf_d                                0x00000000   Number         0  stubs.o ABSOLUTE
    _printf_e                                0x00000000   Number         0  stubs.o ABSOLUTE
    _printf_f                                0x00000000   Number         0  stubs.o ABSOLUTE
    _printf_flags                            0x00000000   Number         0  stubs.o ABSOLUTE
    _printf_fp_dec                           0x00000000   Number         0  stubs.o ABSOLUTE
    _printf_fp_hex                           0x00000000   Number         0  stubs.o ABSOLUTE
    _printf_g                                0x00000000   Number         0  stubs.o ABSOLUTE
    _printf_i                                0x00000000   Number         0  stubs.o ABSOLUTE
    _printf_int_dec                          0x00000000   Number         0  stubs.o ABSOLUTE
    _printf_l                                0x00000000   Number         0  stubs.o ABSOLUTE
    _printf_lc                               0x00000000   Number         0  stubs.o ABSOLUTE
    _printf_ll                               0x00000000   Number         0  stubs.o ABSOLUTE
    _printf_lld                              0x00000000   Number         0  stubs.o ABSOLUTE
    _printf_lli                              0x00000000   Number         0  stubs.o ABSOLUTE
    _printf_llo                              0x00000000   Number         0  stubs.o ABSOLUTE
    _printf_llu                              0x00000000   Number         0  stubs.o ABSOLUTE
    _printf_llx                              0x00000000   Number         0  stubs.o ABSOLUTE
    _printf_longlong_dec                     0x00000000   Number         0  stubs.o ABSOLUTE
    _printf_longlong_hex                     0x00000000   Number         0  stubs.o ABSOLUTE
    _printf_longlong_oct                     0x00000000   Number         0  stubs.o ABSOLUTE
    _printf_ls                               0x00000000   Number         0  stubs.o ABSOLUTE
    _printf_mbtowc                           0x00000000   Number         0  stubs.o ABSOLUTE
    _printf_n                                0x00000000   Number         0  stubs.o ABSOLUTE
    _printf_o                                0x00000000   Number         0  stubs.o ABSOLUTE
    _printf_p                                0x00000000   Number         0  stubs.o ABSOLUTE
    _printf_percent                          0x00000000   Number         0  stubs.o ABSOLUTE
    _printf_pre_padding                      0x00000000   Number         0  stubs.o ABSOLUTE
    _printf_return_value                     0x00000000   Number         0  stubs.o ABSOLUTE
    _printf_s                                0x00000000   Number         0  stubs.o ABSOLUTE
    _printf_sizespec                         0x00000000   Number         0  stubs.o ABSOLUTE
    _printf_str                              0x00000000   Number         0  stubs.o ABSOLUTE
    _printf_truncate_signed                  0x00000000   Number         0  stubs.o ABSOLUTE
    _printf_truncate_unsigned                0x00000000   Number         0  stubs.o ABSOLUTE
    _printf_u                                0x00000000   Number         0  stubs.o ABSOLUTE
    _printf_wc                               0x00000000   Number         0  stubs.o ABSOLUTE
    _printf_wctomb                           0x00000000   Number         0  stubs.o ABSOLUTE
    _printf_widthprec                        0x00000000   Number         0  stubs.o ABSOLUTE
    _printf_x                                0x00000000   Number         0  stubs.o ABSOLUTE
    __cpp_initialize__aeabi_                  - Undefined Weak Reference
    __cxa_finalize                            - Undefined Weak Reference
    __decompress                              - Undefined Weak Reference
    _clock_init                               - Undefined Weak Reference
    _microlib_exit                            - Undefined Weak Reference
    __Vectors_Size                           0x000000f4   Number         0  startup_stm32l1xx_md.o ABSOLUTE
    __Vectors                                0x08000000   Data           4  startup_stm32l1xx_md.o(RESET)
    __Vectors_End                            0x080000f4   Data           0  startup_stm32l1xx_md.o(RESET)
    __main                                   0x080000f5   Thumb Code     0  entry.o(.ARM.Collect$$$$00000000)
    _main_stk                                0x080000f5   Thumb Code     0  entry2.o(.ARM.Collect$$$$00000001)
    _main_scatterload                        0x080000f9   Thumb Code     0  entry5.o(.ARM.Collect$$$$00000004)
    __main_after_scatterload                 0x080000fd   Thumb Code     0  entry5.o(.ARM.Collect$$$$00000004)
    _main_clock                              0x080000fd   Thumb Code     0  entry7b.o(.ARM.Collect$$$$00000008)
    _main_cpp_init                           0x080000fd   Thumb Code     0  entry8b.o(.ARM.Collect$$$$0000000A)
    _main_init                               0x080000fd   Thumb Code     0  entry9a.o(.ARM.Collect$$$$0000000B)
    __rt_final_cpp                           0x08000105   Thumb Code     0  entry10a.o(.ARM.Collect$$$$0000000D)
    __rt_final_exit                          0x08000105   Thumb Code     0  entry11a.o(.ARM.Collect$$$$0000000F)
    MSR_MSP                                  0x08000109   Thumb Code     6  iap.o(.emb_text)
    Reset_Handler                            0x08000111   Thumb Code     8  startup_stm32l1xx_md.o(.text)
    ADC1_IRQHandler                          0x0800012b   Thumb Code     0  startup_stm32l1xx_md.o(.text)
    COMP_IRQHandler                          0x0800012b   Thumb Code     0  startup_stm32l1xx_md.o(.text)
    DAC_IRQHandler                           0x0800012b   Thumb Code     0  startup_stm32l1xx_md.o(.text)
    DMA1_Channel1_IRQHandler                 0x0800012b   Thumb Code     0  startup_stm32l1xx_md.o(.text)
    DMA1_Channel2_IRQHandler                 0x0800012b   Thumb Code     0  startup_stm32l1xx_md.o(.text)
    DMA1_Channel3_IRQHandler                 0x0800012b   Thumb Code     0  startup_stm32l1xx_md.o(.text)
    DMA1_Channel4_IRQHandler                 0x0800012b   Thumb Code     0  startup_stm32l1xx_md.o(.text)
    DMA1_Channel5_IRQHandler                 0x0800012b   Thumb Code     0  startup_stm32l1xx_md.o(.text)
    DMA1_Channel6_IRQHandler                 0x0800012b   Thumb Code     0  startup_stm32l1xx_md.o(.text)
    DMA1_Channel7_IRQHandler                 0x0800012b   Thumb Code     0  startup_stm32l1xx_md.o(.text)
    EXTI0_IRQHandler                         0x0800012b   Thumb Code     0  startup_stm32l1xx_md.o(.text)
    EXTI15_10_IRQHandler                     0x0800012b   Thumb Code     0  startup_stm32l1xx_md.o(.text)
    EXTI1_IRQHandler                         0x0800012b   Thumb Code     0  startup_stm32l1xx_md.o(.text)
    EXTI2_IRQHandler                         0x0800012b   Thumb Code     0  startup_stm32l1xx_md.o(.text)
    EXTI3_IRQHandler                         0x0800012b   Thumb Code     0  startup_stm32l1xx_md.o(.text)
    EXTI4_IRQHandler                         0x0800012b   Thumb Code     0  startup_stm32l1xx_md.o(.text)
    EXTI9_5_IRQHandler                       0x0800012b   Thumb Code     0  startup_stm32l1xx_md.o(.text)
    FLASH_IRQHandler                         0x0800012b   Thumb Code     0  startup_stm32l1xx_md.o(.text)
    I2C1_ER_IRQHandler                       0x0800012b   Thumb Code     0  startup_stm32l1xx_md.o(.text)
    I2C1_EV_IRQHandler                       0x0800012b   Thumb Code     0  startup_stm32l1xx_md.o(.text)
    I2C2_ER_IRQHandler                       0x0800012b   Thumb Code     0  startup_stm32l1xx_md.o(.text)
    I2C2_EV_IRQHandler                       0x0800012b   Thumb Code     0  startup_stm32l1xx_md.o(.text)
    LCD_IRQHandler                           0x0800012b   Thumb Code     0  startup_stm32l1xx_md.o(.text)
    PVD_IRQHandler                           0x0800012b   Thumb Code     0  startup_stm32l1xx_md.o(.text)
    RCC_IRQHandler                           0x0800012b   Thumb Code     0  startup_stm32l1xx_md.o(.text)
    RTC_Alarm_IRQHandler                     0x0800012b   Thumb Code     0  startup_stm32l1xx_md.o(.text)
    RTC_WKUP_IRQHandler                      0x0800012b   Thumb Code     0  startup_stm32l1xx_md.o(.text)
    SPI1_IRQHandler                          0x0800012b   Thumb Code     0  startup_stm32l1xx_md.o(.text)
    SPI2_IRQHandler                          0x0800012b   Thumb Code     0  startup_stm32l1xx_md.o(.text)
    TAMPER_STAMP_IRQHandler                  0x0800012b   Thumb Code     0  startup_stm32l1xx_md.o(.text)
    TIM10_IRQHandler                         0x0800012b   Thumb Code     0  startup_stm32l1xx_md.o(.text)
    TIM11_IRQHandler                         0x0800012b   Thumb Code     0  startup_stm32l1xx_md.o(.text)
    TIM2_IRQHandler                          0x0800012b   Thumb Code     0  startup_stm32l1xx_md.o(.text)
    TIM3_IRQHandler                          0x0800012b   Thumb Code     0  startup_stm32l1xx_md.o(.text)
    TIM4_IRQHandler                          0x0800012b   Thumb Code     0  startup_stm32l1xx_md.o(.text)
    TIM6_IRQHandler                          0x0800012b   Thumb Code     0  startup_stm32l1xx_md.o(.text)
    TIM7_IRQHandler                          0x0800012b   Thumb Code     0  startup_stm32l1xx_md.o(.text)
    TIM9_IRQHandler                          0x0800012b   Thumb Code     0  startup_stm32l1xx_md.o(.text)
    USB_FS_WKUP_IRQHandler                   0x0800012b   Thumb Code     0  startup_stm32l1xx_md.o(.text)
    USB_HP_IRQHandler                        0x0800012b   Thumb Code     0  startup_stm32l1xx_md.o(.text)
    USB_LP_IRQHandler                        0x0800012b   Thumb Code     0  startup_stm32l1xx_md.o(.text)
    WWDG_IRQHandler                          0x0800012b   Thumb Code     0  startup_stm32l1xx_md.o(.text)
    __aeabi_memset                           0x08000135   Thumb Code    14  memseta.o(.text)
    __aeabi_memset4                          0x08000135   Thumb Code     0  memseta.o(.text)
    __aeabi_memset8                          0x08000135   Thumb Code     0  memseta.o(.text)
    __aeabi_memclr                           0x08000143   Thumb Code     4  memseta.o(.text)
    __aeabi_memclr4                          0x08000143   Thumb Code     0  memseta.o(.text)
    __aeabi_memclr8                          0x08000143   Thumb Code     0  memseta.o(.text)
    _memset$wrapper                          0x08000147   Thumb Code    18  memseta.o(.text)
    __aeabi_uldivmod                         0x08000159   Thumb Code    98  uldiv.o(.text)
    __scatterload                            0x080001bd   Thumb Code    28  init.o(.text)
    __scatterload_rt2                        0x080001bd   Thumb Code     0  init.o(.text)
    __aeabi_llsl                             0x080001e1   Thumb Code    30  llshl.o(.text)
    _ll_shift_l                              0x080001e1   Thumb Code     0  llshl.o(.text)
    __aeabi_llsr                             0x080001ff   Thumb Code    32  llushr.o(.text)
    _ll_ushift_r                             0x080001ff   Thumb Code     0  llushr.o(.text)
    BusFault_Handler                         0x0800021f   Thumb Code     2  stm32l1xx_it.o(i.BusFault_Handler)
    CRC16_Check                              0x08000221   Thumb Code    54  modbus.o(i.CRC16_Check)
    ClearUsartBuf                            0x08000259   Thumb Code    18  iap.o(i.ClearUsartBuf)
    DATA_EEPROM_Lock                         0x08000271   Thumb Code    12  stm32l1xx_flash.o(i.DATA_EEPROM_Lock)
    DATA_EEPROM_Unlock                       0x08000281   Thumb Code    22  stm32l1xx_flash.o(i.DATA_EEPROM_Unlock)
    DebugMon_Handler                         0x080002a5   Thumb Code     2  stm32l1xx_it.o(i.DebugMon_Handler)
    Delay                                    0x080002a9   Thumb Code    16  main.o(i.Delay)
    EERead                                   0x080002bd   Thumb Code    48  ieeprom.o(i.EERead)
    EEWrite                                  0x080002f1   Thumb Code    56  ieeprom.o(i.EEWrite)
    FLASH_ClearFlag                          0x0800032d   Thumb Code     6  stm32l1xx_flash.o(i.FLASH_ClearFlag)
    FLASH_ErasePage                          0x08000339   Thumb Code    64  stm32l1xx_flash.o(i.FLASH_ErasePage)
    FLASH_FastProgramWord                    0x0800037d   Thumb Code    34  stm32l1xx_flash.o(i.FLASH_FastProgramWord)
    FLASH_GetStatus                          0x080003a1   Thumb Code    36  stm32l1xx_flash.o(i.FLASH_GetStatus)
    FLASH_If_Init                            0x080003c9   Thumb Code    18  iflash.o(i.FLASH_If_Init)
    FLASH_Lock                               0x080003dd   Thumb Code    12  stm32l1xx_flash.o(i.FLASH_Lock)
    FLASH_Page_Erase                         0x080003ed   Thumb Code    50  iflash.o(i.FLASH_Page_Erase)
    FLASH_Unlock                             0x08000421   Thumb Code    28  stm32l1xx_flash.o(i.FLASH_Unlock)
    FLASH_WaitForLastOperation               0x08000449   Thumb Code    58  stm32l1xx_flash.o(i.FLASH_WaitForLastOperation)
    GPIO_Configuration                       0x08000485   Thumb Code    74  gpio.o(i.GPIO_Configuration)
    GPIO_Init                                0x080004d9   Thumb Code   110  stm32l1xx_gpio.o(i.GPIO_Init)
    GPIO_PinAFConfig                         0x08000547   Thumb Code    32  stm32l1xx_gpio.o(i.GPIO_PinAFConfig)
    GPIO_ResetBits                           0x08000567   Thumb Code     4  stm32l1xx_gpio.o(i.GPIO_ResetBits)
    GPIO_SetBits                             0x0800056b   Thumb Code     4  stm32l1xx_gpio.o(i.GPIO_SetBits)
    Get_SNInfo_Fun                           0x08000571   Thumb Code   198  modbus.o(i.Get_SNInfo_Fun)
    HardFault_Handler                        0x08000689   Thumb Code     2  stm32l1xx_it.o(i.HardFault_Handler)
    Init_Hardware                            0x0800068d   Thumb Code    58  main.o(i.Init_Hardware)
    Init_Parameter                           0x080006f5   Thumb Code   168  main.o(i.Init_Parameter)
    Init_SysTick                             0x08000839   Thumb Code    60  main.o(i.Init_SysTick)
    MemManage_Handler                        0x08000879   Thumb Code     2  stm32l1xx_it.o(i.MemManage_Handler)
    NMI_Handler                              0x0800087b   Thumb Code     2  stm32l1xx_it.o(i.NMI_Handler)
    NVIC_Init                                0x0800087d   Thumb Code    96  misc.o(i.NVIC_Init)
    NVIC_PriorityGroupConfig                 0x080008e1   Thumb Code    10  misc.o(i.NVIC_PriorityGroupConfig)
    PendSV_Handler                           0x08000915   Thumb Code     2  stm32l1xx_it.o(i.PendSV_Handler)
    RCC_AHBPeriphClockCmd                    0x08000919   Thumb Code    18  stm32l1xx_rcc.o(i.RCC_AHBPeriphClockCmd)
    RCC_APB1PeriphClockCmd                   0x08000931   Thumb Code    18  stm32l1xx_rcc.o(i.RCC_APB1PeriphClockCmd)
    RCC_APB2PeriphClockCmd                   0x08000949   Thumb Code    18  stm32l1xx_rcc.o(i.RCC_APB2PeriphClockCmd)
    RCC_GetClocksFreq                        0x08000961   Thumb Code   156  stm32l1xx_rcc.o(i.RCC_GetClocksFreq)
    Re_BootLoader_Info                       0x08000a09   Thumb Code    82  iap.o(i.Re_BootLoader_Info)
    Re_BootLoader_Update                     0x08000a61   Thumb Code    92  iap.o(i.Re_BootLoader_Update)
    SVC_Handler                              0x08000ac5   Thumb Code     2  stm32l1xx_it.o(i.SVC_Handler)
    SysTick_Handler                          0x08000b8d   Thumb Code    50  stm32l1xx_it.o(i.SysTick_Handler)
    SystemInit                               0x08000bd1   Thumb Code    68  system_stm32l1xx.o(i.SystemInit)
    U485SendData                             0x08000c25   Thumb Code    42  uart.o(i.U485SendData)
    UART1_Configuration                      0x08000c59   Thumb Code   174  uart.o(i.UART1_Configuration)
    UART3_Configuration                      0x08000d11   Thumb Code   172  uart.o(i.UART3_Configuration)
    USART1_ClearBuf_Flag                     0x08000dc5   Thumb Code    16  uart.o(i.USART1_ClearBuf_Flag)
    USART1_GetChar                           0x08000ddd   Thumb Code    22  uart.o(i.USART1_GetChar)
    USART1_GetCharBlock                      0x08000df9   Thumb Code    40  uart.o(i.USART1_GetCharBlock)
    USART1_IRQHandler                        0x08000e25   Thumb Code   116  stm32l1xx_it.o(i.USART1_IRQHandler)
    USART2_IRQHandler                        0x08000eb1   Thumb Code   106  stm32l1xx_it.o(i.USART2_IRQHandler)
    USART3_IRQHandler                        0x08000f31   Thumb Code   106  stm32l1xx_it.o(i.USART3_IRQHandler)
    USART_ClearFlag                          0x08000fb1   Thumb Code     6  stm32l1xx_usart.o(i.USART_ClearFlag)
    USART_ClearITPendingBit                  0x08000fb7   Thumb Code    12  stm32l1xx_usart.o(i.USART_ClearITPendingBit)
    USART_Cmd                                0x08000fc3   Thumb Code    20  stm32l1xx_usart.o(i.USART_Cmd)
    USART_GetFlagStatus                      0x08000fd7   Thumb Code    14  stm32l1xx_usart.o(i.USART_GetFlagStatus)
    USART_GetITStatus                        0x08000fe5   Thumb Code    62  stm32l1xx_usart.o(i.USART_GetITStatus)
    USART_ITConfig                           0x08001023   Thumb Code    48  stm32l1xx_usart.o(i.USART_ITConfig)
    USART_Init                               0x08001055   Thumb Code   158  stm32l1xx_usart.o(i.USART_Init)
    USART_PutChar                            0x080010f9   Thumb Code    48  uart.o(i.USART_PutChar)
    USART_PutData                            0x08001129   Thumb Code    34  uart.o(i.USART_PutData)
    USART_ReceiveData                        0x0800114b   Thumb Code     8  stm32l1xx_usart.o(i.USART_ReceiveData)
    USART_SendData                           0x08001153   Thumb Code     8  stm32l1xx_usart.o(i.USART_SendData)
    Update_Firmware                          0x0800115d   Thumb Code  1690  iap.o(i.Update_Firmware)
    UsageFault_Handler                       0x08001841   Thumb Code     2  stm32l1xx_it.o(i.UsageFault_Handler)
    Wait_Commend                             0x08001845   Thumb Code   244  iap.o(i.Wait_Commend)
    Write_4NByte_to_Flash                    0x08001a25   Thumb Code    78  iflash.o(i.Write_4NByte_to_Flash)
    __0printf$5                              0x08001a7d   Thumb Code    22  printf5.o(i.__0printf$5)
    __1printf$5                              0x08001a7d   Thumb Code     0  printf5.o(i.__0printf$5)
    __2printf                                0x08001a7d   Thumb Code     0  printf5.o(i.__0printf$5)
    __scatterload_copy                       0x08001a9d   Thumb Code    14  handlers.o(i.__scatterload_copy)
    __scatterload_null                       0x08001aab   Thumb Code     2  handlers.o(i.__scatterload_null)
    __scatterload_zeroinit                   0x08001aad   Thumb Code    14  handlers.o(i.__scatterload_zeroinit)
    fputc                                    0x08001d7d   Thumb Code    16  uart.o(i.fputc)
    iap_load_app                             0x08001d91   Thumb Code    36  iap.o(i.iap_load_app)
    main                                     0x08001dbd   Thumb Code   126  main.o(i.main)
    __progmem_smartbow_start                 0x08001ea0   Data          32  modbus.o(.constdata)
    Region$$Table$$Base                      0x08001ec0   Number         0  anon$$obj.o(Region$$Table)
    Region$$Table$$Limit                     0x08001ee0   Number         0  anon$$obj.o(Region$$Table)
    TimingDelay                              0x20000000   Data           4  main.o(.data)
    First_PO_Flag                            0x20000004   Data           4  main.o(.data)
    Update_Firmware_Flag                     0x20000008   Data           4  main.o(.data)
    jump2app                                 0x2000000c   Data           4  iap.o(.data)
    ModbusIntervalTime                       0x20000010   Data           1  modbus.o(.data)
    Modbus_BusyFlag                          0x20000011   Data           1  modbus.o(.data)
    Modbus_FreeFlag                          0x20000012   Data           1  modbus.o(.data)
    USART1_RX_Len                            0x20000013   Data           1  uart.o(.data)
    USART2_RX_Len                            0x20000014   Data           1  uart.o(.data)
    Uart1Flag                                0x20000015   Data           1  uart.o(.data)
    Uart2Flag                                0x20000016   Data           1  uart.o(.data)
    USART2_INTERVAL_TIME                     0x20000017   Data           1  uart.o(.data)
    USART3_INTERVAL_TIME                     0x20000018   Data           1  uart.o(.data)
    USART3_RX_Len                            0x20000019   Data           1  uart.o(.data)
    Uart3Flag                                0x2000001a   Data           1  uart.o(.data)
    SystemCoreClock                          0x20000034   Data           4  system_stm32l1xx.o(.data)
    PLLMulTable                              0x20000038   Data           9  system_stm32l1xx.o(.data)
    AHBPrescTable                            0x20000041   Data          16  system_stm32l1xx.o(.data)
    __stdout                                 0x20000054   Data           4  stdout.o(.data)
    BL_Data                                  0x20000058   Data          40  main.o(.bss)
    ModbusDataPackage                        0x20000080   Data         515  modbus.o(.bss)
    uart1_rbuf                               0x20000284   Data         520  uart.o(.bss)
    uart2_rbuf                               0x2000048c   Data         520  uart.o(.bss)
    uart3_rbuf                               0x20000694   Data         520  uart.o(.bss)
    __initial_sp                             0x200018a0   Data           0  startup_stm32l1xx_md.o(STACK)



==============================================================================

Memory Map of the image

  Image Entry point : 0x080000f5

  Load Region LR_IROM1 (Base: 0x08000000, Size: 0x00001f38, Max: 0x00008000, ABSOLUTE)

    Execution Region ER_IROM1 (Exec base: 0x08000000, Load base: 0x08000000, Size: 0x00001ee0, Max: 0x00008000, ABSOLUTE)

    Exec Addr    Load Addr    Size         Type   Attr      Idx    E Section Name        Object

    0x08000000   0x08000000   0x000000f4   Data   RO         2916    RESET               startup_stm32l1xx_md.o
    0x080000f4   0x080000f4   0x00000000   Code   RO         2921  * .ARM.Collect$$$$00000000  mc_w.l(entry.o)
    0x080000f4   0x080000f4   0x00000004   Code   RO         3187    .ARM.Collect$$$$00000001  mc_w.l(entry2.o)
    0x080000f8   0x080000f8   0x00000004   Code   RO         3190    .ARM.Collect$$$$00000004  mc_w.l(entry5.o)
    0x080000fc   0x080000fc   0x00000000   Code   RO         3192    .ARM.Collect$$$$00000008  mc_w.l(entry7b.o)
    0x080000fc   0x080000fc   0x00000000   Code   RO         3194    .ARM.Collect$$$$0000000A  mc_w.l(entry8b.o)
    0x080000fc   0x080000fc   0x00000008   Code   RO         3195    .ARM.Collect$$$$0000000B  mc_w.l(entry9a.o)
    0x08000104   0x08000104   0x00000000   Code   RO         3197    .ARM.Collect$$$$0000000D  mc_w.l(entry10a.o)
    0x08000104   0x08000104   0x00000000   Code   RO         3199    .ARM.Collect$$$$0000000F  mc_w.l(entry11a.o)
    0x08000104   0x08000104   0x00000004   Code   RO         3188    .ARM.Collect$$$$00002712  mc_w.l(entry2.o)
    0x08000108   0x08000108   0x00000006   Code   RO          293    .emb_text           iap.o
    0x0800010e   0x0800010e   0x00000002   PAD
    0x08000110   0x08000110   0x00000024   Code   RO         2917    .text               startup_stm32l1xx_md.o
    0x08000134   0x08000134   0x00000024   Code   RO         2924    .text               mc_w.l(memseta.o)
    0x08000158   0x08000158   0x00000062   Code   RO         3204    .text               mc_w.l(uldiv.o)
    0x080001ba   0x080001ba   0x00000002   PAD
    0x080001bc   0x080001bc   0x00000024   Code   RO         3217    .text               mc_w.l(init.o)
    0x080001e0   0x080001e0   0x0000001e   Code   RO         3219    .text               mc_w.l(llshl.o)
    0x080001fe   0x080001fe   0x00000020   Code   RO         3221    .text               mc_w.l(llushr.o)
    0x0800021e   0x0800021e   0x00000002   Code   RO          196    i.BusFault_Handler  stm32l1xx_it.o
    0x08000220   0x08000220   0x00000036   Code   RO          349    i.CRC16_Check       modbus.o
    0x08000256   0x08000256   0x00000002   PAD
    0x08000258   0x08000258   0x00000018   Code   RO          294    i.ClearUsartBuf     iap.o
    0x08000270   0x08000270   0x00000010   Code   RO         1114    i.DATA_EEPROM_Lock  stm32l1xx_flash.o
    0x08000280   0x08000280   0x00000024   Code   RO         1118    i.DATA_EEPROM_Unlock  stm32l1xx_flash.o
    0x080002a4   0x080002a4   0x00000002   Code   RO          197    i.DebugMon_Handler  stm32l1xx_it.o
    0x080002a6   0x080002a6   0x00000002   PAD
    0x080002a8   0x080002a8   0x00000014   Code   RO            3    i.Delay             main.o
    0x080002bc   0x080002bc   0x00000034   Code   RO          449    i.EERead            ieeprom.o
    0x080002f0   0x080002f0   0x0000003c   Code   RO          450    i.EEWrite           ieeprom.o
    0x0800032c   0x0800032c   0x0000000c   Code   RO         1119    i.FLASH_ClearFlag   stm32l1xx_flash.o
    0x08000338   0x08000338   0x00000044   Code   RO         1120    i.FLASH_ErasePage   stm32l1xx_flash.o
    0x0800037c   0x0800037c   0x00000022   Code   RO         1121    i.FLASH_FastProgramWord  stm32l1xx_flash.o
    0x0800039e   0x0800039e   0x00000002   PAD
    0x080003a0   0x080003a0   0x00000028   Code   RO         1123    i.FLASH_GetStatus   stm32l1xx_flash.o
    0x080003c8   0x080003c8   0x00000012   Code   RO          493    i.FLASH_If_Init     iflash.o
    0x080003da   0x080003da   0x00000002   PAD
    0x080003dc   0x080003dc   0x00000010   Code   RO         1125    i.FLASH_Lock        stm32l1xx_flash.o
    0x080003ec   0x080003ec   0x00000032   Code   RO          494    i.FLASH_Page_Erase  iflash.o
    0x0800041e   0x0800041e   0x00000002   PAD
    0x08000420   0x08000420   0x00000028   Code   RO         1152    i.FLASH_Unlock      stm32l1xx_flash.o
    0x08000448   0x08000448   0x0000003a   Code   RO         1153    i.FLASH_WaitForLastOperation  stm32l1xx_flash.o
    0x08000482   0x08000482   0x00000002   PAD
    0x08000484   0x08000484   0x00000054   Code   RO          385    i.GPIO_Configuration  gpio.o
    0x080004d8   0x080004d8   0x0000006e   Code   RO         1462    i.GPIO_Init         stm32l1xx_gpio.o
    0x08000546   0x08000546   0x00000020   Code   RO         1463    i.GPIO_PinAFConfig  stm32l1xx_gpio.o
    0x08000566   0x08000566   0x00000004   Code   RO         1469    i.GPIO_ResetBits    stm32l1xx_gpio.o
    0x0800056a   0x0800056a   0x00000004   Code   RO         1470    i.GPIO_SetBits      stm32l1xx_gpio.o
    0x0800056e   0x0800056e   0x00000002   PAD
    0x08000570   0x08000570   0x00000118   Code   RO          350    i.Get_SNInfo_Fun    modbus.o
    0x08000688   0x08000688   0x00000002   Code   RO          198    i.HardFault_Handler  stm32l1xx_it.o
    0x0800068a   0x0800068a   0x00000002   PAD
    0x0800068c   0x0800068c   0x00000068   Code   RO            4    i.Init_Hardware     main.o
    0x080006f4   0x080006f4   0x00000144   Code   RO            5    i.Init_Parameter    main.o
    0x08000838   0x08000838   0x00000040   Code   RO            6    i.Init_SysTick      main.o
    0x08000878   0x08000878   0x00000002   Code   RO          199    i.MemManage_Handler  stm32l1xx_it.o
    0x0800087a   0x0800087a   0x00000002   Code   RO          200    i.NMI_Handler       stm32l1xx_it.o
    0x0800087c   0x0800087c   0x00000064   Code   RO          676    i.NVIC_Init         misc.o
    0x080008e0   0x080008e0   0x00000014   Code   RO          677    i.NVIC_PriorityGroupConfig  misc.o
    0x080008f4   0x080008f4   0x00000020   Code   RO            7    i.NVIC_SetPriority  main.o
    0x08000914   0x08000914   0x00000002   Code   RO          201    i.PendSV_Handler    stm32l1xx_it.o
    0x08000916   0x08000916   0x00000002   PAD
    0x08000918   0x08000918   0x00000018   Code   RO         1775    i.RCC_AHBPeriphClockCmd  stm32l1xx_rcc.o
    0x08000930   0x08000930   0x00000018   Code   RO         1778    i.RCC_APB1PeriphClockCmd  stm32l1xx_rcc.o
    0x08000948   0x08000948   0x00000018   Code   RO         1781    i.RCC_APB2PeriphClockCmd  stm32l1xx_rcc.o
    0x08000960   0x08000960   0x000000a8   Code   RO         1790    i.RCC_GetClocksFreq  stm32l1xx_rcc.o
    0x08000a08   0x08000a08   0x00000058   Code   RO          295    i.Re_BootLoader_Info  iap.o
    0x08000a60   0x08000a60   0x00000064   Code   RO          296    i.Re_BootLoader_Update  iap.o
    0x08000ac4   0x08000ac4   0x00000002   Code   RO          202    i.SVC_Handler       stm32l1xx_it.o
    0x08000ac6   0x08000ac6   0x00000002   PAD
    0x08000ac8   0x08000ac8   0x000000c4   Code   RO         2860    i.SetSysClock       system_stm32l1xx.o
    0x08000b8c   0x08000b8c   0x00000044   Code   RO          203    i.SysTick_Handler   stm32l1xx_it.o
    0x08000bd0   0x08000bd0   0x00000054   Code   RO         2862    i.SystemInit        system_stm32l1xx.o
    0x08000c24   0x08000c24   0x00000034   Code   RO          555    i.U485SendData      uart.o
    0x08000c58   0x08000c58   0x000000b8   Code   RO          556    i.UART1_Configuration  uart.o
    0x08000d10   0x08000d10   0x000000b4   Code   RO          558    i.UART3_Configuration  uart.o
    0x08000dc4   0x08000dc4   0x00000018   Code   RO          559    i.USART1_ClearBuf_Flag  uart.o
    0x08000ddc   0x08000ddc   0x0000001c   Code   RO          560    i.USART1_GetChar    uart.o
    0x08000df8   0x08000df8   0x0000002c   Code   RO          561    i.USART1_GetCharBlock  uart.o
    0x08000e24   0x08000e24   0x0000008c   Code   RO          204    i.USART1_IRQHandler  stm32l1xx_it.o
    0x08000eb0   0x08000eb0   0x00000080   Code   RO          205    i.USART2_IRQHandler  stm32l1xx_it.o
    0x08000f30   0x08000f30   0x00000080   Code   RO          206    i.USART3_IRQHandler  stm32l1xx_it.o
    0x08000fb0   0x08000fb0   0x00000006   Code   RO         2610    i.USART_ClearFlag   stm32l1xx_usart.o
    0x08000fb6   0x08000fb6   0x0000000c   Code   RO         2611    i.USART_ClearITPendingBit  stm32l1xx_usart.o
    0x08000fc2   0x08000fc2   0x00000014   Code   RO         2614    i.USART_Cmd         stm32l1xx_usart.o
    0x08000fd6   0x08000fd6   0x0000000e   Code   RO         2617    i.USART_GetFlagStatus  stm32l1xx_usart.o
    0x08000fe4   0x08000fe4   0x0000003e   Code   RO         2618    i.USART_GetITStatus  stm32l1xx_usart.o
    0x08001022   0x08001022   0x00000030   Code   RO         2620    i.USART_ITConfig    stm32l1xx_usart.o
    0x08001052   0x08001052   0x00000002   PAD
    0x08001054   0x08001054   0x000000a4   Code   RO         2621    i.USART_Init        stm32l1xx_usart.o
    0x080010f8   0x080010f8   0x00000030   Code   RO          567    i.USART_PutChar     uart.o
    0x08001128   0x08001128   0x00000022   Code   RO          568    i.USART_PutData     uart.o
    0x0800114a   0x0800114a   0x00000008   Code   RO         2628    i.USART_ReceiveData  stm32l1xx_usart.o
    0x08001152   0x08001152   0x00000008   Code   RO         2631    i.USART_SendData    stm32l1xx_usart.o
    0x0800115a   0x0800115a   0x00000002   PAD
    0x0800115c   0x0800115c   0x000006e4   Code   RO          297    i.Update_Firmware   iap.o
    0x08001840   0x08001840   0x00000002   Code   RO          207    i.UsageFault_Handler  stm32l1xx_it.o
    0x08001842   0x08001842   0x00000002   PAD
    0x08001844   0x08001844   0x000001e0   Code   RO          298    i.Wait_Commend      iap.o
    0x08001a24   0x08001a24   0x00000058   Code   RO          499    i.Write_4NByte_to_Flash  iflash.o
    0x08001a7c   0x08001a7c   0x00000020   Code   RO         3059    i.__0printf$5       mc_w.l(printf5.o)
    0x08001a9c   0x08001a9c   0x0000000e   Code   RO         3229    i.__scatterload_copy  mc_w.l(handlers.o)
    0x08001aaa   0x08001aaa   0x00000002   Code   RO         3230    i.__scatterload_null  mc_w.l(handlers.o)
    0x08001aac   0x08001aac   0x0000000e   Code   RO         3231    i.__scatterload_zeroinit  mc_w.l(handlers.o)
    0x08001aba   0x08001aba   0x00000002   PAD
    0x08001abc   0x08001abc   0x000002c0   Code   RO         3066    i._printf_core      mc_w.l(printf5.o)
    0x08001d7c   0x08001d7c   0x00000014   Code   RO          570    i.fputc             uart.o
    0x08001d90   0x08001d90   0x0000002c   Code   RO          299    i.iap_load_app      iap.o
    0x08001dbc   0x08001dbc   0x000000e4   Code   RO            8    i.main              main.o
    0x08001ea0   0x08001ea0   0x00000020   Data   RO          352    .constdata          modbus.o
    0x08001ec0   0x08001ec0   0x00000020   Data   RO         3227    Region$$Table       anon$$obj.o


    Execution Region RW_IRAM1 (Exec base: 0x20000000, Load base: 0x08001ee0, Size: 0x000018a0, Max: 0x00004000, ABSOLUTE)

    Exec Addr    Load Addr    Size         Type   Attr      Idx    E Section Name        Object

    0x20000000   0x08001ee0   0x0000000c   Data   RW           12    .data               main.o
    0x2000000c   0x08001eec   0x00000004   Data   RW          300    .data               iap.o
    0x20000010   0x08001ef0   0x00000001   Data   RW          353    .data               modbus.o
    0x20000011   0x08001ef1   0x00000001   Data   RW          354    .data               modbus.o
    0x20000012   0x08001ef2   0x00000001   Data   RW          355    .data               modbus.o
    0x20000013   0x08001ef3   0x00000004   Data   RW          573    .data               uart.o
    0x20000017   0x08001ef7   0x00000001   Data   RW          574    .data               uart.o
    0x20000018   0x08001ef8   0x00000001   Data   RW          575    .data               uart.o
    0x20000019   0x08001ef9   0x00000001   Data   RW          576    .data               uart.o
    0x2000001a   0x08001efa   0x00000001   Data   RW          577    .data               uart.o
    0x2000001b   0x08001efb   0x00000019   Data   RW         1813    .data               stm32l1xx_rcc.o
    0x20000034   0x08001f14   0x0000001d   Data   RW         2863    .data               system_stm32l1xx.o
    0x20000051   0x08001f31   0x00000003   PAD
    0x20000054   0x08001f34   0x00000004   Data   RW         3201    .data               mc_w.l(stdout.o)
    0x20000058        -       0x00000028   Zero   RW            9    .bss                main.o
    0x20000080        -       0x00000203   Zero   RW          351    .bss                modbus.o
    0x20000283   0x08001f38   0x00000001   PAD
    0x20000284        -       0x00000618   Zero   RW          571    .bss                uart.o
    0x2000089c   0x08001f38   0x00000004   PAD
    0x200008a0        -       0x00001000   Zero   RW         2914    STACK               startup_stm32l1xx_md.o


==============================================================================

Image component sizes


      Code (inc. data)   RO Data    RW Data    ZI Data      Debug   Object Name

        84         10          0          0          0     186981   gpio.o
      2506        808          0          4          0       5365   iap.o
       112          8          0          0          0       1275   ieeprom.o
       156         10          0          0          0       2400   iflash.o
       772        312          0         12         40     242095   main.o
       120         14          0          0          0     218387   misc.o
       334         82         32          3        515       2743   modbus.o
        36          8        244          0       4096        824   startup_stm32l1xx_md.o
       320         48          0          0          0       5821   stm32l1xx_flash.o
       150          0          0          0          0       2823   stm32l1xx_gpio.o
       480         86          0          0          0       5998   stm32l1xx_it.o
       240         30          0         25          0       4354   stm32l1xx_rcc.o
       342          6          0          0          0       6541   stm32l1xx_usart.o
       280         28          0         29          0       1801   system_stm32l1xx.o
       614         50          0          8       1560       7085   uart.o

    ----------------------------------------------------------------------
      6574       1500        308         84       6216     694493   Object Totals
         0          0         32          0          0          0   (incl. Generated)
        28          0          0          3          5          0   (incl. Padding)

    ----------------------------------------------------------------------

      Code (inc. data)   RO Data    RW Data    ZI Data      Debug   Library Member Name

         0          0          0          0          0          0   entry.o
         0          0          0          0          0          0   entry10a.o
         0          0          0          0          0          0   entry11a.o
         8          4          0          0          0          0   entry2.o
         4          0          0          0          0          0   entry5.o
         0          0          0          0          0          0   entry7b.o
         0          0          0          0          0          0   entry8b.o
         8          4          0          0          0          0   entry9a.o
        30          0          0          0          0          0   handlers.o
        36          8          0          0          0         68   init.o
        30          0          0          0          0         68   llshl.o
        32          0          0          0          0         68   llushr.o
        36          0          0          0          0        108   memseta.o
       736         56          0          0          0        184   printf5.o
         0          0          0          4          0          0   stdout.o
        98          0          0          0          0         92   uldiv.o

    ----------------------------------------------------------------------
      1022         72          0          4          0        588   Library Totals
         4          0          0          0          0          0   (incl. Padding)

    ----------------------------------------------------------------------

      Code (inc. data)   RO Data    RW Data    ZI Data      Debug   Library Name

      1018         72          0          4          0        588   mc_w.l

    ----------------------------------------------------------------------
      1022         72          0          4          0        588   Library Totals

    ----------------------------------------------------------------------

==============================================================================


      Code (inc. data)   RO Data    RW Data    ZI Data      Debug   

      7596       1572        308         88       6216     691593   Grand Totals
      7596       1572        308         88       6216     691593   ELF Image Totals
      7596       1572        308         88          0          0   ROM Totals

==============================================================================

    Total RO  Size (Code + RO Data)                 7904 (   7.72kB)
    Total RW  Size (RW Data + ZI Data)              6304 (   6.16kB)
    Total ROM Size (Code + RO Data + RW Data)       7992 (   7.80kB)

==============================================================================

